Component: ARM Compiler 5.05 update 1 (build 106) Tool: armlink [4d0efa]

==============================================================================

Section Cross References

    startup_stm32f407xx.o(STACK) refers (Special) to heapauxi.o(.text) for __use_two_region_memory
    startup_stm32f407xx.o(HEAP) refers (Special) to heapauxi.o(.text) for __use_two_region_memory
    startup_stm32f407xx.o(RESET) refers (Special) to heapauxi.o(.text) for __use_two_region_memory
    startup_stm32f407xx.o(RESET) refers to startup_stm32f407xx.o(STACK) for __initial_sp
    startup_stm32f407xx.o(RESET) refers to startup_stm32f407xx.o(.text) for Reset_Handler
    startup_stm32f407xx.o(RESET) refers to stm32f4xx_it.o(i.NMI_Handler) for NMI_Handler
    startup_stm32f407xx.o(RESET) refers to stm32f4xx_it.o(i.HardFault_Handler) for HardFault_Handler
    startup_stm32f407xx.o(RESET) refers to stm32f4xx_it.o(i.MemManage_Handler) for MemManage_Handler
    startup_stm32f407xx.o(RESET) refers to stm32f4xx_it.o(i.BusFault_Handler) for BusFault_Handler
    startup_stm32f407xx.o(RESET) refers to stm32f4xx_it.o(i.UsageFault_Handler) for UsageFault_Handler
    startup_stm32f407xx.o(RESET) refers to stm32f4xx_it.o(i.SVC_Handler) for SVC_Handler
    startup_stm32f407xx.o(RESET) refers to stm32f4xx_it.o(i.DebugMon_Handler) for DebugMon_Handler
    startup_stm32f407xx.o(RESET) refers to stm32f4xx_it.o(i.PendSV_Handler) for PendSV_Handler
    startup_stm32f407xx.o(RESET) refers to stm32f4xx_it.o(i.SysTick_Handler) for SysTick_Handler
    startup_stm32f407xx.o(RESET) refers to stm32f4xx_it.o(i.DMA1_Stream1_IRQHandler) for DMA1_Stream1_IRQHandler
    startup_stm32f407xx.o(RESET) refers to stm32f4xx_it.o(i.CAN1_RX0_IRQHandler) for CAN1_RX0_IRQHandler
    startup_stm32f407xx.o(RESET) refers to stm32f4xx_it.o(i.USART3_IRQHandler) for USART3_IRQHandler
    startup_stm32f407xx.o(RESET) refers to stm32f4xx_it.o(i.TIM6_DAC_IRQHandler) for TIM6_DAC_IRQHandler
    startup_stm32f407xx.o(RESET) refers to stm32f4xx_it.o(i.USART6_IRQHandler) for USART6_IRQHandler
    startup_stm32f407xx.o(.text) refers (Special) to heapauxi.o(.text) for __use_two_region_memory
    startup_stm32f407xx.o(.text) refers to system_stm32f4xx.o(i.SystemInit) for SystemInit
    startup_stm32f407xx.o(.text) refers to __main.o(!!!main) for __main
    startup_stm32f407xx.o(.text) refers to startup_stm32f407xx.o(HEAP) for Heap_Mem
    startup_stm32f407xx.o(.text) refers to startup_stm32f407xx.o(STACK) for Stack_Mem
    main.o(i.HAL_UART_RxCpltCallback) refers to strncmp.o(.text) for strncmp
    main.o(i.HAL_UART_RxCpltCallback) refers to atof.o(i.__hardfp_atof) for __hardfp_atof
    main.o(i.HAL_UART_RxCpltCallback) refers to d2f.o(x$fpl$d2f) for __aeabi_d2f
    main.o(i.HAL_UART_RxCpltCallback) refers to stm32f4xx_hal_uart.o(i.HAL_UART_Receive_IT) for HAL_UART_Receive_IT
    main.o(i.HAL_UART_RxCpltCallback) refers to main.o(.data) for usart6_rx_buffer
    main.o(i.HAL_UART_RxCpltCallback) refers to main.o(.bss) for pid_cmd_buffer
    main.o(i.HAL_UART_RxCpltCallback) refers to chassis_task_3.o(.bss) for pid_chassis
    main.o(i.HAL_UART_RxCpltCallback) refers to usart.o(.bss) for huart6
    main.o(i._Z18SystemClock_Configv) refers to rt_memclr_w.o(.text) for __aeabi_memclr4
    main.o(i._Z18SystemClock_Configv) refers to stm32f4xx_hal_rcc.o(i.HAL_RCC_OscConfig) for HAL_RCC_OscConfig
    main.o(i._Z18SystemClock_Configv) refers to main.o(i.Error_Handler) for Error_Handler
    main.o(i._Z18SystemClock_Configv) refers to stm32f4xx_hal_rcc.o(i.HAL_RCC_ClockConfig) for HAL_RCC_ClockConfig
    main.o(i._Z6_writeiPci) refers to stm32f4xx_hal_uart.o(i.HAL_UART_Transmit) for HAL_UART_Transmit
    main.o(i._Z6_writeiPci) refers to usart.o(.bss) for huart6
    main.o(i.main) refers to stm32f4xx_hal.o(i.HAL_Init) for HAL_Init
    main.o(i.main) refers to main.o(i._Z18SystemClock_Configv) for SystemClock_Config()
    main.o(i.main) refers to gpio.o(i.MX_GPIO_Init) for MX_GPIO_Init
    main.o(i.main) refers to dma.o(i.MX_DMA_Init) for MX_DMA_Init
    main.o(i.main) refers to adc.o(i.MX_ADC3_Init) for MX_ADC3_Init
    main.o(i.main) refers to can.o(i.MX_CAN1_Init) for MX_CAN1_Init
    main.o(i.main) refers to usart.o(i.MX_USART3_UART_Init) for MX_USART3_UART_Init
    main.o(i.main) refers to tim.o(i.MX_TIM6_Init) for MX_TIM6_Init
    main.o(i.main) refers to usart.o(i.MX_USART6_UART_Init) for MX_USART6_UART_Init
    main.o(i.main) refers to stm32f4xx_hal_uart.o(i.HAL_UART_Receive_IT) for HAL_UART_Receive_IT
    main.o(i.main) refers to drv_can_3.o(i._Z7rc_initv) for rc_init()
    main.o(i.main) refers to remote_3.o(i._Z7rc_initv) for rc_init()
    main.o(i.main) refers to drv_can_3.o(i._Z22CAN_Filter_Mask_ConfigP17CAN_HandleTypeDefhjj) for CAN_Filter_Mask_Config(CAN_HandleTypeDef*, unsigned char, unsigned, unsigned)
    main.o(i.main) refers to stm32f4xx_hal_can.o(i.HAL_CAN_Start) for HAL_CAN_Start
[...]
    stm32f4xx_hal_tim.o(.ARM.exidx) refers to stm32f4xx_hal_tim.o(i.HAL_TIM_Base_Stop_IT) for i.HAL_TIM_Base_Stop_IT
    stm32f4xx_hal_tim.o(.ARM.exidx) refers to stm32f4xx_hal_tim.o(i.HAL_TIM_ErrorCallback) for i.HAL_TIM_ErrorCallback
    stm32f4xx_hal_tim.o(.ARM.exidx) refers to stm32f4xx_hal_tim.o(i.TIM_DMAError) for i.TIM_DMAError
    stm32f4xx_hal_tim.o(.ARM.exidx) refers to stm32f4xx_hal_tim.o(i.HAL_TIM_PeriodElapsedHalfCpltCallback) for i.HAL_TIM_PeriodElapsedHalfCpltCallback
    stm32f4xx_hal_tim.o(.ARM.exidx) refers to stm32f4xx_hal_tim.o(i._ZN41_INTERNAL_19_stm32f4xx_hal_tim_c_a9d95b5228TIM_DMAPeriodElapsedHalfCpltEP19__DMA_HandleTypeDef) for i._ZN41_INTERNAL_19_stm32f4xx_hal_tim_c_a9d95b5228TIM_DMAPeriodElapsedHalfCpltEP19__DMA_HandleTypeDef
    stm32f4xx_hal_tim.o(.ARM.exidx) refers to stm32f4xx_hal_tim.o(i.HAL_TIM_PeriodElapsedCallback) for i.HAL_TIM_PeriodElapsedCallback
    stm32f4xx_hal_tim.o(.ARM.exidx) refers to stm32f4xx_hal_tim.o(i._ZN41_INTERNAL_19_stm32f4xx_hal_tim_c_a9d95b5224TIM_DMAPeriodElapsedCpltEP19__DMA_HandleTypeDef) for i._ZN41_INTERNAL_19_stm32f4xx_hal_tim_c_a9d95b5224TIM_DMAPeriodElapsedCpltEP19__DMA_HandleTypeDef
    stm32f4xx_hal_tim.o(.ARM.exidx) refers to stm32f4xx_hal_tim.o(i.HAL_TIM_Base_Start_DMA) for i.HAL_TIM_Base_Start_DMA
    stm32f4xx_hal_tim.o(.ARM.exidx) refers to stm32f4xx_hal_tim.o(i.HAL_TIM_Base_Stop_DMA) for i.HAL_TIM_Base_Stop_DMA
    stm32f4xx_hal_tim.o(.ARM.exidx) refers to stm32f4xx_hal_tim.o(i.HAL_TIM_OC_MspInit) for i.HAL_TIM_OC_MspInit
    stm32f4xx_hal_tim.o(.ARM.exidx) refers to stm32f4xx_hal_tim.o(i.HAL_TIM_OC_Init) for i.HAL_TIM_OC_Init
    stm32f4xx_hal_tim.o(.ARM.exidx) refers to stm32f4xx_hal_tim.o(i.HAL_TIM_OC_MspDeInit) for i.HAL_TIM_OC_MspDeInit
    stm32f4xx_hal_tim.o(.ARM.exidx) refers to stm32f4xx_hal_tim.o(i.HAL_TIM_OC_DeInit) for i.HAL_TIM_OC_DeInit
    stm32f4xx_hal_tim.o(.ARM.exidx) refers to stm32f4xx_hal_tim.o(i.TIM_CCxChannelCmd) for i.TIM_CCxChannelCmd
    stm32f4xx_hal_tim.o(.ARM.exidx) refers to stm32f4xx_hal_tim.o(i.HAL_TIM_OC_Start) for i.HAL_TIM_OC_Start
    stm32f4xx_hal_tim.o(.ARM.exidx) refers to stm32f4xx_hal_tim.o(i.HAL_TIM_OC_Stop) for i.HAL_TIM_OC_Stop
    stm32f4xx_hal_tim.o(.ARM.exidx) refers to stm32f4xx_hal_tim.o(i.HAL_TIM_OC_Start_IT) for i.HAL_TIM_OC_Start_IT
    stm32f4xx_hal_tim.o(.ARM.exidx) refers to stm32f4xx_hal_tim.o(i.HAL_TIM_OC_Stop_IT) for i.HAL_TIM_OC_Stop_IT
    stm32f4xx_hal_tim.o(.ARM.exidx) refers to stm32f4xx_hal_tim.o(i.HAL_TIM_PWM_PulseFinishedHalfCpltCallback) for i.HAL_TIM_PWM_PulseFinishedHalfCpltCallback
    stm32f4xx_hal_tim.o(.ARM.exidx) refers to stm32f4xx_hal_tim.o(i.TIM_DMADelayPulseHalfCplt) for i.TIM_DMADelayPulseHalfCplt
    stm32f4xx_hal_tim.o(.ARM.exidx) refers to stm32f4xx_hal_tim.o(i.HAL_TIM_PWM_PulseFinishedCallback) for i.HAL_TIM_PWM_PulseFinishedCallback
    stm32f4xx_hal_tim.o(.ARM.exidx) refers to stm32f4xx_hal_tim.o(i._ZN41_INTERNAL_19_stm32f4xx_hal_tim_c_a9d95b5221TIM_DMADelayPulseCpltEP19__DMA_HandleTypeDef) for i._ZN41_INTERNAL_19_stm32f4xx_hal_tim_c_a9d95b5221TIM_DMADelayPulseCpltEP19__DMA_HandleTypeDef
    stm32f4xx_hal_tim.o(.ARM.exidx) refers to stm32f4xx_hal_tim.o(i.HAL_TIM_OC_Start_DMA) for i.HAL_TIM_OC_Start_DMA
    stm32f4xx_hal_tim.o(.ARM.exidx) refers to stm32f4xx_hal_tim.o(i.HAL_TIM_OC_Stop_DMA) for i.HAL_TIM_OC_Stop_DMA
    stm32f4xx_hal_tim.o(.ARM.exidx) refers to stm32f4xx_hal_tim.o(i.HAL_TIM_PWM_MspInit) for i.HAL_TIM_PWM_MspInit
    stm32f4xx_hal_tim.o(.ARM.exidx) refers to stm32f4xx_hal_tim.o(i.HAL_TIM_PWM_Init) for i.HAL_TIM_PWM_Init
    stm32f4xx_hal_tim.o(.ARM.exidx) refers to stm32f4xx_hal_tim.o(i.HAL_TIM_PWM_MspDeInit) for i.HAL_TIM_PWM_MspDeInit
    stm32f4xx_hal_tim.o(.ARM.exidx) refers to stm32f4xx_hal_tim.o(i.HAL_TIM_PWM_DeInit) for i.HAL_TIM_PWM_DeInit
    stm32f4xx_hal_tim.o(.ARM.exidx) refers to stm32f4xx_hal_tim.o(i.HAL_TIM_PWM_Start) for i.HAL_TIM_PWM_Start
    stm32f4xx_hal_tim.o(.ARM.exidx) refers to stm32f4xx_hal_tim.o(i.HAL_TIM_PWM_Stop) for i.HAL_TIM_PWM_Stop
    stm32f4xx_hal_tim.o(.ARM.exidx) refers to stm32f4xx_hal_tim.o(i.HAL_TIM_PWM_Start_IT) for i.HAL_TIM_PWM_Start_IT
    stm32f4xx_hal_tim.o(.ARM.exidx) refers to stm32f4xx_hal_tim.o(i.HAL_TIM_PWM_Stop_IT) for i.HAL_TIM_PWM_Stop_IT
    stm32f4xx_hal_tim.o(.ARM.exidx) refers to stm32f4xx_hal_tim.o(i.HAL_TIM_PWM_Start_DMA) for i.HAL_TIM_PWM_Start_DMA
    stm32f4xx_hal_tim.o(.ARM.exidx) refers to stm32f4xx_hal_tim.o(i.HAL_TIM_PWM_Stop_DMA) for i.HAL_TIM_PWM_Stop_DMA
    stm32f4xx_hal_tim.o(.ARM.exidx) refers to stm32f4xx_hal_tim.o(i.HAL_TIM_IC_MspInit) for i.HAL_TIM_IC_MspInit
    stm32f4xx_hal_tim.o(.ARM.exidx) refers to stm32f4xx_hal_tim.o(i.HAL_TIM_IC_Init) for i.HAL_TIM_IC_Init
    stm32f4xx_hal_tim.o(.ARM.exidx) refers to stm32f4xx_hal_tim.o(i.HAL_TIM_IC_MspDeInit) for i.HAL_TIM_IC_MspDeInit
    stm32f4xx_hal_tim.o(.ARM.exidx) refers to stm32f4xx_hal_tim.o(i.HAL_TIM_IC_DeInit) for i.HAL_TIM_IC_DeInit
    stm32f4xx_hal_tim.o(.ARM.exidx) refers to stm32f4xx_hal_tim.o(i.HAL_TIM_IC_Start) for i.HAL_TIM_IC_Start
    stm32f4xx_hal_tim.o(.ARM.exidx) refers to stm32f4xx_hal_tim.o(i.HAL_TIM_IC_Stop) for i.HAL_TIM_IC_Stop
    stm32f4xx_hal_tim.o(.ARM.exidx) refers to stm32f4xx_hal_tim.o(i.HAL_TIM_IC_Start_IT) for i.HAL_TIM_IC_Start_IT
    stm32f4xx_hal_tim.o(.ARM.exidx) refers to stm32f4xx_hal_tim.o(i.HAL_TIM_IC_Stop_IT) for i.HAL_TIM_IC_Stop_IT
    stm32f4xx_hal_tim.o(.ARM.exidx) refers to stm32f4xx_hal_tim.o(i.HAL_TIM_IC_CaptureHalfCpltCallback) for i.HAL_TIM_IC_CaptureHalfCpltCallback
    stm32f4xx_hal_tim.o(.ARM.exidx) refers to stm32f4xx_hal_tim.o(i.TIM_DMACaptureHalfCplt) for i.TIM_DMACaptureHalfCplt
    stm32f4xx_hal_tim.o(.ARM.exidx) refers to stm32f4xx_hal_tim.o(i.HAL_TIM_IC_CaptureCallback) for i.HAL_TIM_IC_CaptureCallback
    stm32f4xx_hal_tim.o(.ARM.exidx) refers to stm32f4xx_hal_tim.o(i.TIM_DMACaptureCplt) for i.TIM_DMACaptureCplt
    stm32f4xx_hal_tim.o(.ARM.exidx) refers to stm32f4xx_hal_tim.o(i.HAL_TIM_IC_Start_DMA) for i.HAL_TIM_IC_Start_DMA
    stm32f4xx_hal_tim.o(.ARM.exidx) refers to stm32f4xx_hal_tim.o(i.HAL_TIM_IC_Stop_DMA) for i.HAL_TIM_IC_Stop_DMA
    stm32f4xx_hal_tim.o(.ARM.exidx) refers to stm32f4xx_hal_tim.o(i.HAL_TIM_OnePulse_MspInit) for i.HAL_TIM_OnePulse_MspInit
    stm32f4xx_hal_tim.o(.ARM.exidx) refers to stm32f4xx_hal_tim.o(i.HAL_TIM_OnePulse_Init) for i.HAL_TIM_OnePulse_Init
    stm32f4xx_hal_tim.o(.ARM.exidx) refers to stm32f4xx_hal_tim.o(i.HAL_TIM_OnePulse_MspDeInit) for i.HAL_TIM_OnePulse_MspDeInit
    stm32f4xx_hal_tim.o(.ARM.exidx) refers to stm32f4xx_hal_tim.o(i.HAL_TIM_OnePulse_DeInit) for i.HAL_TIM_OnePulse_DeInit
    stm32f4xx_hal_tim.o(.ARM.exidx) refers to stm32f4xx_hal_tim.o(i.HAL_TIM_OnePulse_Start) for i.HAL_TIM_OnePulse_Start
    stm32f4xx_hal_tim.o(.ARM.exidx) refers to stm32f4xx_hal_tim.o(i.HAL_TIM_OnePulse_Stop) for i.HAL_TIM_OnePulse_Stop
    stm32f4xx_hal_tim.o(.ARM.exidx) refers to stm32f4xx_hal_tim.o(i.HAL_TIM_OnePulse_Start_IT) for i.HAL_TIM_OnePulse_Start_IT
    stm32f4xx_hal_tim.o(.ARM.exidx) refers to stm32f4xx_hal_tim.o(i.HAL_TIM_OnePulse_Stop_IT) for i.HAL_TIM_OnePulse_Stop_IT
    stm32f4xx_hal_tim.o(.ARM.exidx) refers to stm32f4xx_hal_tim.o(i.HAL_TIM_Encoder_MspInit) for i.HAL_TIM_Encoder_MspInit
    stm32f4xx_hal_tim.o(.ARM.exidx) refers to stm32f4xx_hal_tim.o(i.HAL_TIM_Encoder_Init) for i.HAL_TIM_Encoder_Init
    stm32f4xx_hal_tim.o(.ARM.exidx) refers to stm32f4xx_hal_tim.o(i.HAL_TIM_Encoder_MspDeInit) for i.HAL_TIM_Encoder_MspDeInit
    stm32f4xx_hal_tim.o(.ARM.exidx) refers to stm32f4xx_hal_tim.o(i.HAL_TIM_Encoder_DeInit) for i.HAL_TIM_Encoder_DeInit
    stm32f4xx_hal_tim.o(.ARM.exidx) refers to stm32f4xx_hal_tim.o(i.HAL_TIM_Encoder_Start) for i.HAL_TIM_Encoder_Start
    stm32f4xx_hal_tim.o(.ARM.exidx) refers to stm32f4xx_hal_tim.o(i.HAL_TIM_Encoder_Stop) for i.HAL_TIM_Encoder_Stop
    stm32f4xx_hal_tim.o(.ARM.exidx) refers to stm32f4xx_hal_tim.o(i.HAL_TIM_Encoder_Start_IT) for i.HAL_TIM_Encoder_Start_IT
    stm32f4xx_hal_tim.o(.ARM.exidx) refers to stm32f4xx_hal_tim.o(i.HAL_TIM_Encoder_Stop_IT) for i.HAL_TIM_Encoder_Stop_IT
    stm32f4xx_hal_tim.o(.ARM.exidx) refers to stm32f4xx_hal_tim.o(i.HAL_TIM_Encoder_Start_DMA) for i.HAL_TIM_Encoder_Start_DMA
    stm32f4xx_hal_tim.o(.ARM.exidx) refers to stm32f4xx_hal_tim.o(i.HAL_TIM_Encoder_Stop_DMA) for i.HAL_TIM_Encoder_Stop_DMA
    stm32f4xx_hal_tim.o(.ARM.exidx) refers to stm32f4xx_hal_tim.o(i.HAL_TIM_TriggerCallback) for i.HAL_TIM_TriggerCallback
    stm32f4xx_hal_tim.o(.ARM.exidx) refers to stm32f4xx_hal_tim.o(i.HAL_TIM_OC_DelayElapsedCallback) for i.HAL_TIM_OC_DelayElapsedCallback
    stm32f4xx_hal_tim.o(.ARM.exidx) refers to stm32f4xx_hal_tim.o(i.HAL_TIM_IRQHandler) for i.HAL_TIM_IRQHandler
    stm32f4xx_hal_tim.o(.ARM.exidx) refers to stm32f4xx_hal_tim.o(i._ZN41_INTERNAL_19_stm32f4xx_hal_tim_c_a9d95b5217TIM_OC4_SetConfigEP11TIM_TypeDefPK18TIM_OC_InitTypeDef) for i._ZN41_INTERNAL_19_stm32f4xx_hal_tim_c_a9d95b5217TIM_OC4_SetConfigEP11TIM_TypeDefPK18TIM_OC_InitTypeDef
    stm32f4xx_hal_tim.o(.ARM.exidx) refers to stm32f4xx_hal_tim.o(i._ZN41_INTERNAL_19_stm32f4xx_hal_tim_c_a9d95b5217TIM_OC3_SetConfigEP11TIM_TypeDefPK18TIM_OC_InitTypeDef) for i._ZN41_INTERNAL_19_stm32f4xx_hal_tim_c_a9d95b5217TIM_OC3_SetConfigEP11TIM_TypeDefPK18TIM_OC_InitTypeDef
    stm32f4xx_hal_tim.o(.ARM.exidx) refers to stm32f4xx_hal_tim.o(i.TIM_OC2_SetConfig) for i.TIM_OC2_SetConfig
    stm32f4xx_hal_tim.o(.ARM.exidx) refers to stm32f4xx_hal_tim.o(i._ZN41_INTERNAL_19_stm32f4xx_hal_tim_c_a9d95b5217TIM_OC1_SetConfigEP11TIM_TypeDefPK18TIM_OC_InitTypeDef) for i._ZN41_INTERNAL_19_stm32f4xx_hal_tim_c_a9d95b5217TIM_OC1_SetConfigEP11TIM_TypeDefPK18TIM_OC_InitTypeDef
    stm32f4xx_hal_tim.o(.ARM.exidx) refers to stm32f4xx_hal_tim.o(i.HAL_TIM_OC_ConfigChannel) for i.HAL_TIM_OC_ConfigChannel
    stm32f4xx_hal_tim.o(.ARM.exidx) refers to stm32f4xx_hal_tim.o(i._ZN41_INTERNAL_19_stm32f4xx_hal_tim_c_a9d95b5217TIM_TI4_SetConfigEP11TIM_TypeDefjjj) for i._ZN41_INTERNAL_19_stm32f4xx_hal_tim_c_a9d95b5217TIM_TI4_SetConfigEP11TIM_TypeDefjjj
    stm32f4xx_hal_tim.o(.ARM.exidx) refers to stm32f4xx_hal_tim.o(i._ZN41_INTERNAL_19_stm32f4xx_hal_tim_c_a9d95b5217TIM_TI3_SetConfigEP11TIM_TypeDefjjj) for i._ZN41_INTERNAL_19_stm32f4xx_hal_tim_c_a9d95b5217TIM_TI3_SetConfigEP11TIM_TypeDefjjj
    stm32f4xx_hal_tim.o(.ARM.exidx) refers to stm32f4xx_hal_tim.o(i._ZN41_INTERNAL_19_stm32f4xx_hal_tim_c_a9d95b5217TIM_TI2_SetConfigEP11TIM_TypeDefjjj) for i._ZN41_INTERNAL_19_stm32f4xx_hal_tim_c_a9d95b5217TIM_TI2_SetConfigEP11TIM_TypeDefjjj
    stm32f4xx_hal_tim.o(.ARM.exidx) refers to stm32f4xx_hal_tim.o(i.TIM_TI1_SetConfig) for i.TIM_TI1_SetConfig
    stm32f4xx_hal_tim.o(.ARM.exidx) refers to stm32f4xx_hal_tim.o(i.HAL_TIM_IC_ConfigChannel) for i.HAL_TIM_IC_ConfigChannel
    stm32f4xx_hal_tim.o(.ARM.exidx) refers to stm32f4xx_hal_tim.o(i.HAL_TIM_PWM_ConfigChannel) for i.HAL_TIM_PWM_ConfigChannel
    stm32f4xx_hal_tim.o(.ARM.exidx) refers to stm32f4xx_hal_tim.o(i.HAL_TIM_OnePulse_ConfigChannel) for i.HAL_TIM_OnePulse_ConfigChannel
    stm32f4xx_hal_tim.o(.ARM.exidx) refers to stm32f4xx_hal_tim.o(i.HAL_TIM_TriggerHalfCpltCallback) for i.HAL_TIM_TriggerHalfCpltCallback
    stm32f4xx_hal_tim.o(.ARM.exidx) refers to stm32f4xx_hal_tim.o(i._ZN41_INTERNAL_19_stm32f4xx_hal_tim_c_a9d95b5222TIM_DMATriggerHalfCpltEP19__DMA_HandleTypeDef) for i._ZN41_INTERNAL_19_stm32f4xx_hal_tim_c_a9d95b5222TIM_DMATriggerHalfCpltEP19__DMA_HandleTypeDef
    stm32f4xx_hal_tim.o(.ARM.exidx) refers to stm32f4xx_hal_tim.o(i._ZN41_INTERNAL_19_stm32f4xx_hal_tim_c_a9d95b5218TIM_DMATriggerCpltEP19__DMA_HandleTypeDef) for i._ZN41_INTERNAL_19_stm32f4xx_hal_tim_c_a9d95b5218TIM_DMATriggerCpltEP19__DMA_HandleTypeDef
    stm32f4xx_hal_tim.o(.ARM.exidx) refers to stm32f4xx_hal_tim.o(i.HAL_TIM_DMABurst_MultiWriteStart) for i.HAL_TIM_DMABurst_MultiWriteStart
    stm32f4xx_hal_tim.o(.ARM.exidx) refers to stm32f4xx_hal_tim.o(i.HAL_TIM_DMABurst_WriteStart) for i.HAL_TIM_DMABurst_WriteStart
    stm32f4xx_hal_tim.o(.ARM.exidx) refers to stm32f4xx_hal_tim.o(i.HAL_TIM_DMABurst_WriteStop) for i.HAL_TIM_DMABurst_WriteStop
    stm32f4xx_hal_tim.o(.ARM.exidx) refers to stm32f4xx_hal_tim.o(i.HAL_TIM_DMABurst_MultiReadStart) for i.HAL_TIM_DMABurst_MultiReadStart
    stm32f4xx_hal_tim.o(.ARM.exidx) refers to stm32f4xx_hal_tim.o(i.HAL_TIM_DMABurst_ReadStart) for i.HAL_TIM_DMABurst_ReadStart
    stm32f4xx_hal_tim.o(.ARM.exidx) refers to stm32f4xx_hal_tim.o(i.HAL_TIM_DMABurst_ReadStop) for i.HAL_TIM_DMABurst_ReadStop
    stm32f4xx_hal_tim.o(.ARM.exidx) refers to stm32f4xx_hal_tim.o(i.HAL_TIM_GenerateEvent) for i.HAL_TIM_GenerateEvent
    stm32f4xx_hal_tim.o(.ARM.exidx) refers to stm32f4xx_hal_tim.o(i.TIM_ETR_SetConfig) for i.TIM_ETR_SetConfig
    stm32f4xx_hal_tim.o(.ARM.exidx) refers to stm32f4xx_hal_tim.o(i.HAL_TIM_ConfigOCrefClear) for i.HAL_TIM_ConfigOCrefClear
    stm32f4xx_hal_tim.o(.ARM.exidx) refers to stm32f4xx_hal_tim.o(i._ZN41_INTERNAL_19_stm32f4xx_hal_tim_c_a9d95b5218TIM_ITRx_SetConfigEP11TIM_TypeDefj) for i._ZN41_INTERNAL_19_stm32f4xx_hal_tim_c_a9d95b5218TIM_ITRx_SetConfigEP11TIM_TypeDefj
    stm32f4xx_hal_tim.o(.ARM.exidx) refers to stm32f4xx_hal_tim.o(i._ZN41_INTERNAL_19_stm32f4xx_hal_tim_c_a9d95b5224TIM_TI1_ConfigInputStageEP11TIM_TypeDefjj) for i._ZN41_INTERNAL_19_stm32f4xx_hal_tim_c_a9d95b5224TIM_TI1_ConfigInputStageEP11TIM_TypeDefjj
    stm32f4xx_hal_tim.o(.ARM.exidx) refers to stm32f4xx_hal_tim.o(i._ZN41_INTERNAL_19_stm32f4xx_hal_tim_c_a9d95b5224TIM_TI2_ConfigInputStageEP11TIM_TypeDefjj) for i._ZN41_INTERNAL_19_stm32f4xx_hal_tim_c_a9d95b5224TIM_TI2_ConfigInputStageEP11TIM_TypeDefjj
    stm32f4xx_hal_tim.o(.ARM.exidx) refers to stm32f4xx_hal_tim.o(i.HAL_TIM_ConfigClockSource) for i.HAL_TIM_ConfigClockSource
    stm32f4xx_hal_tim.o(.ARM.exidx) refers to stm32f4xx_hal_tim.o(i.HAL_TIM_ConfigTI1Input) for i.HAL_TIM_ConfigTI1Input
    stm32f4xx_hal_tim.o(.ARM.exidx) refers to stm32f4xx_hal_tim.o(i._ZN41_INTERNAL_19_stm32f4xx_hal_tim_c_a9d95b5224TIM_SlaveTimer_SetConfigEP17TIM_HandleTypeDefPK22TIM_SlaveConfigTypeDef) for i._ZN41_INTERNAL_19_stm32f4xx_hal_tim_c_a9d95b5224TIM_SlaveTimer_SetConfigEP17TIM_HandleTypeDefPK22TIM_SlaveConfigTypeDef
    stm32f4xx_hal_tim.o(.ARM.exidx) refers to stm32f4xx_hal_tim.o(i.HAL_TIM_SlaveConfigSynchro) for i.HAL_TIM_SlaveConfigSynchro
    stm32f4xx_hal_tim.o(.ARM.exidx) refers to stm32f4xx_hal_tim.o(i.HAL_TIM_SlaveConfigSynchro_IT) for i.HAL_TIM_SlaveConfigSynchro_IT
    stm32f4xx_hal_tim.o(.ARM.exidx) refers to stm32f4xx_hal_tim.o(i.HAL_TIM_ReadCapturedValue) for i.HAL_TIM_ReadCapturedValue
    stm32f4xx_hal_tim.o(.ARM.exidx) refers to stm32f4xx_hal_tim.o(i.HAL_TIM_Base_GetState) for i.HAL_TIM_Base_GetState
    stm32f4xx_hal_tim.o(.ARM.exidx) refers to stm32f4xx_hal_tim.o(i.HAL_TIM_OC_GetState) for i.HAL_TIM_OC_GetState
    stm32f4xx_hal_tim.o(.ARM.exidx) refers to stm32f4xx_hal_tim.o(i.HAL_TIM_PWM_GetState) for i.HAL_TIM_PWM_GetState
    stm32f4xx_hal_tim.o(.ARM.exidx) refers to stm32f4xx_hal_tim.o(i.HAL_TIM_IC_GetState) for i.HAL_TIM_IC_GetState
    stm32f4xx_hal_tim.o(.ARM.exidx) refers to stm32f4xx_hal_tim.o(i.HAL_TIM_OnePulse_GetState) for i.HAL_TIM_OnePulse_GetState
    stm32f4xx_hal_tim.o(.ARM.exidx) refers to stm32f4xx_hal_tim.o(i.HAL_TIM_Encoder_GetState) for i.HAL_TIM_Encoder_GetState
    stm32f4xx_hal_tim.o(.ARM.exidx) refers to stm32f4xx_hal_tim.o(i.HAL_TIM_GetActiveChannel) for i.HAL_TIM_GetActiveChannel
    stm32f4xx_hal_tim.o(.ARM.exidx) refers to stm32f4xx_hal_tim.o(i.HAL_TIM_GetChannelState) for i.HAL_TIM_GetChannelState
    stm32f4xx_hal_tim.o(.ARM.exidx) refers to stm32f4xx_hal_tim.o(i.HAL_TIM_DMABurstState) for i.HAL_TIM_DMABurstState
    stm32f4xx_hal_tim_ex.o(i.HAL_TIMEx_ConfigCommutEvent_DMA) refers to stm32f4xx_hal_tim_ex.o(i.TIMEx_DMACommutationCplt) for TIMEx_DMACommutationCplt
    stm32f4xx_hal_tim_ex.o(i.HAL_TIMEx_ConfigCommutEvent_DMA) refers to stm32f4xx_hal_tim_ex.o(i.TIMEx_DMACommutationHalfCplt) for TIMEx_DMACommutationHalfCplt
    stm32f4xx_hal_tim_ex.o(i.HAL_TIMEx_ConfigCommutEvent_DMA) refers to stm32f4xx_hal_tim.o(i.TIM_DMAError) for TIM_DMAError
    stm32f4xx_hal_tim_ex.o(i.HAL_TIMEx_HallSensor_DeInit) refers to stm32f4xx_hal_tim_ex.o(i.HAL_TIMEx_HallSensor_MspDeInit) for HAL_TIMEx_HallSensor_MspDeInit
    stm32f4xx_hal_tim_ex.o(i.HAL_TIMEx_HallSensor_Init) refers to stm32f4xx_hal_tim_ex.o(i.HAL_TIMEx_HallSensor_MspInit) for HAL_TIMEx_HallSensor_MspInit
    stm32f4xx_hal_tim_ex.o(i.HAL_TIMEx_HallSensor_Init) refers to stm32f4xx_hal_tim.o(i.TIM_Base_SetConfig) for TIM_Base_SetConfig
    stm32f4xx_hal_tim_ex.o(i.HAL_TIMEx_HallSensor_Init) refers to stm32f4xx_hal_tim.o(i.TIM_TI1_SetConfig) for TIM_TI1_SetConfig
    stm32f4xx_hal_tim_ex.o(i.HAL_TIMEx_HallSensor_Init) refers to stm32f4xx_hal_tim.o(i.TIM_OC2_SetConfig) for TIM_OC2_SetConfig
    stm32f4xx_hal_tim_ex.o(i.HAL_TIMEx_HallSensor_Start) refers to stm32f4xx_hal_tim.o(i.TIM_CCxChannelCmd) for TIM_CCxChannelCmd
    stm32f4xx_hal_tim_ex.o(i.HAL_TIMEx_HallSensor_Start_DMA) refers to stm32f4xx_hal_tim.o(i.TIM_CCxChannelCmd) for TIM_CCxChannelCmd
    stm32f4xx_hal_tim_ex.o(i.HAL_TIMEx_HallSensor_Start_DMA) refers to stm32f4xx_hal_dma.o(i.HAL_DMA_Start_IT) for HAL_DMA_Start_IT
    stm32f4xx_hal_tim_ex.o(i.HAL_TIMEx_HallSensor_Start_DMA) refers to stm32f4xx_hal_tim.o(i.TIM_DMACaptureCplt) for TIM_DMACaptureCplt
    stm32f4xx_hal_tim_ex.o(i.HAL_TIMEx_HallSensor_Start_DMA) refers to stm32f4xx_hal_tim.o(i.TIM_DMACaptureHalfCplt) for TIM_DMACaptureHalfCplt
    stm32f4xx_hal_tim_ex.o(i.HAL_TIMEx_HallSensor_Start_DMA) refers to stm32f4xx_hal_tim.o(i.TIM_DMAError) for TIM_DMAError
    stm32f4xx_hal_tim_ex.o(i.HAL_TIMEx_HallSensor_Start_IT) refers to stm32f4xx_hal_tim.o(i.TIM_CCxChannelCmd) for TIM_CCxChannelCmd
    stm32f4xx_hal_tim_ex.o(i.HAL_TIMEx_HallSensor_Stop) refers to stm32f4xx_hal_tim.o(i.TIM_CCxChannelCmd) for TIM_CCxChannelCmd
    stm32f4xx_hal_tim_ex.o(i.HAL_TIMEx_HallSensor_Stop_DMA) refers to stm32f4xx_hal_tim.o(i.TIM_CCxChannelCmd) for TIM_CCxChannelCmd
    stm32f4xx_hal_tim_ex.o(i.HAL_TIMEx_HallSensor_Stop_DMA) refers to stm32f4xx_hal_dma.o(i.HAL_DMA_Abort_IT) for HAL_DMA_Abort_IT
    stm32f4xx_hal_tim_ex.o(i.HAL_TIMEx_HallSensor_Stop_IT) refers to stm32f4xx_hal_tim.o(i.TIM_CCxChannelCmd) for TIM_CCxChannelCmd
    stm32f4xx_hal_tim_ex.o(i.HAL_TIMEx_OCN_Start) refers to stm32f4xx_hal_tim_ex.o(i._ZN44_INTERNAL_22_stm32f4xx_hal_tim_ex_c_e8ef392018TIM_CCxNChannelCmdEP11TIM_TypeDefjj) for [local to stm32f4xx_hal_tim_ex_c]::TIM_CCxNChannelCmd(TIM_TypeDef*, unsigned, unsigned)
    stm32f4xx_hal_tim_ex.o(i.HAL_TIMEx_OCN_Start_DMA) refers to stm32f4xx_hal_dma.o(i.HAL_DMA_Start_IT) for HAL_DMA_Start_IT
    stm32f4xx_hal_tim_ex.o(i.HAL_TIMEx_OCN_Start_DMA) refers to stm32f4xx_hal_tim_ex.o(i._ZN44_INTERNAL_22_stm32f4xx_hal_tim_ex_c_e8ef392018TIM_CCxNChannelCmdEP11TIM_TypeDefjj) for [local to stm32f4xx_hal_tim_ex_c]::TIM_CCxNChannelCmd(TIM_TypeDef*, unsigned, unsigned)
    stm32f4xx_hal_tim_ex.o(i.HAL_TIMEx_OCN_Start_DMA) refers to stm32f4xx_hal_tim_ex.o(i._ZN44_INTERNAL_22_stm32f4xx_hal_tim_ex_c_e8ef392022TIM_DMADelayPulseNCpltEP19__DMA_HandleTypeDef) for [local to stm32f4xx_hal_tim_ex_c]::TIM_DMADelayPulseNCplt(__DMA_HandleTypeDef*)
    stm32f4xx_hal_tim_ex.o(i.HAL_TIMEx_OCN_Start_DMA) refers to stm32f4xx_hal_tim.o(i.TIM_DMADelayPulseHalfCplt) for TIM_DMADelayPulseHalfCplt
    stm32f4xx_hal_tim_ex.o(i.HAL_TIMEx_OCN_Start_DMA) refers to stm32f4xx_hal_tim_ex.o(i._ZN44_INTERNAL_22_stm32f4xx_hal_tim_ex_c_e8ef392016TIM_DMAErrorCCxNEP19__DMA_HandleTypeDef) for [local to stm32f4xx_hal_tim_ex_c]::TIM_DMAErrorCCxN(__DMA_HandleTypeDef*)
    stm32f4xx_hal_tim_ex.o(i.HAL_TIMEx_OCN_Start_IT) refers to stm32f4xx_hal_tim_ex.o(i._ZN44_INTERNAL_22_stm32f4xx_hal_tim_ex_c_e8ef392018TIM_CCxNChannelCmdEP11TIM_TypeDefjj) for [local to stm32f4xx_hal_tim_ex_c]::TIM_CCxNChannelCmd(TIM_TypeDef*, unsigned, unsigned)
    stm32f4xx_hal_tim_ex.o(i.HAL_TIMEx_OCN_Stop) refers to stm32f4xx_hal_tim_ex.o(i._ZN44_INTERNAL_22_stm32f4xx_hal_tim_ex_c_e8ef392018TIM_CCxNChannelCmdEP11TIM_TypeDefjj) for [local to stm32f4xx_hal_tim_ex_c]::TIM_CCxNChannelCmd(TIM_TypeDef*, unsigned, unsigned)
    stm32f4xx_hal_tim_ex.o(i.HAL_TIMEx_OCN_Stop_DMA) refers to stm32f4xx_hal_dma.o(i.HAL_DMA_Abort_IT) for HAL_DMA_Abort_IT
    stm32f4xx_hal_tim_ex.o(i.HAL_TIMEx_OCN_Stop_DMA) refers to stm32f4xx_hal_tim_ex.o(i._ZN44_INTERNAL_22_stm32f4xx_hal_tim_ex_c_e8ef392018TIM_CCxNChannelCmdEP11TIM_TypeDefjj) for [local to stm32f4xx_hal_tim_ex_c]::TIM_CCxNChannelCmd(TIM_TypeDef*, unsigned, unsigned)
    stm32f4xx_hal_tim_ex.o(i.HAL_TIMEx_OCN_Stop_IT) refers to stm32f4xx_hal_tim_ex.o(i._ZN44_INTERNAL_22_stm32f4xx_hal_tim_ex_c_e8ef392018TIM_CCxNChannelCmdEP11TIM_TypeDefjj) for [local to stm32f4xx_hal_tim_ex_c]::TIM_CCxNChannelCmd(TIM_TypeDef*, unsigned, unsigned)
    stm32f4xx_hal_tim_ex.o(i.HAL_TIMEx_OnePulseN_Start) refers to stm32f4xx_hal_tim_ex.o(i._ZN44_INTERNAL_22_stm32f4xx_hal_tim_ex_c_e8ef392018TIM_CCxNChannelCmdEP11TIM_TypeDefjj) for [local to stm32f4xx_hal_tim_ex_c]::TIM_CCxNChannelCmd(TIM_TypeDef*, unsigned, unsigned)
    stm32f4xx_hal_tim_ex.o(i.HAL_TIMEx_OnePulseN_Start) refers to stm32f4xx_hal_tim.o(i.TIM_CCxChannelCmd) for TIM_CCxChannelCmd
    stm32f4xx_hal_tim_ex.o(i.HAL_TIMEx_OnePulseN_Start_IT) refers to stm32f4xx_hal_tim_ex.o(i._ZN44_INTERNAL_22_stm32f4xx_hal_tim_ex_c_e8ef392018TIM_CCxNChannelCmdEP11TIM_TypeDefjj) for [local to stm32f4xx_hal_tim_ex_c]::TIM_CCxNChannelCmd(TIM_TypeDef*, unsigned, unsigned)
    stm32f4xx_hal_tim_ex.o(i.HAL_TIMEx_OnePulseN_Start_IT) refers to stm32f4xx_hal_tim.o(i.TIM_CCxChannelCmd) for TIM_CCxChannelCmd
    stm32f4xx_hal_tim_ex.o(i.HAL_TIMEx_OnePulseN_Stop) refers to stm32f4xx_hal_tim_ex.o(i._ZN44_INTERNAL_22_stm32f4xx_hal_tim_ex_c_e8ef392018TIM_CCxNChannelCmdEP11TIM_TypeDefjj) for [local to stm32f4xx_hal_tim_ex_c]::TIM_CCxNChannelCmd(TIM_TypeDef*, unsigned, unsigned)
    stm32f4xx_hal_tim_ex.o(i.HAL_TIMEx_OnePulseN_Stop) refers to stm32f4xx_hal_tim.o(i.TIM_CCxChannelCmd) for TIM_CCxChannelCmd
    stm32f4xx_hal_tim_ex.o(i.HAL_TIMEx_OnePulseN_Stop_IT) refers to stm32f4xx_hal_tim_ex.o(i._ZN44_INTERNAL_22_stm32f4xx_hal_tim_ex_c_e8ef392018TIM_CCxNChannelCmdEP11TIM_TypeDefjj) for [local to stm32f4xx_hal_tim_ex_c]::TIM_CCxNChannelCmd(TIM_TypeDef*, unsigned, unsigned)
    stm32f4xx_hal_tim_ex.o(i.HAL_TIMEx_OnePulseN_Stop_IT) refers to stm32f4xx_hal_tim.o(i.TIM_CCxChannelCmd) for TIM_CCxChannelCmd
    stm32f4xx_hal_tim_ex.o(i.HAL_TIMEx_PWMN_Start) refers to stm32f4xx_hal_tim_ex.o(i._ZN44_INTERNAL_22_stm32f4xx_hal_tim_ex_c_e8ef392018TIM_CCxNChannelCmdEP11TIM_TypeDefjj) for [local to stm32f4xx_hal_tim_ex_c]::TIM_CCxNChannelCmd(TIM_TypeDef*, unsigned, unsigned)
    stm32f4xx_hal_tim_ex.o(i.HAL_TIMEx_PWMN_Start_DMA) refers to stm32f4xx_hal_dma.o(i.HAL_DMA_Start_IT) for HAL_DMA_Start_IT
    stm32f4xx_hal_tim_ex.o(i.HAL_TIMEx_PWMN_Start_DMA) refers to stm32f4xx_hal_tim_ex.o(i._ZN44_INTERNAL_22_stm32f4xx_hal_tim_ex_c_e8ef392018TIM_CCxNChannelCmdEP11TIM_TypeDefjj) for [local to stm32f4xx_hal_tim_ex_c]::TIM_CCxNChannelCmd(TIM_TypeDef*, unsigned, unsigned)
    stm32f4xx_hal_tim_ex.o(i.HAL_TIMEx_PWMN_Start_DMA) refers to stm32f4xx_hal_tim_ex.o(i._ZN44_INTERNAL_22_stm32f4xx_hal_tim_ex_c_e8ef392022TIM_DMADelayPulseNCpltEP19__DMA_HandleTypeDef) for [local to stm32f4xx_hal_tim_ex_c]::TIM_DMADelayPulseNCplt(__DMA_HandleTypeDef*)
    stm32f4xx_hal_tim_ex.o(i.HAL_TIMEx_PWMN_Start_DMA) refers to stm32f4xx_hal_tim.o(i.TIM_DMADelayPulseHalfCplt) for TIM_DMADelayPulseHalfCplt
    stm32f4xx_hal_tim_ex.o(i.HAL_TIMEx_PWMN_Start_DMA) refers to stm32f4xx_hal_tim_ex.o(i._ZN44_INTERNAL_22_stm32f4xx_hal_tim_ex_c_e8ef392016TIM_DMAErrorCCxNEP19__DMA_HandleTypeDef) for [local to stm32f4xx_hal_tim_ex_c]::TIM_DMAErrorCCxN(__DMA_HandleTypeDef*)
    stm32f4xx_hal_tim_ex.o(i.HAL_TIMEx_PWMN_Start_IT) refers to stm32f4xx_hal_tim_ex.o(i._ZN44_INTERNAL_22_stm32f4xx_hal_tim_ex_c_e8ef392018TIM_CCxNChannelCmdEP11TIM_TypeDefjj) for [local to stm32f4xx_hal_tim_ex_c]::TIM_CCxNChannelCmd(TIM_TypeDef*, unsigned, unsigned)
    stm32f4xx_hal_tim_ex.o(i.HAL_TIMEx_PWMN_Stop) refers to stm32f4xx_hal_tim_ex.o(i._ZN44_INTERNAL_22_stm32f4xx_hal_tim_ex_c_e8ef392018TIM_CCxNChannelCmdEP11TIM_TypeDefjj) for [local to stm32f4xx_hal_tim_ex_c]::TIM_CCxNChannelCmd(TIM_TypeDef*, unsigned, unsigned)
    stm32f4xx_hal_tim_ex.o(i.HAL_TIMEx_PWMN_Stop_DMA) refers to stm32f4xx_hal_dma.o(i.HAL_DMA_Abort_IT) for HAL_DMA_Abort_IT
    stm32f4xx_hal_tim_ex.o(i.HAL_TIMEx_PWMN_Stop_DMA) refers to stm32f4xx_hal_tim_ex.o(i._ZN44_INTERNAL_22_stm32f4xx_hal_tim_ex_c_e8ef392018TIM_CCxNChannelCmdEP11TIM_TypeDefjj) for [local to stm32f4xx_hal_tim_ex_c]::TIM_CCxNChannelCmd(TIM_TypeDef*, unsigned, unsigned)
    stm32f4xx_hal_tim_ex.o(i.HAL_TIMEx_PWMN_Stop_IT) refers to stm32f4xx_hal_tim_ex.o(i._ZN44_INTERNAL_22_stm32f4xx_hal_tim_ex_c_e8ef392018TIM_CCxNChannelCmdEP11TIM_TypeDefjj) for [local to stm32f4xx_hal_tim_ex_c]::TIM_CCxNChannelCmd(TIM_TypeDef*, unsigned, unsigned)
    stm32f4xx_hal_tim_ex.o(i.TIMEx_DMACommutationCplt) refers to stm32f4xx_hal_tim_ex.o(i.HAL_TIMEx_CommutCallback) for HAL_TIMEx_CommutCallback
    stm32f4xx_hal_tim_ex.o(i.TIMEx_DMACommutationHalfCplt) refers to stm32f4xx_hal_tim_ex.o(i.HAL_TIMEx_CommutHalfCpltCallback) for HAL_TIMEx_CommutHalfCpltCallback
    stm32f4xx_hal_tim_ex.o(i._ZN44_INTERNAL_22_stm32f4xx_hal_tim_ex_c_e8ef392016TIM_DMAErrorCCxNEP19__DMA_HandleTypeDef) refers to stm32f4xx_hal_tim.o(i.HAL_TIM_ErrorCallback) for HAL_TIM_ErrorCallback
    stm32f4xx_hal_tim_ex.o(i._ZN44_INTERNAL_22_stm32f4xx_hal_tim_ex_c_e8ef392022TIM_DMADelayPulseNCpltEP19__DMA_HandleTypeDef) refers to stm32f4xx_hal_tim.o(i.HAL_TIM_PWM_PulseFinishedCallback) for HAL_TIM_PWM_PulseFinishedCallback
    stm32f4xx_hal_tim_ex.o(.ARM.exidx) refers to stm32f4xx_hal_tim_ex.o(i.HAL_TIMEx_HallSensor_MspInit) for i.HAL_TIMEx_HallSensor_MspInit
    stm32f4xx_hal_tim_ex.o(.ARM.exidx) refers to stm32f4xx_hal_tim_ex.o(i.HAL_TIMEx_HallSensor_Init) for i.HAL_TIMEx_HallSensor_Init
    stm32f4xx_hal_tim_ex.o(.ARM.exidx) refers to stm32f4xx_hal_tim_ex.o(i.HAL_TIMEx_HallSensor_MspDeInit) for i.HAL_TIMEx_HallSensor_MspDeInit
    stm32f4xx_hal_tim_ex.o(.ARM.exidx) refers to stm32f4xx_hal_tim_ex.o(i.HAL_TIMEx_HallSensor_DeInit) for i.HAL_TIMEx_HallSensor_DeInit
    stm32f4xx_hal_tim_ex.o(.ARM.exidx) refers to stm32f4xx_hal_tim_ex.o(i.HAL_TIMEx_HallSensor_Start) for i.HAL_TIMEx_HallSensor_Start
    stm32f4xx_hal_tim_ex.o(.ARM.exidx) refers to stm32f4xx_hal_tim_ex.o(i.HAL_TIMEx_HallSensor_Stop) for i.HAL_TIMEx_HallSensor_Stop
    stm32f4xx_hal_tim_ex.o(.ARM.exidx) refers to stm32f4xx_hal_tim_ex.o(i.HAL_TIMEx_HallSensor_Start_IT) for i.HAL_TIMEx_HallSensor_Start_IT
    stm32f4xx_hal_tim_ex.o(.ARM.exidx) refers to stm32f4xx_hal_tim_ex.o(i.HAL_TIMEx_HallSensor_Stop_IT) for i.HAL_TIMEx_HallSensor_Stop_IT
    stm32f4xx_hal_tim_ex.o(.ARM.exidx) refers to stm32f4xx_hal_tim_ex.o(i.HAL_TIMEx_HallSensor_Start_DMA) for i.HAL_TIMEx_HallSensor_Start_DMA
    stm32f4xx_hal_tim_ex.o(.ARM.exidx) refers to stm32f4xx_hal_tim_ex.o(i.HAL_TIMEx_HallSensor_Stop_DMA) for i.HAL_TIMEx_HallSensor_Stop_DMA
    stm32f4xx_hal_tim_ex.o(.ARM.exidx) refers to stm32f4xx_hal_tim_ex.o(i._ZN44_INTERNAL_22_stm32f4xx_hal_tim_ex_c_e8ef392018TIM_CCxNChannelCmdEP11TIM_TypeDefjj) for i._ZN44_INTERNAL_22_stm32f4xx_hal_tim_ex_c_e8ef392018TIM_CCxNChannelCmdEP11TIM_TypeDefjj
    stm32f4xx_hal_tim_ex.o(.ARM.exidx) refers to stm32f4xx_hal_tim_ex.o(i.HAL_TIMEx_OCN_Start) for i.HAL_TIMEx_OCN_Start
    stm32f4xx_hal_tim_ex.o(.ARM.exidx) refers to stm32f4xx_hal_tim_ex.o(i.HAL_TIMEx_OCN_Stop) for i.HAL_TIMEx_OCN_Stop
    stm32f4xx_hal_tim_ex.o(.ARM.exidx) refers to stm32f4xx_hal_tim_ex.o(i.HAL_TIMEx_OCN_Start_IT) for i.HAL_TIMEx_OCN_Start_IT
    stm32f4xx_hal_tim_ex.o(.ARM.exidx) refers to stm32f4xx_hal_tim_ex.o(i.HAL_TIMEx_OCN_Stop_IT) for i.HAL_TIMEx_OCN_Stop_IT
    stm32f4xx_hal_tim_ex.o(.ARM.exidx) refers to stm32f4xx_hal_tim_ex.o(i._ZN44_INTERNAL_22_stm32f4xx_hal_tim_ex_c_e8ef392016TIM_DMAErrorCCxNEP19__DMA_HandleTypeDef) for i._ZN44_INTERNAL_22_stm32f4xx_hal_tim_ex_c_e8ef392016TIM_DMAErrorCCxNEP19__DMA_HandleTypeDef
    stm32f4xx_hal_tim_ex.o(.ARM.exidx) refers to stm32f4xx_hal_tim_ex.o(i._ZN44_INTERNAL_22_stm32f4xx_hal_tim_ex_c_e8ef392022TIM_DMADelayPulseNCpltEP19__DMA_HandleTypeDef) for i._ZN44_INTERNAL_22_stm32f4xx_hal_tim_ex_c_e8ef392022TIM_DMADelayPulseNCpltEP19__DMA_HandleTypeDef
    stm32f4xx_hal_tim_ex.o(.ARM.exidx) refers to stm32f4xx_hal_tim_ex.o(i.HAL_TIMEx_OCN_Start_DMA) for i.HAL_TIMEx_OCN_Start_DMA
    stm32f4xx_hal_tim_ex.o(.ARM.exidx) refers to stm32f4xx_hal_tim_ex.o(i.HAL_TIMEx_OCN_Stop_DMA) for i.HAL_TIMEx_OCN_Stop_DMA
    stm32f4xx_hal_tim_ex.o(.ARM.exidx) refers to stm32f4xx_hal_tim_ex.o(i.HAL_TIMEx_PWMN_Start) for i.HAL_TIMEx_PWMN_Start
    stm32f4xx_hal_tim_ex.o(.ARM.exidx) refers to stm32f4xx_hal_tim_ex.o(i.HAL_TIMEx_PWMN_Stop) for i.HAL_TIMEx_PWMN_Stop
    stm32f4xx_hal_tim_ex.o(.ARM.exidx) refers to stm32f4xx_hal_tim_ex.o(i.HAL_TIMEx_PWMN_Start_IT) for i.HAL_TIMEx_PWMN_Start_IT
    stm32f4xx_hal_tim_ex.o(.ARM.exidx) refers to stm32f4xx_hal_tim_ex.o(i.HAL_TIMEx_PWMN_Stop_IT) for i.HAL_TIMEx_PWMN_Stop_IT
    stm32f4xx_hal_tim_ex.o(.ARM.exidx) refers to stm32f4xx_hal_tim_ex.o(i.HAL_TIMEx_PWMN_Start_DMA) for i.HAL_TIMEx_PWMN_Start_DMA
    stm32f4xx_hal_tim_ex.o(.ARM.exidx) refers to stm32f4xx_hal_tim_ex.o(i.HAL_TIMEx_PWMN_Stop_DMA) for i.HAL_TIMEx_PWMN_Stop_DMA
    stm32f4xx_hal_tim_ex.o(.ARM.exidx) refers to stm32f4xx_hal_tim_ex.o(i.HAL_TIMEx_OnePulseN_Start) for i.HAL_TIMEx_OnePulseN_Start
    stm32f4xx_hal_tim_ex.o(.ARM.exidx) refers to stm32f4xx_hal_tim_ex.o(i.HAL_TIMEx_OnePulseN_Stop) for i.HAL_TIMEx_OnePulseN_Stop
    stm32f4xx_hal_tim_ex.o(.ARM.exidx) refers to stm32f4xx_hal_tim_ex.o(i.HAL_TIMEx_OnePulseN_Start_IT) for i.HAL_TIMEx_OnePulseN_Start_IT
    stm32f4xx_hal_tim_ex.o(.ARM.exidx) refers to stm32f4xx_hal_tim_ex.o(i.HAL_TIMEx_OnePulseN_Stop_IT) for i.HAL_TIMEx_OnePulseN_Stop_IT
    stm32f4xx_hal_tim_ex.o(.ARM.exidx) refers to stm32f4xx_hal_tim_ex.o(i.HAL_TIMEx_ConfigCommutEvent) for i.HAL_TIMEx_ConfigCommutEvent
    stm32f4xx_hal_tim_ex.o(.ARM.exidx) refers to stm32f4xx_hal_tim_ex.o(i.HAL_TIMEx_ConfigCommutEvent_IT) for i.HAL_TIMEx_ConfigCommutEvent_IT
    stm32f4xx_hal_tim_ex.o(.ARM.exidx) refers to stm32f4xx_hal_tim_ex.o(i.HAL_TIMEx_CommutHalfCpltCallback) for i.HAL_TIMEx_CommutHalfCpltCallback
    stm32f4xx_hal_tim_ex.o(.ARM.exidx) refers to stm32f4xx_hal_tim_ex.o(i.TIMEx_DMACommutationHalfCplt) for i.TIMEx_DMACommutationHalfCplt
    stm32f4xx_hal_tim_ex.o(.ARM.exidx) refers to stm32f4xx_hal_tim_ex.o(i.HAL_TIMEx_CommutCallback) for i.HAL_TIMEx_CommutCallback
    stm32f4xx_hal_tim_ex.o(.ARM.exidx) refers to stm32f4xx_hal_tim_ex.o(i.TIMEx_DMACommutationCplt) for i.TIMEx_DMACommutationCplt
    stm32f4xx_hal_tim_ex.o(.ARM.exidx) refers to stm32f4xx_hal_tim_ex.o(i.HAL_TIMEx_ConfigCommutEvent_DMA) for i.HAL_TIMEx_ConfigCommutEvent_DMA
    stm32f4xx_hal_tim_ex.o(.ARM.exidx) refers to stm32f4xx_hal_tim_ex.o(i.HAL_TIMEx_MasterConfigSynchronization) for i.HAL_TIMEx_MasterConfigSynchronization
    stm32f4xx_hal_tim_ex.o(.ARM.exidx) refers to stm32f4xx_hal_tim_ex.o(i.HAL_TIMEx_ConfigBreakDeadTime) for i.HAL_TIMEx_ConfigBreakDeadTime
    stm32f4xx_hal_tim_ex.o(.ARM.exidx) refers to stm32f4xx_hal_tim_ex.o(i.HAL_TIMEx_RemapConfig) for i.HAL_TIMEx_RemapConfig
    stm32f4xx_hal_tim_ex.o(.ARM.exidx) refers to stm32f4xx_hal_tim_ex.o(i.HAL_TIMEx_BreakCallback) for i.HAL_TIMEx_BreakCallback
    stm32f4xx_hal_tim_ex.o(.ARM.exidx) refers to stm32f4xx_hal_tim_ex.o(i.HAL_TIMEx_HallSensor_GetState) for i.HAL_TIMEx_HallSensor_GetState
    stm32f4xx_hal_tim_ex.o(.ARM.exidx) refers to stm32f4xx_hal_tim_ex.o(i.HAL_TIMEx_GetChannelNState) for i.HAL_TIMEx_GetChannelNState
    stm32f4xx_hal_uart.o(i.HAL_HalfDuplex_Init) refers to usart.o(i.HAL_UART_MspInit) for HAL_UART_MspInit
    stm32f4xx_hal_uart.o(i.HAL_HalfDuplex_Init) refers to stm32f4xx_hal_uart.o(i._ZN42_INTERNAL_20_stm32f4xx_hal_uart_c_d497114f14UART_SetConfigEP20__UART_HandleTypeDef) for [local to stm32f4xx_hal_uart_c]::UART_SetConfig(__UART_HandleTypeDef*)
    stm32f4xx_hal_uart.o(i.HAL_LIN_Init) refers to usart.o(i.HAL_UART_MspInit) for HAL_UART_MspInit
    stm32f4xx_hal_uart.o(i.HAL_LIN_Init) refers to stm32f4xx_hal_uart.o(i._ZN42_INTERNAL_20_stm32f4xx_hal_uart_c_d497114f14UART_SetConfigEP20__UART_HandleTypeDef) for [local to stm32f4xx_hal_uart_c]::UART_SetConfig(__UART_HandleTypeDef*)
    stm32f4xx_hal_uart.o(i.HAL_MultiProcessor_Init) refers to usart.o(i.HAL_UART_MspInit) for HAL_UART_MspInit
    stm32f4xx_hal_uart.o(i.HAL_MultiProcessor_Init) refers to stm32f4xx_hal_uart.o(i._ZN42_INTERNAL_20_stm32f4xx_hal_uart_c_d497114f14UART_SetConfigEP20__UART_HandleTypeDef) for [local to stm32f4xx_hal_uart_c]::UART_SetConfig(__UART_HandleTypeDef*)
    stm32f4xx_hal_uart.o(i.HAL_UARTEx_ReceiveToIdle) refers to stm32f4xx_hal.o(i.HAL_GetTick) for HAL_GetTick
    stm32f4xx_hal_uart.o(i.HAL_UARTEx_ReceiveToIdle_DMA) refers to stm32f4xx_hal_uart.o(i.UART_Start_Receive_DMA) for UART_Start_Receive_DMA
    stm32f4xx_hal_uart.o(i.HAL_UARTEx_ReceiveToIdle_IT) refers to stm32f4xx_hal_uart.o(i.UART_Start_Receive_IT) for UART_Start_Receive_IT
    stm32f4xx_hal_uart.o(i.HAL_UART_Abort) refers to stm32f4xx_hal_dma.o(i.HAL_DMA_Abort) for HAL_DMA_Abort
    stm32f4xx_hal_uart.o(i.HAL_UART_Abort) refers to stm32f4xx_hal_dma.o(i.HAL_DMA_GetError) for HAL_DMA_GetError
    stm32f4xx_hal_uart.o(i.HAL_UART_AbortReceive) refers to stm32f4xx_hal_dma.o(i.HAL_DMA_Abort) for HAL_DMA_Abort
    stm32f4xx_hal_uart.o(i.HAL_UART_AbortReceive) refers to stm32f4xx_hal_dma.o(i.HAL_DMA_GetError) for HAL_DMA_GetError
    stm32f4xx_hal_uart.o(i.HAL_UART_AbortReceive_IT) refers to stm32f4xx_hal_dma.o(i.HAL_DMA_Abort_IT) for HAL_DMA_Abort_IT
    stm32f4xx_hal_uart.o(i.HAL_UART_AbortReceive_IT) refers to stm32f4xx_hal_uart.o(i.HAL_UART_AbortReceiveCpltCallback) for HAL_UART_AbortReceiveCpltCallback
    stm32f4xx_hal_uart.o(i.HAL_UART_AbortReceive_IT) refers to stm32f4xx_hal_uart.o(i._ZN42_INTERNAL_20_stm32f4xx_hal_uart_c_d497114f27UART_DMARxOnlyAbortCallbackEP19__DMA_HandleTypeDef) for [local to stm32f4xx_hal_uart_c]::UART_DMARxOnlyAbortCallback(__DMA_HandleTypeDef*)
    stm32f4xx_hal_uart.o(i.HAL_UART_AbortTransmit) refers to stm32f4xx_hal_dma.o(i.HAL_DMA_Abort) for HAL_DMA_Abort
    stm32f4xx_hal_uart.o(i.HAL_UART_AbortTransmit) refers to stm32f4xx_hal_dma.o(i.HAL_DMA_GetError) for HAL_DMA_GetError
    stm32f4xx_hal_uart.o(i.HAL_UART_AbortTransmit_IT) refers to stm32f4xx_hal_dma.o(i.HAL_DMA_Abort_IT) for HAL_DMA_Abort_IT
    stm32f4xx_hal_uart.o(i.HAL_UART_AbortTransmit_IT) refers to stm32f4xx_hal_uart.o(i.HAL_UART_AbortTransmitCpltCallback) for HAL_UART_AbortTransmitCpltCallback
    stm32f4xx_hal_uart.o(i.HAL_UART_AbortTransmit_IT) refers to stm32f4xx_hal_uart.o(i._ZN42_INTERNAL_20_stm32f4xx_hal_uart_c_d497114f27UART_DMATxOnlyAbortCallbackEP19__DMA_HandleTypeDef) for [local to stm32f4xx_hal_uart_c]::UART_DMATxOnlyAbortCallback(__DMA_HandleTypeDef*)
    stm32f4xx_hal_uart.o(i.HAL_UART_Abort_IT) refers to stm32f4xx_hal_dma.o(i.HAL_DMA_Abort_IT) for HAL_DMA_Abort_IT
    stm32f4xx_hal_uart.o(i.HAL_UART_Abort_IT) refers to stm32f4xx_hal_uart.o(i.HAL_UART_AbortCpltCallback) for HAL_UART_AbortCpltCallback
    stm32f4xx_hal_uart.o(i.HAL_UART_Abort_IT) refers to stm32f4xx_hal_uart.o(i._ZN42_INTERNAL_20_stm32f4xx_hal_uart_c_d497114f23UART_DMATxAbortCallbackEP19__DMA_HandleTypeDef) for [local to stm32f4xx_hal_uart_c]::UART_DMATxAbortCallback(__DMA_HandleTypeDef*)
    stm32f4xx_hal_uart.o(i.HAL_UART_Abort_IT) refers to stm32f4xx_hal_uart.o(i._ZN42_INTERNAL_20_stm32f4xx_hal_uart_c_d497114f23UART_DMARxAbortCallbackEP19__DMA_HandleTypeDef) for [local to stm32f4xx_hal_uart_c]::UART_DMARxAbortCallback(__DMA_HandleTypeDef*)
    stm32f4xx_hal_uart.o(i.HAL_UART_DMAStop) refers to stm32f4xx_hal_dma.o(i.HAL_DMA_Abort) for HAL_DMA_Abort
    stm32f4xx_hal_uart.o(i.HAL_UART_DMAStop) refers to stm32f4xx_hal_uart.o(i._ZN42_INTERNAL_20_stm32f4xx_hal_uart_c_d497114f18UART_EndTxTransferEP20__UART_HandleTypeDef) for [local to stm32f4xx_hal_uart_c]::UART_EndTxTransfer(__UART_HandleTypeDef*)
    stm32f4xx_hal_uart.o(i.HAL_UART_DMAStop) refers to stm32f4xx_hal_uart.o(i._ZN42_INTERNAL_20_stm32f4xx_hal_uart_c_d497114f18UART_EndRxTransferEP20__UART_HandleTypeDef) for [local to stm32f4xx_hal_uart_c]::UART_EndRxTransfer(__UART_HandleTypeDef*)
    stm32f4xx_hal_uart.o(i.HAL_UART_DeInit) refers to usart.o(i.HAL_UART_MspDeInit) for HAL_UART_MspDeInit
    stm32f4xx_hal_uart.o(i.HAL_UART_IRQHandler) refers to stm32f4xx_hal_uart.o(i._ZN42_INTERNAL_20_stm32f4xx_hal_uart_c_d497114f15UART_Receive_ITEP20__UART_HandleTypeDef) for [local to stm32f4xx_hal_uart_c]::UART_Receive_IT(__UART_HandleTypeDef*)
    stm32f4xx_hal_uart.o(i.HAL_UART_IRQHandler) refers to stm32f4xx_hal_uart.o(i._ZN42_INTERNAL_20_stm32f4xx_hal_uart_c_d497114f18UART_EndRxTransferEP20__UART_HandleTypeDef) for [local to stm32f4xx_hal_uart_c]::UART_EndRxTransfer(__UART_HandleTypeDef*)
    stm32f4xx_hal_uart.o(i.HAL_UART_IRQHandler) refers to stm32f4xx_hal_dma.o(i.HAL_DMA_Abort_IT) for HAL_DMA_Abort_IT
    stm32f4xx_hal_uart.o(i.HAL_UART_IRQHandler) refers to stm32f4xx_hal_uart.o(i.HAL_UART_ErrorCallback) for HAL_UART_ErrorCallback
    stm32f4xx_hal_uart.o(i.HAL_UART_IRQHandler) refers to stm32f4xx_hal_dma.o(i.HAL_DMA_Abort) for HAL_DMA_Abort
    stm32f4xx_hal_uart.o(i.HAL_UART_IRQHandler) refers to stm32f4xx_hal_uart.o(i.HAL_UARTEx_RxEventCallback) for HAL_UARTEx_RxEventCallback
    stm32f4xx_hal_uart.o(i.HAL_UART_IRQHandler) refers to stm32f4xx_hal_uart.o(i._ZN42_INTERNAL_20_stm32f4xx_hal_uart_c_d497114f16UART_Transmit_ITEP20__UART_HandleTypeDef) for [local to stm32f4xx_hal_uart_c]::UART_Transmit_IT(__UART_HandleTypeDef*)
    stm32f4xx_hal_uart.o(i.HAL_UART_IRQHandler) refers to stm32f4xx_hal_uart.o(i._ZN42_INTERNAL_20_stm32f4xx_hal_uart_c_d497114f19UART_EndTransmit_ITEP20__UART_HandleTypeDef) for [local to stm32f4xx_hal_uart_c]::UART_EndTransmit_IT(__UART_HandleTypeDef*)
    stm32f4xx_hal_uart.o(i.HAL_UART_IRQHandler) refers to stm32f4xx_hal_uart.o(i._ZN42_INTERNAL_20_stm32f4xx_hal_uart_c_d497114f20UART_DMAAbortOnErrorEP19__DMA_HandleTypeDef) for [local to stm32f4xx_hal_uart_c]::UART_DMAAbortOnError(__DMA_HandleTypeDef*)
    stm32f4xx_hal_uart.o(i.HAL_UART_Init) refers to usart.o(i.HAL_UART_MspInit) for HAL_UART_MspInit
    stm32f4xx_hal_uart.o(i.HAL_UART_Init) refers to stm32f4xx_hal_uart.o(i._ZN42_INTERNAL_20_stm32f4xx_hal_uart_c_d497114f14UART_SetConfigEP20__UART_HandleTypeDef) for [local to stm32f4xx_hal_uart_c]::UART_SetConfig(__UART_HandleTypeDef*)
    stm32f4xx_hal_uart.o(i.HAL_UART_Receive) refers to stm32f4xx_hal.o(i.HAL_GetTick) for HAL_GetTick
    stm32f4xx_hal_uart.o(i.HAL_UART_Receive) refers to stm32f4xx_hal_uart.o(i._ZN42_INTERNAL_20_stm32f4xx_hal_uart_c_d497114f27UART_WaitOnFlagUntilTimeoutEP20__UART_HandleTypeDefj10FlagStatusjj) for [local to stm32f4xx_hal_uart_c]::UART_WaitOnFlagUntilTimeout(__UART_HandleTypeDef*, unsigned, FlagStatus, unsigned, unsigned)
    stm32f4xx_hal_uart.o(i.HAL_UART_Receive_DMA) refers to stm32f4xx_hal_uart.o(i.UART_Start_Receive_DMA) for UART_Start_Receive_DMA
    stm32f4xx_hal_uart.o(i.HAL_UART_Receive_IT) refers to stm32f4xx_hal_uart.o(i.UART_Start_Receive_IT) for UART_Start_Receive_IT
    stm32f4xx_hal_uart.o(i.HAL_UART_Transmit) refers to stm32f4xx_hal.o(i.HAL_GetTick) for HAL_GetTick
    stm32f4xx_hal_uart.o(i.HAL_UART_Transmit) refers to stm32f4xx_hal_uart.o(i._ZN42_INTERNAL_20_stm32f4xx_hal_uart_c_d497114f27UART_WaitOnFlagUntilTimeoutEP20__UART_HandleTypeDefj10FlagStatusjj) for [local to stm32f4xx_hal_uart_c]::UART_WaitOnFlagUntilTimeout(__UART_HandleTypeDef*, unsigned, FlagStatus, unsigned, unsigned)
    stm32f4xx_hal_uart.o(i.HAL_UART_Transmit_DMA) refers to stm32f4xx_hal_dma.o(i.HAL_DMA_Start_IT) for HAL_DMA_Start_IT
    stm32f4xx_hal_uart.o(i.HAL_UART_Transmit_DMA) refers to stm32f4xx_hal_uart.o(i._ZN42_INTERNAL_20_stm32f4xx_hal_uart_c_d497114f20UART_DMATransmitCpltEP19__DMA_HandleTypeDef) for [local to stm32f4xx_hal_uart_c]::UART_DMATransmitCplt(__DMA_HandleTypeDef*)
    stm32f4xx_hal_uart.o(i.HAL_UART_Transmit_DMA) refers to stm32f4xx_hal_uart.o(i._ZN42_INTERNAL_20_stm32f4xx_hal_uart_c_d497114f18UART_DMATxHalfCpltEP19__DMA_HandleTypeDef) for [local to stm32f4xx_hal_uart_c]::UART_DMATxHalfCplt(__DMA_HandleTypeDef*)
    stm32f4xx_hal_uart.o(i.HAL_UART_Transmit_DMA) refers to stm32f4xx_hal_uart.o(i._ZN42_INTERNAL_20_stm32f4xx_hal_uart_c_d497114f13UART_DMAErrorEP19__DMA_HandleTypeDef) for [local to stm32f4xx_hal_uart_c]::UART_DMAError(__DMA_HandleTypeDef*)
    stm32f4xx_hal_uart.o(i.UART_Start_Receive_DMA) refers to stm32f4xx_hal_dma.o(i.HAL_DMA_Start_IT) for HAL_DMA_Start_IT
    stm32f4xx_hal_uart.o(i.UART_Start_Receive_DMA) refers to stm32f4xx_hal_uart.o(i._ZN42_INTERNAL_20_stm32f4xx_hal_uart_c_d497114f19UART_DMAReceiveCpltEP19__DMA_HandleTypeDef) for [local to stm32f4xx_hal_uart_c]::UART_DMAReceiveCplt(__DMA_HandleTypeDef*)
    stm32f4xx_hal_uart.o(i.UART_Start_Receive_DMA) refers to stm32f4xx_hal_uart.o(i._ZN42_INTERNAL_20_stm32f4xx_hal_uart_c_d497114f18UART_DMARxHalfCpltEP19__DMA_HandleTypeDef) for [local to stm32f4xx_hal_uart_c]::UART_DMARxHalfCplt(__DMA_HandleTypeDef*)
    stm32f4xx_hal_uart.o(i.UART_Start_Receive_DMA) refers to stm32f4xx_hal_uart.o(i._ZN42_INTERNAL_20_stm32f4xx_hal_uart_c_d497114f13UART_DMAErrorEP19__DMA_HandleTypeDef) for [local to stm32f4xx_hal_uart_c]::UART_DMAError(__DMA_HandleTypeDef*)
    stm32f4xx_hal_uart.o(i._ZN42_INTERNAL_20_stm32f4xx_hal_uart_c_d497114f13UART_DMAErrorEP19__DMA_HandleTypeDef) refers to stm32f4xx_hal_uart.o(i._ZN42_INTERNAL_20_stm32f4xx_hal_uart_c_d497114f18UART_EndTxTransferEP20__UART_HandleTypeDef) for [local to stm32f4xx_hal_uart_c]::UART_EndTxTransfer(__UART_HandleTypeDef*)
    stm32f4xx_hal_uart.o(i._ZN42_INTERNAL_20_stm32f4xx_hal_uart_c_d497114f13UART_DMAErrorEP19__DMA_HandleTypeDef) refers to stm32f4xx_hal_uart.o(i._ZN42_INTERNAL_20_stm32f4xx_hal_uart_c_d497114f18UART_EndRxTransferEP20__UART_HandleTypeDef) for [local to stm32f4xx_hal_uart_c]::UART_EndRxTransfer(__UART_HandleTypeDef*)
    stm32f4xx_hal_uart.o(i._ZN42_INTERNAL_20_stm32f4xx_hal_uart_c_d497114f13UART_DMAErrorEP19__DMA_HandleTypeDef) refers to stm32f4xx_hal_uart.o(i.HAL_UART_ErrorCallback) for HAL_UART_ErrorCallback
    stm32f4xx_hal_uart.o(i._ZN42_INTERNAL_20_stm32f4xx_hal_uart_c_d497114f14UART_SetConfigEP20__UART_HandleTypeDef) refers to stm32f4xx_hal_rcc.o(i.HAL_RCC_GetPCLK2Freq) for HAL_RCC_GetPCLK2Freq
    stm32f4xx_hal_uart.o(i._ZN42_INTERNAL_20_stm32f4xx_hal_uart_c_d497114f14UART_SetConfigEP20__UART_HandleTypeDef) refers to stm32f4xx_hal_rcc.o(i.HAL_RCC_GetPCLK1Freq) for HAL_RCC_GetPCLK1Freq
    stm32f4xx_hal_uart.o(i._ZN42_INTERNAL_20_stm32f4xx_hal_uart_c_d497114f14UART_SetConfigEP20__UART_HandleTypeDef) refers to lludivv7m.o(.text) for __aeabi_uldivmod
    stm32f4xx_hal_uart.o(i._ZN42_INTERNAL_20_stm32f4xx_hal_uart_c_d497114f15UART_Receive_ITEP20__UART_HandleTypeDef) refers to stm32f4xx_hal_uart.o(i.HAL_UARTEx_RxEventCallback) for HAL_UARTEx_RxEventCallback
    stm32f4xx_hal_uart.o(i._ZN42_INTERNAL_20_stm32f4xx_hal_uart_c_d497114f15UART_Receive_ITEP20__UART_HandleTypeDef) refers to main.o(i.HAL_UART_RxCpltCallback) for HAL_UART_RxCpltCallback
    stm32f4xx_hal_uart.o(i._ZN42_INTERNAL_20_stm32f4xx_hal_uart_c_d497114f18UART_DMARxHalfCpltEP19__DMA_HandleTypeDef) refers to stm32f4xx_hal_uart.o(i.HAL_UARTEx_RxEventCallback) for HAL_UARTEx_RxEventCallback
    stm32f4xx_hal_uart.o(i._ZN42_INTERNAL_20_stm32f4xx_hal_uart_c_d497114f18UART_DMARxHalfCpltEP19__DMA_HandleTypeDef) refers to stm32f4xx_hal_uart.o(i.HAL_UART_RxHalfCpltCallback) for HAL_UART_RxHalfCpltCallback
    stm32f4xx_hal_uart.o(i._ZN42_INTERNAL_20_stm32f4xx_hal_uart_c_d497114f18UART_DMATxHalfCpltEP19__DMA_HandleTypeDef) refers to stm32f4xx_hal_uart.o(i.HAL_UART_TxHalfCpltCallback) for HAL_UART_TxHalfCpltCallback
    stm32f4xx_hal_uart.o(i._ZN42_INTERNAL_20_stm32f4xx_hal_uart_c_d497114f19UART_DMAReceiveCpltEP19__DMA_HandleTypeDef) refers to stm32f4xx_hal_uart.o(i.HAL_UARTEx_RxEventCallback) for HAL_UARTEx_RxEventCallback
    stm32f4xx_hal_uart.o(i._ZN42_INTERNAL_20_stm32f4xx_hal_uart_c_d497114f19UART_DMAReceiveCpltEP19__DMA_HandleTypeDef) refers to main.o(i.HAL_UART_RxCpltCallback) for HAL_UART_RxCpltCallback
    stm32f4xx_hal_uart.o(i._ZN42_INTERNAL_20_stm32f4xx_hal_uart_c_d497114f19UART_EndTransmit_ITEP20__UART_HandleTypeDef) refers to stm32f4xx_hal_uart.o(i.HAL_UART_TxCpltCallback) for HAL_UART_TxCpltCallback
    stm32f4xx_hal_uart.o(i._ZN42_INTERNAL_20_stm32f4xx_hal_uart_c_d497114f20UART_DMAAbortOnErrorEP19__DMA_HandleTypeDef) refers to stm32f4xx_hal_uart.o(i.HAL_UART_ErrorCallback) for HAL_UART_ErrorCallback
    stm32f4xx_hal_uart.o(i._ZN42_INTERNAL_20_stm32f4xx_hal_uart_c_d497114f20UART_DMATransmitCpltEP19__DMA_HandleTypeDef) refers to stm32f4xx_hal_uart.o(i.HAL_UART_TxCpltCallback) for HAL_UART_TxCpltCallback
    stm32f4xx_hal_uart.o(i._ZN42_INTERNAL_20_stm32f4xx_hal_uart_c_d497114f23UART_DMARxAbortCallbackEP19__DMA_HandleTypeDef) refers to stm32f4xx_hal_uart.o(i.HAL_UART_AbortCpltCallback) for HAL_UART_AbortCpltCallback
    stm32f4xx_hal_uart.o(i._ZN42_INTERNAL_20_stm32f4xx_hal_uart_c_d497114f23UART_DMATxAbortCallbackEP19__DMA_HandleTypeDef) refers to stm32f4xx_hal_uart.o(i.HAL_UART_AbortCpltCallback) for HAL_UART_AbortCpltCallback
    stm32f4xx_hal_uart.o(i._ZN42_INTERNAL_20_stm32f4xx_hal_uart_c_d497114f27UART_DMARxOnlyAbortCallbackEP19__DMA_HandleTypeDef) refers to stm32f4xx_hal_uart.o(i.HAL_UART_AbortReceiveCpltCallback) for HAL_UART_AbortReceiveCpltCallback
    stm32f4xx_hal_uart.o(i._ZN42_INTERNAL_20_stm32f4xx_hal_uart_c_d497114f27UART_DMATxOnlyAbortCallbackEP19__DMA_HandleTypeDef) refers to stm32f4xx_hal_uart.o(i.HAL_UART_AbortTransmitCpltCallback) for HAL_UART_AbortTransmitCpltCallback
    stm32f4xx_hal_uart.o(i._ZN42_INTERNAL_20_stm32f4xx_hal_uart_c_d497114f27UART_WaitOnFlagUntilTimeoutEP20__UART_HandleTypeDefj10FlagStatusjj) refers to stm32f4xx_hal.o(i.HAL_GetTick) for HAL_GetTick
    stm32f4xx_hal_uart.o(i._ZN42_INTERNAL_20_stm32f4xx_hal_uart_c_d497114f27UART_WaitOnFlagUntilTimeoutEP20__UART_HandleTypeDefj10FlagStatusjj) refers to stm32f4xx_hal_uart.o(i._ZN42_INTERNAL_20_stm32f4xx_hal_uart_c_d497114f18UART_EndRxTransferEP20__UART_HandleTypeDef) for [local to stm32f4xx_hal_uart_c]::UART_EndRxTransfer(__UART_HandleTypeDef*)
    stm32f4xx_hal_uart.o(.ARM.exidx) refers to stm32f4xx_hal_uart.o(i._ZN42_INTERNAL_20_stm32f4xx_hal_uart_c_d497114f14UART_SetConfigEP20__UART_HandleTypeDef) for i._ZN42_INTERNAL_20_stm32f4xx_hal_uart_c_d497114f14UART_SetConfigEP20__UART_HandleTypeDef
    stm32f4xx_hal_uart.o(.ARM.exidx) refers to stm32f4xx_hal_uart.o(i.HAL_UART_MspInit) for i.HAL_UART_MspInit
    stm32f4xx_hal_uart.o(.ARM.exidx) refers to stm32f4xx_hal_uart.o(i.HAL_UART_Init) for i.HAL_UART_Init
    stm32f4xx_hal_uart.o(.ARM.exidx) refers to stm32f4xx_hal_uart.o(i.HAL_HalfDuplex_Init) for i.HAL_HalfDuplex_Init
    stm32f4xx_hal_uart.o(.ARM.exidx) refers to stm32f4xx_hal_uart.o(i.HAL_LIN_Init) for i.HAL_LIN_Init
    stm32f4xx_hal_uart.o(.ARM.exidx) refers to stm32f4xx_hal_uart.o(i.HAL_MultiProcessor_Init) for i.HAL_MultiProcessor_Init
    stm32f4xx_hal_uart.o(.ARM.exidx) refers to stm32f4xx_hal_uart.o(i.HAL_UART_MspDeInit) for i.HAL_UART_MspDeInit
    stm32f4xx_hal_uart.o(.ARM.exidx) refers to stm32f4xx_hal_uart.o(i.HAL_UART_DeInit) for i.HAL_UART_DeInit
    stm32f4xx_hal_uart.o(.ARM.exidx) refers to stm32f4xx_hal_uart.o(i._ZN42_INTERNAL_20_stm32f4xx_hal_uart_c_d497114f18UART_EndRxTransferEP20__UART_HandleTypeDef) for i._ZN42_INTERNAL_20_stm32f4xx_hal_uart_c_d497114f18UART_EndRxTransferEP20__UART_HandleTypeDef
    stm32f4xx_hal_uart.o(.ARM.exidx) refers to stm32f4xx_hal_uart.o(i._ZN42_INTERNAL_20_stm32f4xx_hal_uart_c_d497114f27UART_WaitOnFlagUntilTimeoutEP20__UART_HandleTypeDefj10FlagStatusjj) for i._ZN42_INTERNAL_20_stm32f4xx_hal_uart_c_d497114f27UART_WaitOnFlagUntilTimeoutEP20__UART_HandleTypeDefj10FlagStatusjj
    stm32f4xx_hal_uart.o(.ARM.exidx) refers to stm32f4xx_hal_uart.o(i.HAL_UART_Transmit) for i.HAL_UART_Transmit
    stm32f4xx_hal_uart.o(.ARM.exidx) refers to stm32f4xx_hal_uart.o(i.HAL_UART_Receive) for i.HAL_UART_Receive
    stm32f4xx_hal_uart.o(.ARM.exidx) refers to stm32f4xx_hal_uart.o(i.HAL_UART_Transmit_IT) for i.HAL_UART_Transmit_IT
    stm32f4xx_hal_uart.o(.ARM.exidx) refers to stm32f4xx_hal_uart.o(i.UART_Start_Receive_IT) for i.UART_Start_Receive_IT
    stm32f4xx_hal_uart.o(.ARM.exidx) refers to stm32f4xx_hal_uart.o(i.HAL_UART_Receive_IT) for i.HAL_UART_Receive_IT
    stm32f4xx_hal_uart.o(.ARM.exidx) refers to stm32f4xx_hal_uart.o(i.HAL_UART_ErrorCallback) for i.HAL_UART_ErrorCallback
    stm32f4xx_hal_uart.o(.ARM.exidx) refers to stm32f4xx_hal_uart.o(i._ZN42_INTERNAL_20_stm32f4xx_hal_uart_c_d497114f18UART_EndTxTransferEP20__UART_HandleTypeDef) for i._ZN42_INTERNAL_20_stm32f4xx_hal_uart_c_d497114f18UART_EndTxTransferEP20__UART_HandleTypeDef
    stm32f4xx_hal_uart.o(.ARM.exidx) refers to stm32f4xx_hal_uart.o(i._ZN42_INTERNAL_20_stm32f4xx_hal_uart_c_d497114f13UART_DMAErrorEP19__DMA_HandleTypeDef) for i._ZN42_INTERNAL_20_stm32f4xx_hal_uart_c_d497114f13UART_DMAErrorEP19__DMA_HandleTypeDef
    stm32f4xx_hal_uart.o(.ARM.exidx) refers to stm32f4xx_hal_uart.o(i.HAL_UART_TxHalfCpltCallback) for i.HAL_UART_TxHalfCpltCallback
    stm32f4xx_hal_uart.o(.ARM.exidx) refers to stm32f4xx_hal_uart.o(i._ZN42_INTERNAL_20_stm32f4xx_hal_uart_c_d497114f18UART_DMATxHalfCpltEP19__DMA_HandleTypeDef) for i._ZN42_INTERNAL_20_stm32f4xx_hal_uart_c_d497114f18UART_DMATxHalfCpltEP19__DMA_HandleTypeDef
    stm32f4xx_hal_uart.o(.ARM.exidx) refers to stm32f4xx_hal_uart.o(i.HAL_UART_TxCpltCallback) for i.HAL_UART_TxCpltCallback
    stm32f4xx_hal_uart.o(.ARM.exidx) refers to stm32f4xx_hal_uart.o(i._ZN42_INTERNAL_20_stm32f4xx_hal_uart_c_d497114f20UART_DMATransmitCpltEP19__DMA_HandleTypeDef) for i._ZN42_INTERNAL_20_stm32f4xx_hal_uart_c_d497114f20UART_DMATransmitCpltEP19__DMA_HandleTypeDef
    stm32f4xx_hal_uart.o(.ARM.exidx) refers to stm32f4xx_hal_uart.o(i.HAL_UART_Transmit_DMA) for i.HAL_UART_Transmit_DMA
    stm32f4xx_hal_uart.o(.ARM.exidx) refers to stm32f4xx_hal_uart.o(i.HAL_UART_RxHalfCpltCallback) for i.HAL_UART_RxHalfCpltCallback
    stm32f4xx_hal_uart.o(.ARM.exidx) refers to stm32f4xx_hal_uart.o(i.HAL_UARTEx_RxEventCallback) for i.HAL_UARTEx_RxEventCallback
    stm32f4xx_hal_uart.o(.ARM.exidx) refers to stm32f4xx_hal_uart.o(i._ZN42_INTERNAL_20_stm32f4xx_hal_uart_c_d497114f18UART_DMARxHalfCpltEP19__DMA_HandleTypeDef) for i._ZN42_INTERNAL_20_stm32f4xx_hal_uart_c_d497114f18UART_DMARxHalfCpltEP19__DMA_HandleTypeDef
    stm32f4xx_hal_uart.o(.ARM.exidx) refers to stm32f4xx_hal_uart.o(i.HAL_UART_RxCpltCallback) for i.HAL_UART_RxCpltCallback
    stm32f4xx_hal_uart.o(.ARM.exidx) refers to stm32f4xx_hal_uart.o(i._ZN42_INTERNAL_20_stm32f4xx_hal_uart_c_d497114f19UART_DMAReceiveCpltEP19__DMA_HandleTypeDef) for i._ZN42_INTERNAL_20_stm32f4xx_hal_uart_c_d497114f19UART_DMAReceiveCpltEP19__DMA_HandleTypeDef
    stm32f4xx_hal_uart.o(.ARM.exidx) refers to stm32f4xx_hal_uart.o(i.UART_Start_Receive_DMA) for i.UART_Start_Receive_DMA
    stm32f4xx_hal_uart.o(.ARM.exidx) refers to stm32f4xx_hal_uart.o(i.HAL_UART_Receive_DMA) for i.HAL_UART_Receive_DMA
    stm32f4xx_hal_uart.o(.ARM.exidx) refers to stm32f4xx_hal_uart.o(i.HAL_UART_DMAPause) for i.HAL_UART_DMAPause
    stm32f4xx_hal_uart.o(.ARM.exidx) refers to stm32f4xx_hal_uart.o(i.HAL_UART_DMAResume) for i.HAL_UART_DMAResume
    stm32f4xx_hal_uart.o(.ARM.exidx) refers to stm32f4xx_hal_uart.o(i.HAL_UART_DMAStop) for i.HAL_UART_DMAStop
    stm32f4xx_hal_uart.o(.ARM.exidx) refers to stm32f4xx_hal_uart.o(i.HAL_UARTEx_ReceiveToIdle) for i.HAL_UARTEx_ReceiveToIdle
    stm32f4xx_hal_uart.o(.ARM.exidx) refers to stm32f4xx_hal_uart.o(i.HAL_UARTEx_ReceiveToIdle_IT) for i.HAL_UARTEx_ReceiveToIdle_IT
    stm32f4xx_hal_uart.o(.ARM.exidx) refers to stm32f4xx_hal_uart.o(i.HAL_UARTEx_ReceiveToIdle_DMA) for i.HAL_UARTEx_ReceiveToIdle_DMA
    stm32f4xx_hal_uart.o(.ARM.exidx) refers to stm32f4xx_hal_uart.o(i.HAL_UARTEx_GetRxEventType) for i.HAL_UARTEx_GetRxEventType
    stm32f4xx_hal_uart.o(.ARM.exidx) refers to stm32f4xx_hal_uart.o(i.HAL_UART_Abort) for i.HAL_UART_Abort
    stm32f4xx_hal_uart.o(.ARM.exidx) refers to stm32f4xx_hal_uart.o(i.HAL_UART_AbortTransmit) for i.HAL_UART_AbortTransmit
    stm32f4xx_hal_uart.o(.ARM.exidx) refers to stm32f4xx_hal_uart.o(i.HAL_UART_AbortReceive) for i.HAL_UART_AbortReceive
    stm32f4xx_hal_uart.o(.ARM.exidx) refers to stm32f4xx_hal_uart.o(i.HAL_UART_AbortCpltCallback) for i.HAL_UART_AbortCpltCallback
    stm32f4xx_hal_uart.o(.ARM.exidx) refers to stm32f4xx_hal_uart.o(i._ZN42_INTERNAL_20_stm32f4xx_hal_uart_c_d497114f23UART_DMARxAbortCallbackEP19__DMA_HandleTypeDef) for i._ZN42_INTERNAL_20_stm32f4xx_hal_uart_c_d497114f23UART_DMARxAbortCallbackEP19__DMA_HandleTypeDef
    stm32f4xx_hal_uart.o(.ARM.exidx) refers to stm32f4xx_hal_uart.o(i._ZN42_INTERNAL_20_stm32f4xx_hal_uart_c_d497114f23UART_DMATxAbortCallbackEP19__DMA_HandleTypeDef) for i._ZN42_INTERNAL_20_stm32f4xx_hal_uart_c_d497114f23UART_DMATxAbortCallbackEP19__DMA_HandleTypeDef
    stm32f4xx_hal_uart.o(.ARM.exidx) refers to stm32f4xx_hal_uart.o(i.HAL_UART_Abort_IT) for i.HAL_UART_Abort_IT
    stm32f4xx_hal_uart.o(.ARM.exidx) refers to stm32f4xx_hal_uart.o(i.HAL_UART_AbortTransmitCpltCallback) for i.HAL_UART_AbortTransmitCpltCallback
    stm32f4xx_hal_uart.o(.ARM.exidx) refers to stm32f4xx_hal_uart.o(i._ZN42_INTERNAL_20_stm32f4xx_hal_uart_c_d497114f27UART_DMATxOnlyAbortCallbackEP19__DMA_HandleTypeDef) for i._ZN42_INTERNAL_20_stm32f4xx_hal_uart_c_d497114f27UART_DMATxOnlyAbortCallbackEP19__DMA_HandleTypeDef
    stm32f4xx_hal_uart.o(.ARM.exidx) refers to stm32f4xx_hal_uart.o(i.HAL_UART_AbortTransmit_IT) for i.HAL_UART_AbortTransmit_IT
    stm32f4xx_hal_uart.o(.ARM.exidx) refers to stm32f4xx_hal_uart.o(i.HAL_UART_AbortReceiveCpltCallback) for i.HAL_UART_AbortReceiveCpltCallback
    stm32f4xx_hal_uart.o(.ARM.exidx) refers to stm32f4xx_hal_uart.o(i._ZN42_INTERNAL_20_stm32f4xx_hal_uart_c_d497114f27UART_DMARxOnlyAbortCallbackEP19__DMA_HandleTypeDef) for i._ZN42_INTERNAL_20_stm32f4xx_hal_uart_c_d497114f27UART_DMARxOnlyAbortCallbackEP19__DMA_HandleTypeDef
    stm32f4xx_hal_uart.o(.ARM.exidx) refers to stm32f4xx_hal_uart.o(i.HAL_UART_AbortReceive_IT) for i.HAL_UART_AbortReceive_IT
    stm32f4xx_hal_uart.o(.ARM.exidx) refers to stm32f4xx_hal_uart.o(i._ZN42_INTERNAL_20_stm32f4xx_hal_uart_c_d497114f19UART_EndTransmit_ITEP20__UART_HandleTypeDef) for i._ZN42_INTERNAL_20_stm32f4xx_hal_uart_c_d497114f19UART_EndTransmit_ITEP20__UART_HandleTypeDef
    stm32f4xx_hal_uart.o(.ARM.exidx) refers to stm32f4xx_hal_uart.o(i._ZN42_INTERNAL_20_stm32f4xx_hal_uart_c_d497114f16UART_Transmit_ITEP20__UART_HandleTypeDef) for i._ZN42_INTERNAL_20_stm32f4xx_hal_uart_c_d497114f16UART_Transmit_ITEP20__UART_HandleTypeDef
    stm32f4xx_hal_uart.o(.ARM.exidx) refers to stm32f4xx_hal_uart.o(i._ZN42_INTERNAL_20_stm32f4xx_hal_uart_c_d497114f20UART_DMAAbortOnErrorEP19__DMA_HandleTypeDef) for i._ZN42_INTERNAL_20_stm32f4xx_hal_uart_c_d497114f20UART_DMAAbortOnErrorEP19__DMA_HandleTypeDef
    stm32f4xx_hal_uart.o(.ARM.exidx) refers to stm32f4xx_hal_uart.o(i._ZN42_INTERNAL_20_stm32f4xx_hal_uart_c_d497114f15UART_Receive_ITEP20__UART_HandleTypeDef) for i._ZN42_INTERNAL_20_stm32f4xx_hal_uart_c_d497114f15UART_Receive_ITEP20__UART_HandleTypeDef
    stm32f4xx_hal_uart.o(.ARM.exidx) refers to stm32f4xx_hal_uart.o(i.HAL_UART_IRQHandler) for i.HAL_UART_IRQHandler
    stm32f4xx_hal_uart.o(.ARM.exidx) refers to stm32f4xx_hal_uart.o(i.HAL_LIN_SendBreak) for i.HAL_LIN_SendBreak
    stm32f4xx_hal_uart.o(.ARM.exidx) refers to stm32f4xx_hal_uart.o(i.HAL_MultiProcessor_EnterMuteMode) for i.HAL_MultiProcessor_EnterMuteMode
    stm32f4xx_hal_uart.o(.ARM.exidx) refers to stm32f4xx_hal_uart.o(i.HAL_MultiProcessor_ExitMuteMode) for i.HAL_MultiProcessor_ExitMuteMode
    stm32f4xx_hal_uart.o(.ARM.exidx) refers to stm32f4xx_hal_uart.o(i.HAL_HalfDuplex_EnableTransmitter) for i.HAL_HalfDuplex_EnableTransmitter
    stm32f4xx_hal_uart.o(.ARM.exidx) refers to stm32f4xx_hal_uart.o(i.HAL_HalfDuplex_EnableReceiver) for i.HAL_HalfDuplex_EnableReceiver
    stm32f4xx_hal_uart.o(.ARM.exidx) refers to stm32f4xx_hal_uart.o(i.HAL_UART_GetState) for i.HAL_UART_GetState
    stm32f4xx_hal_uart.o(.ARM.exidx) refers to stm32f4xx_hal_uart.o(i.HAL_UART_GetError) for i.HAL_UART_GetError
    system_stm32f4xx.o(i.SystemCoreClockUpdate) refers to system_stm32f4xx.o(.data) for SystemCoreClock
    system_stm32f4xx.o(i.SystemCoreClockUpdate) refers to system_stm32f4xx.o(.constdata) for AHBPrescTable
    system_stm32f4xx.o(.ARM.exidx) refers to system_stm32f4xx.o(i.SystemInit) for i.SystemInit
    system_stm32f4xx.o(.ARM.exidx) refers to system_stm32f4xx.o(i.SystemCoreClockUpdate) for i.SystemCoreClockUpdate
    chassis_task_3.o(i._Z12Chassis_Initv) refers to pid_3.o(i._Z8PID_InitP11PID_TypeDeffffff) for PID_Init(PID_TypeDef*, float, float, float, float, float)
    chassis_task_3.o(i._Z12Chassis_Initv) refers to chassis_task_3.o(.bss) for pid_chassis
    chassis_task_3.o(i._Z20Chassis_Loop_Handlerv) refers to _printf_percent.o(.ARM.Collect$$_printf_percent$$00000000) for _printf_percent
    chassis_task_3.o(i._Z20Chassis_Loop_Handlerv) refers to _printf_f.o(.ARM.Collect$$_printf_percent$$00000003) for _printf_f
    chassis_task_3.o(i._Z20Chassis_Loop_Handlerv) refers to printf1.o(x$fpl$printf1) for _printf_fp_dec
    chassis_task_3.o(i._Z20Chassis_Loop_Handlerv) refers to chassis_task_3.o(i._ZN36_INTERNAL_14_chassis_task_c_f9b2303117Set_Motor_Tx_DataEPhhs) for [local to chassis_task_c]::Set_Motor_Tx_Data(unsigned char*, unsigned char, short)
    chassis_task_3.o(i._Z20Chassis_Loop_Handlerv) refers to pid_3.o(i._Z8PID_CalcP11PID_TypeDefff) for PID_Calc(PID_TypeDef*, float, float)
    chassis_task_3.o(i._Z20Chassis_Loop_Handlerv) refers to f2d.o(x$fpl$f2d) for __aeabi_f2d
    chassis_task_3.o(i._Z20Chassis_Loop_Handlerv) refers to __2sprintf.o(.text) for __2sprintf
    chassis_task_3.o(i._Z20Chassis_Loop_Handlerv) refers to stm32f4xx_hal_uart.o(i.HAL_UART_Transmit) for HAL_UART_Transmit
    chassis_task_3.o(i._Z20Chassis_Loop_Handlerv) refers to drv_can_3.o(.bss) for rc
    chassis_task_3.o(i._Z20Chassis_Loop_Handlerv) refers to remote_3.o(.bss) for rc
    chassis_task_3.o(i._Z20Chassis_Loop_Handlerv) refers to drv_can_3.o(.data) for CAN1_0x200_Tx_Data
    chassis_task_3.o(i._Z20Chassis_Loop_Handlerv) refers to chassis_task_3.o(.bss) for pid_chassis
    chassis_task_3.o(i._Z20Chassis_Loop_Handlerv) refers to usart.o(.bss) for huart6
    chassis_task_3.o(.ARM.exidx) refers to chassis_task_3.o(i._Z12Chassis_Initv) for i._Z12Chassis_Initv
    chassis_task_3.o(.ARM.exidx) refers to chassis_task_3.o(i._ZN36_INTERNAL_14_chassis_task_c_f9b2303117Set_Motor_Tx_DataEPhhs) for i._ZN36_INTERNAL_14_chassis_task_c_f9b2303117Set_Motor_Tx_DataEPhhs
    chassis_task_3.o(.ARM.exidx) refers to chassis_task_3.o(i._Z20Chassis_Loop_Handlerv) for i._Z20Chassis_Loop_Handlerv
    drv_can_3.o(i.HAL_CAN_RxFifo0MsgPendingCallback) refers to stm32f4xx_hal_can.o(i.HAL_CAN_GetRxMessage) for HAL_CAN_GetRxMessage
    drv_can_3.o(i.HAL_CAN_RxFifo0MsgPendingCallback) refers to rt_memcpy_w.o(.text) for __aeabi_memcpy4
    drv_can_3.o(i.HAL_CAN_RxFifo0MsgPendingCallback) refers to drv_can_3.o(.bss) for motor_chassis
    drv_can_3.o(i.HAL_CAN_RxFifo0MsgPendingCallback) refers to drv_can_3.o(.data) for CAN1_Manage_Object
    drv_can_3.o(i._Z13CAN_Send_DataP17CAN_HandleTypeDeftPht) refers to stm32f4xx_hal_can.o(i.HAL_CAN_AddTxMessage) for HAL_CAN_AddTxMessage
    drv_can_3.o(i._Z14rc_processdataPh) refers to drv_can_3.o(i._Z6offsets) for offset(short)
    drv_can_3.o(i._Z14rc_processdataPh) refers to remote_3.o(i._Z6offsets) for offset(short)
    drv_can_3.o(i._Z14rc_processdataPh) refers to drv_can_3.o(.bss) for rc
    drv_can_3.o(i._Z14rc_processdataPh) refers to remote_3.o(.bss) for rc
    drv_can_3.o(i._Z15CAN1_Send_0x200v) refers to stm32f4xx_hal_can.o(i.HAL_CAN_GetTxMailboxesFreeLevel) for HAL_CAN_GetTxMailboxesFreeLevel
    drv_can_3.o(i._Z15CAN1_Send_0x200v) refers to stm32f4xx_hal_can.o(i.HAL_CAN_AddTxMessage) for HAL_CAN_AddTxMessage
    drv_can_3.o(i._Z15CAN1_Send_0x200v) refers to can.o(.bss) for hcan1
    drv_can_3.o(i._Z15CAN1_Send_0x200v) refers to drv_can_3.o(.data) for CAN1_0x200_Tx_Data
    drv_can_3.o(i._Z22CAN_Filter_Mask_ConfigP17CAN_HandleTypeDefhjj) refers to stm32f4xx_hal_can.o(i.HAL_CAN_ConfigFilter) for HAL_CAN_ConfigFilter
    drv_can_3.o(i._Z29TIM_CAN_PeriodElapsedCallbackv) refers to chassis_task_3.o(i._Z20Chassis_Loop_Handlerv) for Chassis_Loop_Handler()
    drv_can_3.o(i._Z29TIM_CAN_PeriodElapsedCallbackv) refers to drv_can_3.o(i._Z13CAN_Send_DataP17CAN_HandleTypeDeftPht) for CAN_Send_Data(CAN_HandleTypeDef*, unsigned short, unsigned char*, unsigned short)
    drv_can_3.o(i._Z29TIM_CAN_PeriodElapsedCallbackv) refers to drv_can_3.o(.data) for CAN1_0x200_Tx_Data
    drv_can_3.o(i._Z29TIM_CAN_PeriodElapsedCallbackv) refers to can.o(.bss) for hcan1
    drv_can_3.o(i._Z7rc_initv) refers to stm32f4xx_hal_dma.o(i.HAL_DMA_Start) for HAL_DMA_Start
    drv_can_3.o(i._Z7rc_initv) refers to drv_can_3.o(.bss) for rc
    drv_can_3.o(i._Z7rc_initv) refers to remote_3.o(.bss) for rc
    drv_can_3.o(i._Z7rc_initv) refers to usart.o(.bss) for huart3
    drv_can_3.o(i._Z7rc_initv) refers to drv_can_3.o(.data) for pData
    drv_can_3.o(i._Z7rc_initv) refers to remote_3.o(.data) for pData
    drv_can_3.o(i._Z8CAN_InitP17CAN_HandleTypeDefPFvP20Struct_CAN_Rx_BufferE) refers to stm32f4xx_hal_can.o(i.HAL_CAN_Start) for HAL_CAN_Start
    drv_can_3.o(i._Z8CAN_InitP17CAN_HandleTypeDefPFvP20Struct_CAN_Rx_BufferE) refers to drv_can_3.o(.data) for CAN1_Manage_Object
    drv_can_3.o(.ARM.exidx) refers to drv_can_3.o(i._Z7rc_initv) for i._Z7rc_initv
    drv_can_3.o(.ARM.exidx) refers to drv_can_3.o(i._Z6offsets) for i._Z6offsets
    drv_can_3.o(.ARM.exidx) refers to drv_can_3.o(i._Z14rc_processdataPh) for i._Z14rc_processdataPh
    drv_can_3.o(.ARM.exidx) refers to drv_can_3.o(i._Z15CAN1_Send_0x200v) for i._Z15CAN1_Send_0x200v
    drv_can_3.o(.ARM.exidx) refers to drv_can_3.o(i._Z8CAN_InitP17CAN_HandleTypeDefPFvP20Struct_CAN_Rx_BufferE) for i._Z8CAN_InitP17CAN_HandleTypeDefPFvP20Struct_CAN_Rx_BufferE
    drv_can_3.o(.ARM.exidx) refers to drv_can_3.o(i._Z22CAN_Filter_Mask_ConfigP17CAN_HandleTypeDefhjj) for i._Z22CAN_Filter_Mask_ConfigP17CAN_HandleTypeDefhjj
    drv_can_3.o(.ARM.exidx) refers to drv_can_3.o(i._Z13CAN_Send_DataP17CAN_HandleTypeDeftPht) for i._Z13CAN_Send_DataP17CAN_HandleTypeDeftPht
    drv_can_3.o(.ARM.exidx) refers to drv_can_3.o(i._Z29TIM_CAN_PeriodElapsedCallbackv) for i._Z29TIM_CAN_PeriodElapsedCallbackv
    drv_can_3.o(.ARM.exidx) refers to drv_can_3.o(i.HAL_CAN_RxFifo0MsgPendingCallback) for i.HAL_CAN_RxFifo0MsgPendingCallback
    drv_can_3.o(.data) refers to drv_can_3.o(.bss) for rxBuff
    drv_can_3.o(.data) refers to remote_3.o(.bss) for rxBuff
    pid_3.o(.ARM.exidx) refers to pid_3.o(i._Z8PID_InitP11PID_TypeDeffffff) for i._Z8PID_InitP11PID_TypeDeffffff
    pid_3.o(.ARM.exidx) refers to pid_3.o(i._Z8PID_CalcP11PID_TypeDefff) for i._Z8PID_CalcP11PID_TypeDefff
    remote_3.o(i._Z14rc_processdataPh) refers to drv_can_3.o(i._Z6offsets) for offset(short)
    remote_3.o(i._Z14rc_processdataPh) refers to remote_3.o(i._Z6offsets) for offset(short)
    remote_3.o(i._Z14rc_processdataPh) refers to drv_can_3.o(.bss) for rc
    remote_3.o(i._Z14rc_processdataPh) refers to remote_3.o(.bss) for rc
    remote_3.o(i._Z7rc_initv) refers to stm32f4xx_hal_dma.o(i.HAL_DMA_Start) for HAL_DMA_Start
    remote_3.o(i._Z7rc_initv) refers to drv_can_3.o(.bss) for rc
    remote_3.o(i._Z7rc_initv) refers to remote_3.o(.bss) for rc
    remote_3.o(i._Z7rc_initv) refers to usart.o(.bss) for huart3
    remote_3.o(i._Z7rc_initv) refers to drv_can_3.o(.data) for pData
    remote_3.o(i._Z7rc_initv) refers to remote_3.o(.data) for pData
    remote_3.o(.ARM.exidx) refers to remote_3.o(i._Z7rc_initv) for i._Z7rc_initv
    remote_3.o(.ARM.exidx) refers to remote_3.o(i._Z6offsets) for i._Z6offsets
    remote_3.o(.ARM.exidx) refers to remote_3.o(i._Z14rc_processdataPh) for i._Z14rc_processdataPh
    remote_3.o(.data) refers to drv_can_3.o(.bss) for rxBuff
    remote_3.o(.data) refers to remote_3.o(.bss) for rxBuff
    __2sprintf.o(.text) refers to _printf_char_common.o(.text) for _printf_char_common
    __2sprintf.o(.text) refers to _sputc.o(.text) for _sputc
    noretval__2sprintf.o(.text) refers to _printf_char_common.o(.text) for _printf_char_common
    noretval__2sprintf.o(.text) refers to _sputc.o(.text) for _sputc
    __printf.o(.text) refers to _printf_percent.o(.ARM.Collect$$_printf_percent$$00000000) for _printf_percent
    __printf_flags.o(.text) refers to _printf_percent.o(.ARM.Collect$$_printf_percent$$00000000) for _printf_percent
    __printf_flags.o(.text) refers to __printf_flags.o(.constdata) for .constdata
    __printf_ss.o(.text) refers to _printf_percent.o(.ARM.Collect$$_printf_percent$$00000000) for _printf_percent
    __printf_flags_ss.o(.text) refers to _printf_percent.o(.ARM.Collect$$_printf_percent$$00000000) for _printf_percent
    __printf_flags_ss.o(.text) refers to __printf_flags_ss.o(.constdata) for .constdata
    __printf_wp.o(.text) refers to __printf_wp.o(i._is_digit) for _is_digit
    __printf_wp.o(.text) refers to _printf_percent.o(.ARM.Collect$$_printf_percent$$00000000) for _printf_percent
    __printf_flags_wp.o(.text) refers to __printf_wp.o(i._is_digit) for _is_digit
    __printf_flags_wp.o(.text) refers to _printf_percent.o(.ARM.Collect$$_printf_percent$$00000000) for _printf_percent
    __printf_flags_wp.o(.text) refers to __printf_flags_wp.o(.constdata) for .constdata
    __printf_ss_wp.o(.text) refers to __printf_wp.o(i._is_digit) for _is_digit
    __printf_ss_wp.o(.text) refers to _printf_percent.o(.ARM.Collect$$_printf_percent$$00000000) for _printf_percent
    __printf_flags_ss_wp.o(.text) refers to __printf_wp.o(i._is_digit) for _is_digit
    __printf_flags_ss_wp.o(.text) refers to _printf_percent.o(.ARM.Collect$$_printf_percent$$00000000) for _printf_percent
    __printf_flags_ss_wp.o(.text) refers to __printf_flags_ss_wp.o(.constdata) for .constdata
    _printf_f.o(.ARM.Collect$$_printf_percent$$00000003) refers (Weak) to printf1.o(x$fpl$printf1) for _printf_fp_dec
    _printf_percent.o(.ARM.Collect$$_printf_percent$$00000000) refers (Special) to _printf_percent_end.o(.ARM.Collect$$_printf_percent$$00000017) for _printf_percent_end
    __main.o(!!!main) refers to __rtentry.o(.ARM.Collect$$rtentry$$00000000) for __rt_entry
    d2f.o(x$fpl$d2f) refers (Special) to usenofp.o(x$fpl$usenofp) for __I$use$fp
    d2f.o(x$fpl$d2f) refers to fretinf.o(x$fpl$fretinf) for __fpl_fretinf
    d2f.o(x$fpl$d2f) refers to dnaninf.o(x$fpl$dnaninf) for __fpl_dnaninf
    f2d.o(x$fpl$f2d) refers (Special) to usenofp.o(x$fpl$usenofp) for __I$use$fp
    f2d.o(x$fpl$f2d) refers to fnaninf.o(x$fpl$fnaninf) for __fpl_fnaninf
    f2d.o(x$fpl$f2d) refers to dretinf.o(x$fpl$dretinf) for __fpl_dretinf
    printf1.o(x$fpl$printf1) refers to _printf_fp_dec.o(.text) for _printf_fp_dec_real
    atof.o(i.__hardfp_atof) refers (Special) to usenofp.o(x$fpl$usenofp) for __I$use$fp
    atof.o(i.__hardfp_atof) refers to _rserrno.o(.text) for __read_errno
    atof.o(i.__hardfp_atof) refers to strtod.o(.text) for __strtod_int
    atof.o(i.__softfp_atof) refers (Special) to usenofp.o(x$fpl$usenofp) for __I$use$fp
    atof.o(i.__softfp_atof) refers to _rserrno.o(.text) for __read_errno
    atof.o(i.__softfp_atof) refers to strtod.o(.text) for __strtod_int
    atof.o(i.atof) refers (Special) to usenofp.o(x$fpl$usenofp) for __I$use$fp
    atof.o(i.atof) refers to _rserrno.o(.text) for __read_errno
    atof.o(i.atof) refers to strtod.o(.text) for __strtod_int
    __rtentry.o(.ARM.Collect$$rtentry$$00000000) refers (Special) to __rtentry2.o(.ARM.Collect$$rtentry$$0000000A) for __rt_entry_li
    __rtentry.o(.ARM.Collect$$rtentry$$00000000) refers (Special) to __rtentry2.o(.ARM.Collect$$rtentry$$0000000D) for __rt_entry_main
    __rtentry.o(.ARM.Collect$$rtentry$$00000000) refers (Special) to __rtentry2.o(.ARM.Collect$$rtentry$$0000000C) for __rt_entry_postli_1
    __rtentry.o(.ARM.Collect$$rtentry$$00000000) refers (Special) to __rtentry2.o(.ARM.Collect$$rtentry$$00000009) for __rt_entry_postsh_1
    __rtentry.o(.ARM.Collect$$rtentry$$00000000) refers (Special) to __rtentry2.o(.ARM.Collect$$rtentry$$00000002) for __rt_entry_presh_1
    __rtentry.o(.ARM.Collect$$rtentry$$00000000) refers (Special) to __rtentry4.o(.ARM.Collect$$rtentry$$00000004) for __rt_entry_sh
    aeabi_ldiv0_sigfpe.o(.text) refers to rt_div0.o(.text) for __rt_div0
    _rserrno.o(.text) refers to rt_errno_addr_intlibspace.o(.text) for __aeabi_errno_addr
    _printf_fp_dec.o(.text) refers (Special) to usenofp.o(x$fpl$usenofp) for __I$use$fp
    _printf_fp_dec.o(.text) refers (Special) to lc_numeric_c.o(locale$$code) for _get_lc_numeric
    _printf_fp_dec.o(.text) refers to bigflt0.o(.text) for _btod_etento
    _printf_fp_dec.o(.text) refers to btod.o(CL$$btod_d2e) for _btod_d2e
    _printf_fp_dec.o(.text) refers to btod.o(CL$$btod_ediv) for _btod_ediv
    _printf_fp_dec.o(.text) refers to btod.o(CL$$btod_emul) for _btod_emul
    _printf_fp_dec.o(.text) refers to lludiv10.o(.text) for _ll_udiv10
    _printf_fp_dec.o(.text) refers to fpclassify.o(i.__ARM_fpclassify) for __ARM_fpclassify
    _printf_fp_dec.o(.text) refers to _printf_fp_infnan.o(.text) for _printf_fp_infnan
    _printf_fp_dec.o(.text) refers to rt_locale_intlibspace.o(.text) for __rt_locale
    _printf_char_common.o(.text) refers to __printf_wp.o(.text) for __printf
    strtod.o(.text) refers (Special) to lc_numeric_c.o(locale$$code) for _get_lc_numeric
    strtod.o(.text) refers to scanf1.o(x$fpl$scanf1) for _scanf_real
    strtod.o(.text) refers to _sgetc.o(.text) for _sgetc
    strtod.o(.text) refers to isspace.o(.text) for isspace
    dnaninf.o(x$fpl$dnaninf) refers (Special) to usenofp.o(x$fpl$usenofp) for __I$use$fp
    dretinf.o(x$fpl$dretinf) refers (Special) to usenofp.o(x$fpl$usenofp) for __I$use$fp
    fnaninf.o(x$fpl$fnaninf) refers (Special) to usenofp.o(x$fpl$usenofp) for __I$use$fp
    fretinf.o(x$fpl$fretinf) refers (Special) to usenofp.o(x$fpl$usenofp) for __I$use$fp
    __rtentry2.o(.ARM.Collect$$rtentry$$00000008) refers to boardinit2.o(.text) for _platform_post_stackheap_init
    __rtentry2.o(.ARM.Collect$$rtentry$$0000000A) refers to libinit.o(.ARM.Collect$$libinit$$00000000) for __rt_lib_init
    __rtentry2.o(.ARM.Collect$$rtentry$$0000000B) refers to boardinit3.o(.text) for _platform_post_lib_init
    __rtentry2.o(.ARM.Collect$$rtentry$$0000000D) refers to main.o(i.main) for main
    __rtentry2.o(.ARM.Collect$$rtentry$$0000000D) refers to exit.o(.text) for exit
    __rtentry2.o(.ARM.exidx) refers to __rtentry2.o(.ARM.Collect$$rtentry$$00000001) for .ARM.Collect$$rtentry$$00000001
    __rtentry2.o(.ARM.exidx) refers to __rtentry2.o(.ARM.Collect$$rtentry$$00000008) for .ARM.Collect$$rtentry$$00000008
    __rtentry2.o(.ARM.exidx) refers to __rtentry2.o(.ARM.Collect$$rtentry$$0000000A) for .ARM.Collect$$rtentry$$0000000A
    __rtentry2.o(.ARM.exidx) refers to __rtentry2.o(.ARM.Collect$$rtentry$$0000000B) for .ARM.Collect$$rtentry$$0000000B
    __rtentry2.o(.ARM.exidx) refers to __rtentry2.o(.ARM.Collect$$rtentry$$0000000D) for .ARM.Collect$$rtentry$$0000000D
    __rtentry4.o(.ARM.Collect$$rtentry$$00000004) refers to sys_stackheap_outer.o(.text) for __user_setup_stackheap
    __rtentry4.o(.ARM.exidx) refers to __rtentry4.o(.ARM.Collect$$rtentry$$00000004) for .ARM.Collect$$rtentry$$00000004
    rt_div0.o(.text) refers to defsig_fpe_outer.o(.text) for __rt_SIGFPE
    rt_locale.o(.text) refers to rt_locale.o(.bss) for __rt_locale_data
    rt_locale_intlibspace.o(.text) refers to libspace.o(.bss) for __libspace_start
    rt_errno_addr.o(.text) refers to rt_errno_addr.o(.bss) for __aeabi_errno_addr_data
    rt_errno_addr_intlibspace.o(.text) refers to libspace.o(.bss) for __libspace_start
    isspace.o(.text) refers to rt_ctype_table.o(.text) for __rt_ctype_table
    bigflt0.o(.text) refers (Special) to usenofp.o(x$fpl$usenofp) for __I$use$fp
    bigflt0.o(.text) refers to btod.o(CL$$btod_emul) for _btod_emul
    bigflt0.o(.text) refers to btod.o(CL$$btod_ediv) for _btod_ediv
    bigflt0.o(.text) refers to bigflt0.o(.constdata) for .constdata
    bigflt0.o(.constdata) refers (Special) to usenofp.o(x$fpl$usenofp) for __I$use$fp
    btod.o(CL$$btod_d2e) refers (Special) to usenofp.o(x$fpl$usenofp) for __I$use$fp
    btod.o(CL$$btod_d2e) refers to btod.o(CL$$btod_d2e_norm_op1) for _d2e_norm_op1
    btod.o(CL$$btod_d2e_norm_op1) refers (Special) to usenofp.o(x$fpl$usenofp) for __I$use$fp
    btod.o(CL$$btod_d2e_norm_op1) refers to btod.o(CL$$btod_d2e_denorm_low) for _d2e_denorm_low
    btod.o(CL$$btod_d2e_denorm_low) refers (Special) to usenofp.o(x$fpl$usenofp) for __I$use$fp
    btod.o(CL$$btod_emul) refers (Special) to usenofp.o(x$fpl$usenofp) for __I$use$fp
    btod.o(CL$$btod_emul) refers to btod.o(CL$$btod_mult_common) for __btod_mult_common
    btod.o(CL$$btod_emul) refers to btod.o(CL$$btod_e2e) for _e2e
    btod.o(CL$$btod_ediv) refers (Special) to usenofp.o(x$fpl$usenofp) for __I$use$fp
    btod.o(CL$$btod_ediv) refers to btod.o(CL$$btod_div_common) for __btod_div_common
    btod.o(CL$$btod_ediv) refers to btod.o(CL$$btod_e2e) for _e2e
    btod.o(CL$$btod_emuld) refers (Special) to usenofp.o(x$fpl$usenofp) for __I$use$fp
    btod.o(CL$$btod_emuld) refers to btod.o(CL$$btod_mult_common) for __btod_mult_common
    btod.o(CL$$btod_emuld) refers to btod.o(CL$$btod_e2d) for _e2d
    btod.o(CL$$btod_edivd) refers (Special) to usenofp.o(x$fpl$usenofp) for __I$use$fp
    btod.o(CL$$btod_edivd) refers to btod.o(CL$$btod_div_common) for __btod_div_common
    btod.o(CL$$btod_edivd) refers to btod.o(CL$$btod_e2d) for _e2d
    btod.o(CL$$btod_e2e) refers (Special) to usenofp.o(x$fpl$usenofp) for __I$use$fp
    btod.o(CL$$btod_e2d) refers (Special) to usenofp.o(x$fpl$usenofp) for __I$use$fp
    btod.o(CL$$btod_e2d) refers to btod.o(CL$$btod_e2e) for _e2e
    btod.o(CL$$btod_mult_common) refers (Special) to usenofp.o(x$fpl$usenofp) for __I$use$fp
    btod.o(CL$$btod_div_common) refers (Special) to usenofp.o(x$fpl$usenofp) for __I$use$fp
    lc_numeric_c.o(locale$$data) refers (Special) to libinit2.o(.ARM.Collect$$libinit$$00000016) for __rt_lib_init_lc_numeric_2
    lc_numeric_c.o(locale$$code) refers (Special) to libinit2.o(.ARM.Collect$$libinit$$00000016) for __rt_lib_init_lc_numeric_2
    lc_numeric_c.o(locale$$code) refers to strcmpv7m.o(.text) for strcmp
    lc_numeric_c.o(locale$$code) refers to lc_numeric_c.o(locale$$data) for __lcnum_c_name
    istatus.o(x$fpl$ieeestatus) refers (Special) to usenofp.o(x$fpl$usenofp) for __I$use$fp
    scanf1.o(x$fpl$scanf1) refers to scanf_fp.o(.text) for _scanf_really_real
    fpclassify.o(i.__ARM_fpclassify) refers (Special) to usenofp.o(x$fpl$usenofp) for __I$use$fp
    libspace.o(.text) refers to libspace.o(.bss) for __libspace_start
    sys_stackheap_outer.o(.text) refers to libspace.o(.text) for __user_perproc_libspace
    sys_stackheap_outer.o(.text) refers to startup_stm32f407xx.o(.text) for __user_initial_stackheap
    rt_ctype_table.o(.text) refers to rt_locale_intlibspace.o(.text) for __rt_locale
    rt_ctype_table.o(.text) refers to lc_ctype_c.o(locale$$code) for _get_lc_ctype
    scanf_fp.o(.text) refers (Special) to usenofp.o(x$fpl$usenofp) for __I$use$fp
    scanf_fp.o(.text) refers (Special) to lc_numeric_c.o(locale$$code) for _get_lc_numeric
    scanf_fp.o(.text) refers to rt_errno_addr_intlibspace.o(.text) for __aeabi_errno_addr
    scanf_fp.o(.text) refers to bigflt0.o(.text) for _btod_etento
    scanf_fp.o(.text) refers to btod.o(CL$$btod_emuld) for _btod_emuld
    scanf_fp.o(.text) refers to btod.o(CL$$btod_edivd) for _btod_edivd
    scanf_fp.o(.text) refers to rt_locale_intlibspace.o(.text) for __rt_locale
    scanf_fp.o(.text) refers to scanf2.o(x$fpl$scanf2) for _scanf_infnan
    scanf_fp.o(.text) refers to __printf_wp.o(i._is_digit) for _is_digit
    scanf_fp.o(.text) refers to narrow.o(i.__mathlib_narrow) for __mathlib_narrow
    scanf_fp.o(.text) refers to fpconst.o(c$$dinf) for __huge_val
    exit.o(.text) refers to rtexit.o(.ARM.Collect$$rtexit$$00000000) for __rt_exit
    defsig_fpe_outer.o(.text) refers to defsig_fpe_inner.o(.text) for __rt_SIGFPE_inner
    defsig_fpe_outer.o(.text) refers to defsig_exit.o(.text) for __sig_exit
    defsig_fpe_formal.o(.text) refers to rt_raise.o(.text) for __rt_raise
    libinit.o(.ARM.Collect$$libinit$$00000000) refers (Special) to libinit2.o(.ARM.Collect$$libinit$$0000002E) for __rt_lib_init_alloca_1
    libinit.o(.ARM.Collect$$libinit$$00000000) refers (Special) to libinit2.o(.ARM.Collect$$libinit$$0000002C) for __rt_lib_init_argv_1
    libinit.o(.ARM.Collect$$libinit$$00000000) refers (Special) to libinit2.o(.ARM.Collect$$libinit$$0000001B) for __rt_lib_init_atexit_1
    libinit.o(.ARM.Collect$$libinit$$00000000) refers (Special) to libinit2.o(.ARM.Collect$$libinit$$00000021) for __rt_lib_init_clock_1
    libinit.o(.ARM.Collect$$libinit$$00000000) refers (Special) to libinit2.o(.ARM.Collect$$libinit$$00000032) for __rt_lib_init_cpp_1
    libinit.o(.ARM.Collect$$libinit$$00000000) refers (Special) to libinit2.o(.ARM.Collect$$libinit$$00000030) for __rt_lib_init_exceptions_1
    libinit.o(.ARM.Collect$$libinit$$00000000) refers (Special) to libinit2.o(.ARM.Collect$$libinit$$00000001) for __rt_lib_init_fp_1
    libinit.o(.ARM.Collect$$libinit$$00000000) refers (Special) to libinit2.o(.ARM.Collect$$libinit$$0000001F) for __rt_lib_init_fp_trap_1
    libinit.o(.ARM.Collect$$libinit$$00000000) refers (Special) to libinit2.o(.ARM.Collect$$libinit$$00000023) for __rt_lib_init_getenv_1
    libinit.o(.ARM.Collect$$libinit$$00000000) refers (Special) to libinit2.o(.ARM.Collect$$libinit$$0000000A) for __rt_lib_init_heap_1
    libinit.o(.ARM.Collect$$libinit$$00000000) refers (Special) to libinit2.o(.ARM.Collect$$libinit$$00000011) for __rt_lib_init_lc_collate_1
    libinit.o(.ARM.Collect$$libinit$$00000000) refers (Special) to libinit2.o(.ARM.Collect$$libinit$$00000013) for __rt_lib_init_lc_ctype_1
    libinit.o(.ARM.Collect$$libinit$$00000000) refers (Special) to libinit2.o(.ARM.Collect$$libinit$$00000015) for __rt_lib_init_lc_monetary_1
    libinit.o(.ARM.Collect$$libinit$$00000000) refers (Special) to libinit2.o(.ARM.Collect$$libinit$$00000017) for __rt_lib_init_lc_numeric_1
    libinit.o(.ARM.Collect$$libinit$$00000000) refers (Special) to libinit2.o(.ARM.Collect$$libinit$$00000019) for __rt_lib_init_lc_time_1
    libinit.o(.ARM.Collect$$libinit$$00000000) refers (Special) to libinit2.o(.ARM.Collect$$libinit$$00000004) for __rt_lib_init_preinit_1
    libinit.o(.ARM.Collect$$libinit$$00000000) refers (Special) to libinit2.o(.ARM.Collect$$libinit$$0000000E) for __rt_lib_init_rand_1
    libinit.o(.ARM.Collect$$libinit$$00000000) refers (Special) to libinit2.o(.ARM.Collect$$libinit$$00000033) for __rt_lib_init_return
    libinit.o(.ARM.Collect$$libinit$$00000000) refers (Special) to libinit2.o(.ARM.Collect$$libinit$$0000001D) for __rt_lib_init_signal_1
    libinit.o(.ARM.Collect$$libinit$$00000000) refers (Special) to libinit2.o(.ARM.Collect$$libinit$$00000025) for __rt_lib_init_stdio_1
    libinit.o(.ARM.Collect$$libinit$$00000000) refers (Special) to libinit2.o(.ARM.Collect$$libinit$$0000000C) for __rt_lib_init_user_alloc_1
    libinit2.o(.ARM.Collect$$libinit$$00000001) refers to fpinit.o(x$fpl$fpinit) for _fp_init
    libinit2.o(.ARM.Collect$$libinit$$0000000F) refers (Weak) to rt_locale_intlibspace.o(.text) for __rt_locale
    libinit2.o(.ARM.Collect$$libinit$$00000010) refers to libinit2.o(.ARM.Collect$$libinit$$0000000F) for .ARM.Collect$$libinit$$0000000F
    libinit2.o(.ARM.Collect$$libinit$$00000012) refers to libinit2.o(.ARM.Collect$$libinit$$0000000F) for .ARM.Collect$$libinit$$0000000F
    libinit2.o(.ARM.Collect$$libinit$$00000012) refers (Weak) to lc_ctype_c.o(locale$$code) for _get_lc_ctype
    libinit2.o(.ARM.Collect$$libinit$$00000014) refers to libinit2.o(.ARM.Collect$$libinit$$0000000F) for .ARM.Collect$$libinit$$0000000F
    libinit2.o(.ARM.Collect$$libinit$$00000016) refers to libinit2.o(.ARM.Collect$$libinit$$0000000F) for .ARM.Collect$$libinit$$0000000F
    libinit2.o(.ARM.Collect$$libinit$$00000016) refers (Weak) to lc_numeric_c.o(locale$$code) for _get_lc_numeric
    libinit2.o(.ARM.Collect$$libinit$$00000018) refers to libinit2.o(.ARM.Collect$$libinit$$0000000F) for .ARM.Collect$$libinit$$0000000F
    libinit2.o(.ARM.Collect$$libinit$$00000026) refers to argv_veneer.o(.emb_text) for __ARM_argv_veneer
    libinit2.o(.ARM.Collect$$libinit$$00000027) refers to argv_veneer.o(.emb_text) for __ARM_argv_veneer
    rtexit.o(.ARM.Collect$$rtexit$$00000000) refers (Special) to rtexit2.o(.ARM.Collect$$rtexit$$00000004) for __rt_exit_exit
    rtexit.o(.ARM.Collect$$rtexit$$00000000) refers (Special) to rtexit2.o(.ARM.Collect$$rtexit$$00000003) for __rt_exit_ls
    rtexit.o(.ARM.Collect$$rtexit$$00000000) refers (Special) to rtexit2.o(.ARM.Collect$$rtexit$$00000002) for __rt_exit_prels_1
    rtexit.o(.ARM.exidx) refers (Special) to rtexit2.o(.ARM.Collect$$rtexit$$00000004) for __rt_exit_exit
    rtexit.o(.ARM.exidx) refers (Special) to rtexit2.o(.ARM.Collect$$rtexit$$00000003) for __rt_exit_ls
    rtexit.o(.ARM.exidx) refers (Special) to rtexit2.o(.ARM.Collect$$rtexit$$00000002) for __rt_exit_prels_1
    rtexit.o(.ARM.exidx) refers to rtexit.o(.ARM.Collect$$rtexit$$00000000) for .ARM.Collect$$rtexit$$00000000
    rt_raise.o(.text) refers to __raise.o(.text) for __raise
    rt_raise.o(.text) refers to sys_exit.o(.text) for _sys_exit
    lc_ctype_c.o(locale$$data) refers (Special) to libinit2.o(.ARM.Collect$$libinit$$00000012) for __rt_lib_init_lc_ctype_2
    lc_ctype_c.o(locale$$code) refers (Special) to libinit2.o(.ARM.Collect$$libinit$$00000012) for __rt_lib_init_lc_ctype_2
    lc_ctype_c.o(locale$$code) refers to strcmpv7m.o(.text) for strcmp
    lc_ctype_c.o(locale$$code) refers to lc_ctype_c.o(locale$$data) for __lcctype_c_name
    defsig_exit.o(.text) refers to sys_exit.o(.text) for _sys_exit
    defsig_fpe_inner.o(.text) refers to defsig_general.o(.text) for __default_signal_display
    argv_veneer.o(.emb_text) refers to no_argv.o(.text) for __ARM_get_argv
    fpconst.o(c$$dinf) refers (Special) to usenofp.o(x$fpl$usenofp) for __I$use$fp
    fpconst.o(c$$dnan) refers (Special) to usenofp.o(x$fpl$usenofp) for __I$use$fp
    fpconst.o(c$$finf) refers (Special) to usenofp.o(x$fpl$usenofp) for __I$use$fp
    scanf2.o(x$fpl$scanf2) refers to scanf_hexfp.o(.text) for _scanf_really_hex_real
    scanf2.o(x$fpl$scanf2) refers to scanf_infnan.o(.text) for _scanf_really_infnan
    scanf2b.o(x$fpl$scanf2) refers to scanf_hexfp.o(.text) for _scanf_really_hex_real
    scanf2b.o(x$fpl$scanf2) refers to scanf_infnan.o(.text) for _scanf_really_infnan
    narrow.o(i.__hardfp___mathlib_tofloat) refers (Special) to usenofp.o(x$fpl$usenofp) for __I$use$fp
    narrow.o(i.__hardfp___mathlib_tofloat) refers to frexp.o(i.frexp) for frexp
    narrow.o(i.__hardfp___mathlib_tofloat) refers to deqf.o(x$fpl$deqf) for __aeabi_cdcmpeq
    narrow.o(i.__hardfp___mathlib_tofloat) refers to d2f.o(x$fpl$d2f) for __aeabi_d2f
    narrow.o(i.__hardfp___mathlib_tofloat) refers to _rserrno.o(.text) for __set_errno
    narrow.o(i.__hardfp___mathlib_tofloat) refers to drleqf.o(x$fpl$drleqf) for __aeabi_cdrcmple
    narrow.o(i.__mathlib_narrow) refers (Special) to usenofp.o(x$fpl$usenofp) for __I$use$fp
    narrow.o(i.__mathlib_narrow) refers to frexp.o(i.frexp) for frexp
    narrow.o(i.__mathlib_narrow) refers to deqf.o(x$fpl$deqf) for __aeabi_cdcmpeq
    narrow.o(i.__mathlib_narrow) refers to d2f.o(x$fpl$d2f) for __aeabi_d2f
    narrow.o(i.__mathlib_narrow) refers to _rserrno.o(.text) for __set_errno
    narrow.o(i.__mathlib_narrow) refers to drleqf.o(x$fpl$drleqf) for __aeabi_cdrcmple
    narrow.o(i.__mathlib_tofloat) refers (Special) to usenofp.o(x$fpl$usenofp) for __I$use$fp
    narrow.o(i.__mathlib_tofloat) refers to frexp.o(i.frexp) for frexp
    narrow.o(i.__mathlib_tofloat) refers to deqf.o(x$fpl$deqf) for __aeabi_cdcmpeq
    narrow.o(i.__mathlib_tofloat) refers to d2f.o(x$fpl$d2f) for __aeabi_d2f
    narrow.o(i.__mathlib_tofloat) refers to _rserrno.o(.text) for __set_errno
    narrow.o(i.__mathlib_tofloat) refers to drleqf.o(x$fpl$drleqf) for __aeabi_cdrcmple
    narrow.o(i.__softfp___mathlib_tofloat) refers (Special) to usenofp.o(x$fpl$usenofp) for __I$use$fp
    narrow.o(i.__softfp___mathlib_tofloat) refers to frexp.o(i.frexp) for frexp
    narrow.o(i.__softfp___mathlib_tofloat) refers to deqf.o(x$fpl$deqf) for __aeabi_cdcmpeq
    narrow.o(i.__softfp___mathlib_tofloat) refers to d2f.o(x$fpl$d2f) for __aeabi_d2f
    narrow.o(i.__softfp___mathlib_tofloat) refers to _rserrno.o(.text) for __set_errno
    narrow.o(i.__softfp___mathlib_tofloat) refers to drleqf.o(x$fpl$drleqf) for __aeabi_cdrcmple
    sys_exit.o(.text) refers (Special) to use_no_semi.o(.text) for __I$use$semihosting
    sys_exit.o(.text) refers (Special) to indicate_semi.o(.text) for __semihosting_library_function
    rtexit2.o(.ARM.Collect$$rtexit$$00000003) refers to libshutdown.o(.ARM.Collect$$libshutdown$$00000000) for __rt_lib_shutdown
    rtexit2.o(.ARM.Collect$$rtexit$$00000004) refers to sys_exit.o(.text) for _sys_exit
    rtexit2.o(.ARM.exidx) refers to rtexit2.o(.ARM.Collect$$rtexit$$00000001) for .ARM.Collect$$rtexit$$00000001
    rtexit2.o(.ARM.exidx) refers to rtexit2.o(.ARM.Collect$$rtexit$$00000003) for .ARM.Collect$$rtexit$$00000003
    rtexit2.o(.ARM.exidx) refers to rtexit2.o(.ARM.Collect$$rtexit$$00000004) for .ARM.Collect$$rtexit$$00000004
    scanf_hexfp.o(.text) refers to _chval.o(.text) for _chval
    scanf_hexfp.o(.text) refers to llshl.o(.text) for __aeabi_llsl
    scanf_hexfp.o(.text) refers to ldexp.o(i.__support_ldexp) for __support_ldexp
    scanf_hexfp.o(.text) refers to narrow.o(i.__mathlib_narrow) for __mathlib_narrow
    __raise.o(.text) refers to defsig.o(CL$$defsig) for __default_signal_handler
    defsig_general.o(.text) refers to sys_wrch.o(.text) for _ttywrch
    _get_argv_nomalloc.o(.text) refers (Special) to hrguard.o(.text) for __heap_region$guard
    _get_argv_nomalloc.o(.text) refers to defsig_rtmem_outer.o(.text) for __rt_SIGRTMEM
    _get_argv_nomalloc.o(.text) refers to sys_command.o(.text) for _sys_command_string
    deqf.o(x$fpl$deqf) refers (Special) to usenofp.o(x$fpl$usenofp) for __I$use$fp
    deqf.o(x$fpl$deqf) refers to dnaninf.o(x$fpl$dnaninf) for __fpl_dnaninf
    deqf.o(x$fpl$deqf) refers to dcmpi.o(x$fpl$dcmpinf) for __fpl_dcmp_Inf
    drleqf.o(x$fpl$drleqf) refers (Special) to usenofp.o(x$fpl$usenofp) for __I$use$fp
    drleqf.o(x$fpl$drleqf) refers to dleqf.o(x$fpl$dleqf) for __fpl_dcmple_InfNaN
    frexp.o(i.__hardfp_frexp) refers (Special) to usenofp.o(x$fpl$usenofp) for __I$use$fp
    frexp.o(i.__hardfp_frexp) refers to dmul.o(x$fpl$dmul) for __aeabi_dmul
    frexp.o(i.__softfp_frexp) refers (Special) to usenofp.o(x$fpl$usenofp) for __I$use$fp
    frexp.o(i.__softfp_frexp) refers to dmul.o(x$fpl$dmul) for __aeabi_dmul
    frexp.o(i.frexp) refers (Special) to usenofp.o(x$fpl$usenofp) for __I$use$fp
    frexp.o(i.frexp) refers to dmul.o(x$fpl$dmul) for __aeabi_dmul
    sys_wrch.o(.text) refers (Special) to use_no_semi.o(.text) for __I$use$semihosting
    sys_wrch.o(.text) refers (Special) to indicate_semi.o(.text) for __semihosting_library_function
    sys_command.o(.text) refers (Special) to use_no_semi.o(.text) for __I$use$semihosting
    sys_command.o(.text) refers (Special) to indicate_semi.o(.text) for __semihosting_library_function
    defsig_rtmem_outer.o(.text) refers to defsig_rtmem_inner.o(.text) for __rt_SIGRTMEM_inner
    defsig_rtmem_outer.o(.text) refers to defsig_exit.o(.text) for __sig_exit
    defsig_rtmem_formal.o(.text) refers to rt_raise.o(.text) for __rt_raise
    defsig.o(CL$$defsig) refers to defsig_fpe_inner.o(.text) for __rt_SIGFPE_inner
    defsig.o(CL$$defsig) refers to defsig_rtmem_inner.o(.text) for __rt_SIGRTMEM_inner
    libshutdown.o(.ARM.Collect$$libshutdown$$00000000) refers (Special) to libshutdown2.o(.ARM.Collect$$libshutdown$$00000006) for __rt_lib_shutdown_fp_trap_1
    libshutdown.o(.ARM.Collect$$libshutdown$$00000000) refers (Special) to libshutdown2.o(.ARM.Collect$$libshutdown$$0000000E) for __rt_lib_shutdown_heap_1
    libshutdown.o(.ARM.Collect$$libshutdown$$00000000) refers (Special) to libshutdown2.o(.ARM.Collect$$libshutdown$$0000000F) for __rt_lib_shutdown_return
    libshutdown.o(.ARM.Collect$$libshutdown$$00000000) refers (Special) to libshutdown2.o(.ARM.Collect$$libshutdown$$00000009) for __rt_lib_shutdown_signal_1
    libshutdown.o(.ARM.Collect$$libshutdown$$00000000) refers (Special) to libshutdown2.o(.ARM.Collect$$libshutdown$$00000003) for __rt_lib_shutdown_stdio_1
    libshutdown.o(.ARM.Collect$$libshutdown$$00000000) refers (Special) to libshutdown2.o(.ARM.Collect$$libshutdown$$0000000B) for __rt_lib_shutdown_user_alloc_1
    dcmpi.o(x$fpl$dcmpinf) refers (Special) to usenofp.o(x$fpl$usenofp) for __I$use$fp
    dleqf.o(x$fpl$dleqf) refers (Special) to usenofp.o(x$fpl$usenofp) for __I$use$fp
    dleqf.o(x$fpl$dleqf) refers to dnaninf.o(x$fpl$dnaninf) for __fpl_dnaninf
    dleqf.o(x$fpl$dleqf) refers to dcmpi.o(x$fpl$dcmpinf) for __fpl_dcmp_Inf
    dmul.o(x$fpl$dmul) refers (Special) to usenofp.o(x$fpl$usenofp) for __I$use$fp
    dmul.o(x$fpl$dmul) refers to dretinf.o(x$fpl$dretinf) for __fpl_dretinf
    dmul.o(x$fpl$dmul) refers to dnaninf.o(x$fpl$dnaninf) for __fpl_dnaninf
    ldexp.o(i.__hardfp_ldexp) refers (Special) to usenofp.o(x$fpl$usenofp) for __I$use$fp
    ldexp.o(i.__hardfp_ldexp) refers to deqf.o(x$fpl$deqf) for __aeabi_cdcmpeq
    ldexp.o(i.__hardfp_ldexp) refers to scalbn.o(x$fpl$scalbn) for __ARM_scalbn
    ldexp.o(i.__hardfp_ldexp) refers to _rserrno.o(.text) for __set_errno
    ldexp.o(i.__hardfp_ldexp) refers to dunder.o(i.__mathlib_dbl_underflow) for __mathlib_dbl_underflow
    ldexp.o(i.__hardfp_ldexp) refers to dunder.o(i.__mathlib_dbl_overflow) for __mathlib_dbl_overflow
    ldexp.o(i.__softfp_ldexp) refers (Special) to usenofp.o(x$fpl$usenofp) for __I$use$fp
    ldexp.o(i.__softfp_ldexp) refers to ldexp.o(i.__hardfp_ldexp) for __hardfp_ldexp
    ldexp.o(i.__support_ldexp) refers (Special) to usenofp.o(x$fpl$usenofp) for __I$use$fp
    ldexp.o(i.__support_ldexp) refers to ldexp.o(i.__hardfp_ldexp) for __hardfp_ldexp
    ldexp.o(i.ldexp) refers (Special) to usenofp.o(x$fpl$usenofp) for __I$use$fp
    ldexp.o(i.ldexp) refers to ldexp.o(i.__hardfp_ldexp) for __hardfp_ldexp
    ldexp_x.o(i.____hardfp_ldexp$lsc) refers (Special) to usenofp.o(x$fpl$usenofp) for __I$use$fp
    ldexp_x.o(i.____hardfp_ldexp$lsc) refers to deqf.o(x$fpl$deqf) for __aeabi_cdcmpeq
    ldexp_x.o(i.____hardfp_ldexp$lsc) refers to scalbn.o(x$fpl$scalbn) for __ARM_scalbn
    ldexp_x.o(i.____hardfp_ldexp$lsc) refers to _rserrno.o(.text) for __set_errno
    ldexp_x.o(i.____hardfp_ldexp$lsc) refers to qnan.o(.constdata) for __mathlib_zero
    ldexp_x.o(i.____softfp_ldexp$lsc) refers (Special) to usenofp.o(x$fpl$usenofp) for __I$use$fp
    ldexp_x.o(i.____softfp_ldexp$lsc) refers to ldexp_x.o(i.____hardfp_ldexp$lsc) for ____hardfp_ldexp$lsc
    ldexp_x.o(i.____support_ldexp$lsc) refers (Special) to usenofp.o(x$fpl$usenofp) for __I$use$fp
    ldexp_x.o(i.____support_ldexp$lsc) refers to ldexp_x.o(i.____hardfp_ldexp$lsc) for ____hardfp_ldexp$lsc
    ldexp_x.o(i.__ldexp$lsc) refers (Special) to usenofp.o(x$fpl$usenofp) for __I$use$fp
    ldexp_x.o(i.__ldexp$lsc) refers to ldexp_x.o(i.____hardfp_ldexp$lsc) for ____hardfp_ldexp$lsc
    defsig_abrt_inner.o(.text) refers to defsig_general.o(.text) for __default_signal_display
    defsig_rtred_inner.o(.text) refers to defsig_general.o(.text) for __default_signal_display
    defsig_rtmem_inner.o(.text) refers to defsig_general.o(.text) for __default_signal_display
    defsig_stak_inner.o(.text) refers to defsig_general.o(.text) for __default_signal_display
    defsig_pvfn_inner.o(.text) refers to defsig_general.o(.text) for __default_signal_display
    defsig_cppl_inner.o(.text) refers to defsig_general.o(.text) for __default_signal_display
    defsig_segv_inner.o(.text) refers to defsig_general.o(.text) for __default_signal_display
    defsig_other.o(.text) refers to defsig_general.o(.text) for __default_signal_display
    scalbn.o(x$fpl$scalbn) refers (Special) to usenofp.o(x$fpl$usenofp) for __I$use$fp
    scalbn.o(x$fpl$scalbn) refers to dcheck1.o(x$fpl$dcheck1) for __fpl_dcheck_NaN1
    dunder.o(i.__mathlib_dbl_divzero) refers to ddiv.o(x$fpl$ddiv) for __aeabi_ddiv
    dunder.o(i.__mathlib_dbl_infnan) refers to daddsub_clz.o(x$fpl$dadd) for __aeabi_dadd
    dunder.o(i.__mathlib_dbl_infnan2) refers to daddsub_clz.o(x$fpl$dadd) for __aeabi_dadd
    dunder.o(i.__mathlib_dbl_invalid) refers to ddiv.o(x$fpl$ddiv) for __aeabi_ddiv
    dunder.o(i.__mathlib_dbl_overflow) refers to dmul.o(x$fpl$dmul) for __aeabi_dmul
    dunder.o(i.__mathlib_dbl_posinfnan) refers to dmul.o(x$fpl$dmul) for __aeabi_dmul
    dunder.o(i.__mathlib_dbl_underflow) refers to dmul.o(x$fpl$dmul) for __aeabi_dmul
    qnan.o(.constdata) refers (Special) to usenofp.o(x$fpl$usenofp) for __I$use$fp
    daddsub_clz.o(x$fpl$dadd) refers (Special) to usenofp.o(x$fpl$usenofp) for __I$use$fp
    daddsub_clz.o(x$fpl$dadd) refers to daddsub_clz.o(x$fpl$dsub) for _dsub1
    daddsub_clz.o(x$fpl$dadd) refers to dretinf.o(x$fpl$dretinf) for __fpl_dretinf
    daddsub_clz.o(x$fpl$dadd) refers to dnaninf.o(x$fpl$dnaninf) for __fpl_dnaninf
    daddsub_clz.o(x$fpl$drsb) refers (Special) to usenofp.o(x$fpl$usenofp) for __I$use$fp
    daddsub_clz.o(x$fpl$drsb) refers to daddsub_clz.o(x$fpl$dadd) for _dadd1
    daddsub_clz.o(x$fpl$drsb) refers to daddsub_clz.o(x$fpl$dsub) for _dsub1
    daddsub_clz.o(x$fpl$dsub) refers (Special) to usenofp.o(x$fpl$usenofp) for __I$use$fp
    daddsub_clz.o(x$fpl$dsub) refers to daddsub_clz.o(x$fpl$dadd) for _dadd1
    daddsub_clz.o(x$fpl$dsub) refers to dnaninf.o(x$fpl$dnaninf) for __fpl_dnaninf
    dcheck1.o(x$fpl$dcheck1) refers (Special) to usenofp.o(x$fpl$usenofp) for __I$use$fp
    dcheck1.o(x$fpl$dcheck1) refers to retnan.o(x$fpl$retnan) for __fpl_return_NaN
    ddiv.o(x$fpl$drdiv) refers (Special) to usenofp.o(x$fpl$usenofp) for __I$use$fp
    ddiv.o(x$fpl$drdiv) refers to ddiv.o(x$fpl$ddiv) for ddiv_entry
    ddiv.o(x$fpl$ddiv) refers (Special) to usenofp.o(x$fpl$usenofp) for __I$use$fp
    ddiv.o(x$fpl$ddiv) refers to dretinf.o(x$fpl$dretinf) for __fpl_dretinf
    ddiv.o(x$fpl$ddiv) refers to dnaninf.o(x$fpl$dnaninf) for __fpl_dnaninf
    retnan.o(x$fpl$retnan) refers (Special) to usenofp.o(x$fpl$usenofp) for __I$use$fp
    retnan.o(x$fpl$retnan) refers to trapv.o(x$fpl$trapveneer) for __fpl_cmpreturn
    trapv.o(x$fpl$trapveneer) refers (Special) to usenofp.o(x$fpl$usenofp) for __I$use$fp

