Component: ARM Compiler 5.05 update 1 (build 106) Tool: armlink [4d0efa]

==============================================================================

Section Cross References

    startup_stm32f407xx.o(STACK) refers (Special) to heapauxi.o(.text) for __use_two_region_memory
    startup_stm32f407xx.o(HEAP) refers (Special) to heapauxi.o(.text) for __use_two_region_memory
    startup_stm32f407xx.o(RESET) refers (Special) to heapauxi.o(.text) for __use_two_region_memory
    startup_stm32f407xx.o(RESET) refers to startup_stm32f407xx.o(STACK) for __initial_sp
    startup_stm32f407xx.o(RESET) refers to startup_stm32f407xx.o(.text) for Reset_Handler
    startup_stm32f407xx.o(RESET) refers to stm32f4xx_it.o(i.NMI_Handler) for NMI_Handler
    startup_stm32f407xx.o(RESET) refers to stm32f4xx_it.o(i.HardFault_Handler) for HardFault_Handler
    startup_stm32f407xx.o(RESET) refers to stm32f4xx_it.o(i.MemManage_Handler) for MemManage_Handler
    startup_stm32f407xx.o(RESET) refers to stm32f4xx_it.o(i.BusFault_Handler) for BusFault_Handler
    startup_stm32f407xx.o(RESET) refers to stm32f4xx_it.o(i.UsageFault_Handler) for UsageFault_Handler
    startup_stm32f407xx.o(RESET) refers to stm32f4xx_it.o(i.SVC_Handler) for SVC_Handler
    startup_stm32f407xx.o(RESET) refers to stm32f4xx_it.o(i.DebugMon_Handler) for DebugMon_Handler
    startup_stm32f407xx.o(RESET) refers to stm32f4xx_it.o(i.PendSV_Handler) for PendSV_Handler
    startup_stm32f407xx.o(RESET) refers to stm32f4xx_it.o(i.SysTick_Handler) for SysTick_Handler
    startup_stm32f407xx.o(RESET) refers to stm32f4xx_it.o(i.DMA1_Stream1_IRQHandler) for DMA1_Stream1_IRQHandler
    startup_stm32f407xx.o(RESET) refers to stm32f4xx_it.o(i.CAN1_RX0_IRQHandler) for CAN1_RX0_IRQHandler
    startup_stm32f407xx.o(RESET) refers to stm32f4xx_it.o(i.USART3_IRQHandler) for USART3_IRQHandler
    startup_stm32f407xx.o(RESET) refers to stm32f4xx_it.o(i.TIM6_DAC_IRQHandler) for TIM6_DAC_IRQHandler
    startup_stm32f407xx.o(RESET) refers to stm32f4xx_it.o(i.USART6_IRQHandler) for USART6_IRQHandler
    startup_stm32f407xx.o(.text) refers (Special) to heapauxi.o(.text) for __use_two_region_memory
    startup_stm32f407xx.o(.text) refers to system_stm32f4xx.o(i.SystemInit) for SystemInit
    startup_stm32f407xx.o(.text) refers to __main.o(!!!main) for __main
    startup_stm32f407xx.o(.text) refers to startup_stm32f407xx.o(HEAP) for Heap_Mem
    startup_stm32f407xx.o(.text) refers to startup_stm32f407xx.o(STACK) for Stack_Mem
    main.o(i.HAL_UART_RxCpltCallback) refers to strncmp.o(.text) for strncmp
    main.o(i.HAL_UART_RxCpltCallback) refers to atof.o(i.__hardfp_atof) for __hardfp_atof
    main.o(i.HAL_UART_RxCpltCallback) refers to d2f.o(x$fpl$d2f) for __aeabi_d2f
    main.o(i.HAL_UART_RxCpltCallback) refers to stm32f4xx_hal_uart.o(i.HAL_UART_Receive_IT) for HAL_UART_Receive_IT
    main.o(i.HAL_UART_RxCpltCallback) refers to main.o(.data) for usart6_rx_buffer
    main.o(i.HAL_UART_RxCpltCallback) refers to main.o(.bss) for pid_cmd_buffer
    main.o(i.HAL_UART_RxCpltCallback) refers to chassis_task_3.o(.bss) for pid_chassis
    main.o(i.HAL_UART_RxCpltCallback) refers to usart.o(.bss) for huart6
    main.o(i._Z18SystemClock_Configv) refers to rt_memclr_w.o(.text) for __aeabi_memclr4
    main.o(i._Z18SystemClock_Configv) refers to stm32f4xx_hal_rcc.o(i.HAL_RCC_OscConfig) for HAL_RCC_OscConfig
    main.o(i._Z18SystemClock_Configv) refers to main.o(i.Error_Handler) for Error_Handler
    main.o(i._Z18SystemClock_Configv) refers to stm32f4xx_hal_rcc.o(i.HAL_RCC_ClockConfig) for HAL_RCC_ClockConfig
    main.o(i._Z6_writeiPci) refers to stm32f4xx_hal_uart.o(i.HAL_UART_Transmit) for HAL_UART_Transmit
    main.o(i._Z6_writeiPci) refers to usart.o(.bss) for huart6
    main.o(i.main) refers to stm32f4xx_hal.o(i.HAL_Init) for HAL_Init
    main.o(i.main) refers to main.o(i._Z18SystemClock_Configv) for SystemClock_Config()
    main.o(i.main) refers to gpio.o(i.MX_GPIO_Init) for MX_GPIO_Init
    main.o(i.main) refers to dma.o(i.MX_DMA_Init) for MX_DMA_Init
    main.o(i.main) refers to adc.o(i.MX_ADC3_Init) for MX_ADC3_Init
    main.o(i.main) refers to can.o(i.MX_CAN1_Init) for MX_CAN1_Init
    main.o(i.main) refers to usart.o(i.MX_USART3_UART_Init) for MX_USART3_UART_Init
    main.o(i.main) refers to tim.o(i.MX_TIM6_Init) for MX_TIM6_Init
    main.o(i.main) refers to usart.o(i.MX_USART6_UART_Init) for MX_USART6_UART_Init
    main.o(i.main) refers to stm32f4xx_hal_uart.o(i.HAL_UART_Receive_IT) for HAL_UART_Receive_IT
    main.o(i.main) refers to remote_3.o(i._Z7rc_initv) for rc_init()
    main.o(i.main) refers to drv_can_3.o(i._Z22CAN_Filter_Mask_ConfigP17CAN_HandleTypeDefhjj) for CAN_Filter_Mask_Config(CAN_HandleTypeDef*, unsigned char, unsigned, unsigned)
    main.o(i.main) refers to stm32f4xx_hal_can.o(i.HAL_CAN_Start) for HAL_CAN_Start
    main.o(i.main) refers to stm32f4xx_hal_can.o(i.HAL_CAN_ActivateNotification) for HAL_CAN_ActivateNotification
[...]
    x$fpl$dmul                               0x080060f0   Section      340  dmul.o(x$fpl$dmul)
    $v0                                      0x080060f0   Number         0  dmul.o(x$fpl$dmul)
    x$fpl$dnaninf                            0x08006244   Section      156  dnaninf.o(x$fpl$dnaninf)
    $v0                                      0x08006244   Number         0  dnaninf.o(x$fpl$dnaninf)
    x$fpl$dretinf                            0x080062e0   Section       12  dretinf.o(x$fpl$dretinf)
    $v0                                      0x080062e0   Number         0  dretinf.o(x$fpl$dretinf)
    x$fpl$drleqf                             0x080062ec   Section      108  drleqf.o(x$fpl$drleqf)
    $v0                                      0x080062ec   Number         0  drleqf.o(x$fpl$drleqf)
    x$fpl$f2d                                0x08006358   Section       86  f2d.o(x$fpl$f2d)
    $v0                                      0x08006358   Number         0  f2d.o(x$fpl$f2d)
    x$fpl$fnaninf                            0x080063ae   Section      140  fnaninf.o(x$fpl$fnaninf)
    $v0                                      0x080063ae   Number         0  fnaninf.o(x$fpl$fnaninf)
    x$fpl$fpinit                             0x0800643a   Section       10  fpinit.o(x$fpl$fpinit)
    $v0                                      0x0800643a   Number         0  fpinit.o(x$fpl$fpinit)
    x$fpl$fretinf                            0x08006444   Section       10  fretinf.o(x$fpl$fretinf)
    $v0                                      0x08006444   Number         0  fretinf.o(x$fpl$fretinf)
    x$fpl$printf1                            0x0800644e   Section        4  printf1.o(x$fpl$printf1)
    $v0                                      0x0800644e   Number         0  printf1.o(x$fpl$printf1)
    x$fpl$retnan                             0x08006452   Section      100  retnan.o(x$fpl$retnan)
    $v0                                      0x08006452   Number         0  retnan.o(x$fpl$retnan)
    x$fpl$scalbn                             0x080064b6   Section       92  scalbn.o(x$fpl$scalbn)
    $v0                                      0x080064b6   Number         0  scalbn.o(x$fpl$scalbn)
    x$fpl$scanf1                             0x08006512   Section        4  scanf1.o(x$fpl$scanf1)
    $v0                                      0x08006512   Number         0  scanf1.o(x$fpl$scanf1)
    x$fpl$scanf2                             0x08006516   Section        8  scanf2.o(x$fpl$scanf2)
    $v0                                      0x08006516   Number         0  scanf2.o(x$fpl$scanf2)
    x$fpl$trapveneer                         0x0800651e   Section       48  trapv.o(x$fpl$trapveneer)
    $v0                                      0x0800651e   Number         0  trapv.o(x$fpl$trapveneer)
    .constdata                               0x0800654e   Section        8  stm32f4xx_hal_dma.o(.constdata)
    x$fpl$usenofp                            0x0800654e   Section        0  usenofp.o(x$fpl$usenofp)
    [local to stm32f4xx_hal_dma_c]::DMA_CalcBaseAndBitshift(__DMA_HandleTypeDef*)::flagBitshiftOffset 0x0800654e   Data           8  stm32f4xx_hal_dma.o(.constdata)
    .constdata                               0x08006556   Section       24  system_stm32f4xx.o(.constdata)
    .constdata                               0x08006570   Section      148  bigflt0.o(.constdata)
    tenpwrs_x                                0x08006570   Data          60  bigflt0.o(.constdata)
    tenpwrs_i                                0x080065ac   Data          64  bigflt0.o(.constdata)
    c$$dinf                                  0x08006624   Section        8  fpconst.o(c$$dinf)
    locale$$data                             0x0800662c   Section       28  lc_numeric_c.o(locale$$data)
    __lcnum_c_name                           0x08006630   Data           2  lc_numeric_c.o(locale$$data)
    __lcnum_c_start                          0x08006638   Data           0  lc_numeric_c.o(locale$$data)
    __lcnum_c_point                          0x08006644   Data           0  lc_numeric_c.o(locale$$data)
    __lcnum_c_thousands                      0x08006646   Data           0  lc_numeric_c.o(locale$$data)
    __lcnum_c_grouping                       0x08006647   Data           0  lc_numeric_c.o(locale$$data)
    locale$$data                             0x08006648   Section      272  lc_ctype_c.o(locale$$data)
    __lcnum_c_end                            0x08006648   Data           0  lc_numeric_c.o(locale$$data)
    __lcctype_c_name                         0x0800664c   Data           2  lc_ctype_c.o(locale$$data)
    __lcctype_c_start                        0x08006654   Data           0  lc_ctype_c.o(locale$$data)
    __lcctype_c_end                          0x08006758   Data           0  lc_ctype_c.o(locale$$data)
    .data                                    0x20000000   Section        2  main.o(.data)
    .data                                    0x20000004   Section        9  stm32f4xx_hal.o(.data)
    .data                                    0x20000010   Section        4  system_stm32f4xx.o(.data)
    .data                                    0x20000014   Section       16  drv_can_3.o(.data)
    .data                                    0x20000024   Section        4  remote_3.o(.data)
    .bss                                     0x20000028   Section       50  main.o(.bss)
    .bss                                     0x2000005c   Section       72  adc.o(.bss)
    .bss                                     0x200000a4   Section       40  can.o(.bss)
    .bss                                     0x200000cc   Section       72  tim.o(.bss)
    .bss                                     0x20000114   Section      240  usart.o(.bss)
    .bss                                     0x20000204   Section      352  chassis_task_3.o(.bss)
    Chassis_Loop_Handler()::tx_buffer        0x200002e4   Data         128  chassis_task_3.o(.bss)
    .bss                                     0x20000364   Section       60  drv_can_3.o(.bss)
    HAL_CAN_RxFifo0MsgPendingCallback::can_rx_buffer 0x2000037c   Data          36  drv_can_3.o(.bss)
    .bss                                     0x200003a0   Section       64  remote_3.o(.bss)
    .bss                                     0x200003e0   Section       96  libspace.o(.bss)
    HEAP                                     0x20000440   Section      512  startup_stm32f407xx.o(HEAP)
    Heap_Mem                                 0x20000440   Data         512  startup_stm32f407xx.o(HEAP)
    STACK                                    0x20000640   Section     1024  startup_stm32f407xx.o(STACK)
    Stack_Mem                                0x20000640   Data        1024  startup_stm32f407xx.o(STACK)
    __initial_sp                             0x20000a40   Data           0  startup_stm32f407xx.o(STACK)

    Global Symbols

    Symbol Name                              Value     Ov Type        Size  Object(Section)

    BuildAttributes$$THM_ISAv4$E$P$D$K$B$S$7EM$VFPi3$EXTD16$VFPS$VFMA$PE$A:L22UL41UL21$X:L11$S22US41US21$IEEE1$IW$USESV6$~STKCKD$USESV7$~SHL$OTIME$ROPI$IEEEX$EBA8$UX$STANDARDLIB$REQ8$PRES8$EABIv2 0x00000000   Number         0  anon$$obj.o ABSOLUTE
    __ARM_use_no_argv                        0x00000000   Number         0  main.o ABSOLUTE
    _printf_flags                            0x00000000   Number         0  printf_stubs.o ABSOLUTE
    _printf_return_value                     0x00000000   Number         0  printf_stubs.o ABSOLUTE
    _printf_sizespec                         0x00000000   Number         0  printf_stubs.o ABSOLUTE
    _printf_widthprec                        0x00000000   Number         0  printf_stubs.o ABSOLUTE
    __ARM_exceptions_init                     - Undefined Weak Reference
    __alloca_initialize                       - Undefined Weak Reference
    __arm_preinit_                            - Undefined Weak Reference
    __cpp_initialize__aeabi_                  - Undefined Weak Reference
    __cxa_finalize                            - Undefined Weak Reference
    __sigvec_lookup                           - Undefined Weak Reference
    _atexit_init                              - Undefined Weak Reference
    _call_atexit_fns                          - Undefined Weak Reference
    _clock_init                               - Undefined Weak Reference
    _fp_trap_init                             - Undefined Weak Reference
    _fp_trap_shutdown                         - Undefined Weak Reference
    _get_lc_collate                           - Undefined Weak Reference
    _get_lc_monetary                          - Undefined Weak Reference
    _get_lc_time                              - Undefined Weak Reference
    _getenv_init                              - Undefined Weak Reference
    _handle_redirection                       - Undefined Weak Reference
    _init_alloc                               - Undefined Weak Reference
    _init_user_alloc                          - Undefined Weak Reference
    _initio                                   - Undefined Weak Reference
    _printf_post_padding                      - Undefined Weak Reference
    _printf_pre_padding                       - Undefined Weak Reference
    _rand_init                                - Undefined Weak Reference
    _signal_finish                            - Undefined Weak Reference
    _signal_init                              - Undefined Weak Reference
    _terminate_alloc                          - Undefined Weak Reference
    _terminate_user_alloc                     - Undefined Weak Reference
    _terminateio                              - Undefined Weak Reference
    __Vectors_Size                           0x00000188   Number         0  startup_stm32f407xx.o ABSOLUTE
    __Vectors                                0x08000000   Data           4  startup_stm32f407xx.o(RESET)
    __Vectors_End                            0x08000188   Data           0  startup_stm32f407xx.o(RESET)
    __main                                   0x08000189   Thumb Code     8  __main.o(!!!main)
    __scatterload                            0x08000191   Thumb Code     0  __scatter.o(!!!scatter)
    __scatterload_rt2                        0x08000191   Thumb Code    44  __scatter.o(!!!scatter)
    __scatterload_rt2_thumb_only             0x08000191   Thumb Code     0  __scatter.o(!!!scatter)
    __scatterload_null                       0x0800019f   Thumb Code     0  __scatter.o(!!!scatter)
    __scatterload_copy                       0x080001c5   Thumb Code    26  __scatter_copy.o(!!handler_copy)
    __scatterload_zeroinit                   0x080001e1   Thumb Code    28  __scatter_zi.o(!!handler_zi)
    _printf_f                                0x080001fd   Thumb Code     0  _printf_f.o(.ARM.Collect$$_printf_percent$$00000003)
    _printf_percent                          0x080001fd   Thumb Code     0  _printf_percent.o(.ARM.Collect$$_printf_percent$$00000000)
    _printf_percent_end                      0x08000203   Thumb Code     0  _printf_percent_end.o(.ARM.Collect$$_printf_percent$$00000017)
    __rt_lib_init                            0x08000207   Thumb Code     0  libinit.o(.ARM.Collect$$libinit$$00000000)
    __rt_lib_init_fp_1                       0x08000209   Thumb Code     0  libinit2.o(.ARM.Collect$$libinit$$00000001)
    __rt_lib_init_heap_1                     0x0800020d   Thumb Code     0  libinit2.o(.ARM.Collect$$libinit$$0000000A)
    __rt_lib_init_lc_common                  0x0800020d   Thumb Code     0  libinit2.o(.ARM.Collect$$libinit$$0000000F)
    __rt_lib_init_preinit_1                  0x0800020d   Thumb Code     0  libinit2.o(.ARM.Collect$$libinit$$00000004)
    __rt_lib_init_rand_1                     0x0800020d   Thumb Code     0  libinit2.o(.ARM.Collect$$libinit$$0000000E)
    __rt_lib_init_user_alloc_1               0x0800020d   Thumb Code     0  libinit2.o(.ARM.Collect$$libinit$$0000000C)
    __rt_lib_init_lc_collate_1               0x08000213   Thumb Code     0  libinit2.o(.ARM.Collect$$libinit$$00000011)
    __rt_lib_init_lc_ctype_2                 0x08000213   Thumb Code     0  libinit2.o(.ARM.Collect$$libinit$$00000012)
    __rt_lib_init_lc_ctype_1                 0x0800021f   Thumb Code     0  libinit2.o(.ARM.Collect$$libinit$$00000013)
    __rt_lib_init_lc_monetary_1              0x0800021f   Thumb Code     0  libinit2.o(.ARM.Collect$$libinit$$00000015)
    __rt_lib_init_lc_numeric_2               0x0800021f   Thumb Code     0  libinit2.o(.ARM.Collect$$libinit$$00000016)
    __rt_lib_init_alloca_1                   0x08000229   Thumb Code     0  libinit2.o(.ARM.Collect$$libinit$$0000002E)
    __rt_lib_init_argv_1                     0x08000229   Thumb Code     0  libinit2.o(.ARM.Collect$$libinit$$0000002C)
    __rt_lib_init_atexit_1                   0x08000229   Thumb Code     0  libinit2.o(.ARM.Collect$$libinit$$0000001B)
    __rt_lib_init_clock_1                    0x08000229   Thumb Code     0  libinit2.o(.ARM.Collect$$libinit$$00000021)
    __rt_lib_init_cpp_1                      0x08000229   Thumb Code     0  libinit2.o(.ARM.Collect$$libinit$$00000032)
    __rt_lib_init_exceptions_1               0x08000229   Thumb Code     0  libinit2.o(.ARM.Collect$$libinit$$00000030)
    __rt_lib_init_fp_trap_1                  0x08000229   Thumb Code     0  libinit2.o(.ARM.Collect$$libinit$$0000001F)
    __rt_lib_init_getenv_1                   0x08000229   Thumb Code     0  libinit2.o(.ARM.Collect$$libinit$$00000023)
    __rt_lib_init_lc_numeric_1               0x08000229   Thumb Code     0  libinit2.o(.ARM.Collect$$libinit$$00000017)
    __rt_lib_init_lc_time_1                  0x08000229   Thumb Code     0  libinit2.o(.ARM.Collect$$libinit$$00000019)
    __rt_lib_init_return                     0x08000229   Thumb Code     0  libinit2.o(.ARM.Collect$$libinit$$00000033)
    __rt_lib_init_signal_1                   0x08000229   Thumb Code     0  libinit2.o(.ARM.Collect$$libinit$$0000001D)
    __rt_lib_init_stdio_1                    0x08000229   Thumb Code     0  libinit2.o(.ARM.Collect$$libinit$$00000025)
    __rt_lib_shutdown                        0x0800022b   Thumb Code     0  libshutdown.o(.ARM.Collect$$libshutdown$$00000000)
    __rt_lib_shutdown_fp_trap_1              0x0800022d   Thumb Code     0  libshutdown2.o(.ARM.Collect$$libshutdown$$00000006)
    __rt_lib_shutdown_heap_1                 0x0800022d   Thumb Code     0  libshutdown2.o(.ARM.Collect$$libshutdown$$0000000E)
    __rt_lib_shutdown_return                 0x0800022d   Thumb Code     0  libshutdown2.o(.ARM.Collect$$libshutdown$$0000000F)
    __rt_lib_shutdown_signal_1               0x0800022d   Thumb Code     0  libshutdown2.o(.ARM.Collect$$libshutdown$$00000009)
    __rt_lib_shutdown_stdio_1                0x0800022d   Thumb Code     0  libshutdown2.o(.ARM.Collect$$libshutdown$$00000003)
    __rt_lib_shutdown_user_alloc_1           0x0800022d   Thumb Code     0  libshutdown2.o(.ARM.Collect$$libshutdown$$0000000B)
    __rt_entry                               0x0800022f   Thumb Code     0  __rtentry.o(.ARM.Collect$$rtentry$$00000000)
    __rt_entry_presh_1                       0x0800022f   Thumb Code     0  __rtentry2.o(.ARM.Collect$$rtentry$$00000002)
    __rt_entry_sh                            0x0800022f   Thumb Code     0  __rtentry4.o(.ARM.Collect$$rtentry$$00000004)
    __rt_entry_li                            0x08000235   Thumb Code     0  __rtentry2.o(.ARM.Collect$$rtentry$$0000000A)
    __rt_entry_postsh_1                      0x08000235   Thumb Code     0  __rtentry2.o(.ARM.Collect$$rtentry$$00000009)
    __rt_entry_main                          0x08000239   Thumb Code     0  __rtentry2.o(.ARM.Collect$$rtentry$$0000000D)
    __rt_entry_postli_1                      0x08000239   Thumb Code     0  __rtentry2.o(.ARM.Collect$$rtentry$$0000000C)
    __rt_exit                                0x08000241   Thumb Code     0  rtexit.o(.ARM.Collect$$rtexit$$00000000)
    __rt_exit_ls                             0x08000243   Thumb Code     0  rtexit2.o(.ARM.Collect$$rtexit$$00000003)
    __rt_exit_prels_1                        0x08000243   Thumb Code     0  rtexit2.o(.ARM.Collect$$rtexit$$00000002)
    __rt_exit_exit                           0x08000247   Thumb Code     0  rtexit2.o(.ARM.Collect$$rtexit$$00000004)
    Reset_Handler                            0x0800024d   Thumb Code     8  startup_stm32f407xx.o(.text)
    ADC_IRQHandler                           0x08000267   Thumb Code     0  startup_stm32f407xx.o(.text)
    CAN1_RX1_IRQHandler                      0x08000267   Thumb Code     0  startup_stm32f407xx.o(.text)
    CAN1_SCE_IRQHandler                      0x08000267   Thumb Code     0  startup_stm32f407xx.o(.text)
    CAN1_TX_IRQHandler                       0x08000267   Thumb Code     0  startup_stm32f407xx.o(.text)
    CAN2_RX0_IRQHandler                      0x08000267   Thumb Code     0  startup_stm32f407xx.o(.text)
    CAN2_RX1_IRQHandler                      0x08000267   Thumb Code     0  startup_stm32f407xx.o(.text)
    CAN2_SCE_IRQHandler                      0x08000267   Thumb Code     0  startup_stm32f407xx.o(.text)
    CAN2_TX_IRQHandler                       0x08000267   Thumb Code     0  startup_stm32f407xx.o(.text)
    DCMI_IRQHandler                          0x08000267   Thumb Code     0  startup_stm32f407xx.o(.text)
    DMA1_Stream0_IRQHandler                  0x08000267   Thumb Code     0  startup_stm32f407xx.o(.text)
    DMA1_Stream2_IRQHandler                  0x08000267   Thumb Code     0  startup_stm32f407xx.o(.text)
    DMA1_Stream3_IRQHandler                  0x08000267   Thumb Code     0  startup_stm32f407xx.o(.text)
    DMA1_Stream4_IRQHandler                  0x08000267   Thumb Code     0  startup_stm32f407xx.o(.text)
    DMA1_Stream5_IRQHandler                  0x08000267   Thumb Code     0  startup_stm32f407xx.o(.text)
    DMA1_Stream6_IRQHandler                  0x08000267   Thumb Code     0  startup_stm32f407xx.o(.text)
    DMA1_Stream7_IRQHandler                  0x08000267   Thumb Code     0  startup_stm32f407xx.o(.text)
    DMA2_Stream0_IRQHandler                  0x08000267   Thumb Code     0  startup_stm32f407xx.o(.text)
    DMA2_Stream1_IRQHandler                  0x08000267   Thumb Code     0  startup_stm32f407xx.o(.text)
    DMA2_Stream2_IRQHandler                  0x08000267   Thumb Code     0  startup_stm32f407xx.o(.text)
    DMA2_Stream3_IRQHandler                  0x08000267   Thumb Code     0  startup_stm32f407xx.o(.text)
    DMA2_Stream4_IRQHandler                  0x08000267   Thumb Code     0  startup_stm32f407xx.o(.text)
    DMA2_Stream5_IRQHandler                  0x08000267   Thumb Code     0  startup_stm32f407xx.o(.text)
    DMA2_Stream6_IRQHandler                  0x08000267   Thumb Code     0  startup_stm32f407xx.o(.text)
    DMA2_Stream7_IRQHandler                  0x08000267   Thumb Code     0  startup_stm32f407xx.o(.text)
    ETH_IRQHandler                           0x08000267   Thumb Code     0  startup_stm32f407xx.o(.text)
    ETH_WKUP_IRQHandler                      0x08000267   Thumb Code     0  startup_stm32f407xx.o(.text)
    EXTI0_IRQHandler                         0x08000267   Thumb Code     0  startup_stm32f407xx.o(.text)
    EXTI15_10_IRQHandler                     0x08000267   Thumb Code     0  startup_stm32f407xx.o(.text)
    EXTI1_IRQHandler                         0x08000267   Thumb Code     0  startup_stm32f407xx.o(.text)
    EXTI2_IRQHandler                         0x08000267   Thumb Code     0  startup_stm32f407xx.o(.text)
    EXTI3_IRQHandler                         0x08000267   Thumb Code     0  startup_stm32f407xx.o(.text)
    EXTI4_IRQHandler                         0x08000267   Thumb Code     0  startup_stm32f407xx.o(.text)
    EXTI9_5_IRQHandler                       0x08000267   Thumb Code     0  startup_stm32f407xx.o(.text)
    FLASH_IRQHandler                         0x08000267   Thumb Code     0  startup_stm32f407xx.o(.text)
    FMC_IRQHandler                           0x08000267   Thumb Code     0  startup_stm32f407xx.o(.text)
    FPU_IRQHandler                           0x08000267   Thumb Code     0  startup_stm32f407xx.o(.text)
    HASH_RNG_IRQHandler                      0x08000267   Thumb Code     0  startup_stm32f407xx.o(.text)
    I2C1_ER_IRQHandler                       0x08000267   Thumb Code     0  startup_stm32f407xx.o(.text)
    I2C1_EV_IRQHandler                       0x08000267   Thumb Code     0  startup_stm32f407xx.o(.text)
    I2C2_ER_IRQHandler                       0x08000267   Thumb Code     0  startup_stm32f407xx.o(.text)
    I2C2_EV_IRQHandler                       0x08000267   Thumb Code     0  startup_stm32f407xx.o(.text)
    I2C3_ER_IRQHandler                       0x08000267   Thumb Code     0  startup_stm32f407xx.o(.text)
    I2C3_EV_IRQHandler                       0x08000267   Thumb Code     0  startup_stm32f407xx.o(.text)
    OTG_FS_IRQHandler                        0x08000267   Thumb Code     0  startup_stm32f407xx.o(.text)
    OTG_FS_WKUP_IRQHandler                   0x08000267   Thumb Code     0  startup_stm32f407xx.o(.text)
    OTG_HS_EP1_IN_IRQHandler                 0x08000267   Thumb Code     0  startup_stm32f407xx.o(.text)
    OTG_HS_EP1_OUT_IRQHandler                0x08000267   Thumb Code     0  startup_stm32f407xx.o(.text)
    OTG_HS_IRQHandler                        0x08000267   Thumb Code     0  startup_stm32f407xx.o(.text)
    OTG_HS_WKUP_IRQHandler                   0x08000267   Thumb Code     0  startup_stm32f407xx.o(.text)
    PVD_IRQHandler                           0x08000267   Thumb Code     0  startup_stm32f407xx.o(.text)
    RCC_IRQHandler                           0x08000267   Thumb Code     0  startup_stm32f407xx.o(.text)
    RTC_Alarm_IRQHandler                     0x08000267   Thumb Code     0  startup_stm32f407xx.o(.text)
    RTC_WKUP_IRQHandler                      0x08000267   Thumb Code     0  startup_stm32f407xx.o(.text)
    SDIO_IRQHandler                          0x08000267   Thumb Code     0  startup_stm32f407xx.o(.text)
    SPI1_IRQHandler                          0x08000267   Thumb Code     0  startup_stm32f407xx.o(.text)
    SPI2_IRQHandler                          0x08000267   Thumb Code     0  startup_stm32f407xx.o(.text)
    SPI3_IRQHandler                          0x08000267   Thumb Code     0  startup_stm32f407xx.o(.text)
    TAMP_STAMP_IRQHandler                    0x08000267   Thumb Code     0  startup_stm32f407xx.o(.text)
    TIM1_BRK_TIM9_IRQHandler                 0x08000267   Thumb Code     0  startup_stm32f407xx.o(.text)
    TIM1_CC_IRQHandler                       0x08000267   Thumb Code     0  startup_stm32f407xx.o(.text)
    TIM1_TRG_COM_TIM11_IRQHandler            0x08000267   Thumb Code     0  startup_stm32f407xx.o(.text)
    TIM1_UP_TIM10_IRQHandler                 0x08000267   Thumb Code     0  startup_stm32f407xx.o(.text)
    TIM2_IRQHandler                          0x08000267   Thumb Code     0  startup_stm32f407xx.o(.text)
    TIM3_IRQHandler                          0x08000267   Thumb Code     0  startup_stm32f407xx.o(.text)
    TIM4_IRQHandler                          0x08000267   Thumb Code     0  startup_stm32f407xx.o(.text)
    TIM5_IRQHandler                          0x08000267   Thumb Code     0  startup_stm32f407xx.o(.text)
    TIM7_IRQHandler                          0x08000267   Thumb Code     0  startup_stm32f407xx.o(.text)
    TIM8_BRK_TIM12_IRQHandler                0x08000267   Thumb Code     0  startup_stm32f407xx.o(.text)
    TIM8_CC_IRQHandler                       0x08000267   Thumb Code     0  startup_stm32f407xx.o(.text)
    TIM8_TRG_COM_TIM14_IRQHandler            0x08000267   Thumb Code     0  startup_stm32f407xx.o(.text)
    TIM8_UP_TIM13_IRQHandler                 0x08000267   Thumb Code     0  startup_stm32f407xx.o(.text)
    UART4_IRQHandler                         0x08000267   Thumb Code     0  startup_stm32f407xx.o(.text)
    UART5_IRQHandler                         0x08000267   Thumb Code     0  startup_stm32f407xx.o(.text)
    USART1_IRQHandler                        0x08000267   Thumb Code     0  startup_stm32f407xx.o(.text)
    USART2_IRQHandler                        0x08000267   Thumb Code     0  startup_stm32f407xx.o(.text)
    WWDG_IRQHandler                          0x08000267   Thumb Code     0  startup_stm32f407xx.o(.text)
    __user_initial_stackheap                 0x08000269   Thumb Code     0  startup_stm32f407xx.o(.text)
    __aeabi_uldivmod                         0x0800028d   Thumb Code     0  lludivv7m.o(.text)
    _ll_udiv                                 0x0800028d   Thumb Code   238  lludivv7m.o(.text)
    __2sprintf                               0x0800037d   Thumb Code    38  __2sprintf.o(.text)
    __printf                                 0x080003a9   Thumb Code   270  __printf_wp.o(.text)
    strncmp                                  0x080004b7   Thumb Code   150  strncmp.o(.text)
    __aeabi_memcpy4                          0x0800054d   Thumb Code     0  rt_memcpy_w.o(.text)
    __aeabi_memcpy8                          0x0800054d   Thumb Code     0  rt_memcpy_w.o(.text)
    __rt_memcpy_w                            0x0800054d   Thumb Code   100  rt_memcpy_w.o(.text)
    _memcpy_lastbytes_aligned                0x08000595   Thumb Code     0  rt_memcpy_w.o(.text)
    __aeabi_memclr4                          0x080005b1   Thumb Code     0  rt_memclr_w.o(.text)
    __aeabi_memclr8                          0x080005b1   Thumb Code     0  rt_memclr_w.o(.text)
    __rt_memclr_w                            0x080005b1   Thumb Code    78  rt_memclr_w.o(.text)
    _memset_w                                0x080005b5   Thumb Code     0  rt_memclr_w.o(.text)
    __use_two_region_memory                  0x080005ff   Thumb Code     2  heapauxi.o(.text)
    __rt_heap_escrow$2region                 0x08000601   Thumb Code     2  heapauxi.o(.text)
    __rt_heap_expand$2region                 0x08000603   Thumb Code     2  heapauxi.o(.text)
    __read_errno                             0x08000605   Thumb Code    10  _rserrno.o(.text)
    __set_errno                              0x0800060f   Thumb Code    12  _rserrno.o(.text)
    __lib_sel_fp_printf                      0x0800061b   Thumb Code     2  _printf_fp_dec.o(.text)
    _printf_fp_dec_real                      0x080007c9   Thumb Code   620  _printf_fp_dec.o(.text)
    _printf_char_common                      0x08000a3f   Thumb Code    32  _printf_char_common.o(.text)
    _sputc                                   0x08000a65   Thumb Code    10  _sputc.o(.text)
    __strtod_int                             0x08000aad   Thumb Code    88  strtod.o(.text)
    __rt_locale                              0x08000b11   Thumb Code     8  rt_locale_intlibspace.o(.text)
    __aeabi_errno_addr                       0x08000b19   Thumb Code     8  rt_errno_addr_intlibspace.o(.text)
    __errno$intlibspace                      0x08000b19   Thumb Code     0  rt_errno_addr_intlibspace.o(.text)
    __rt_errno_addr$intlibspace              0x08000b19   Thumb Code     0  rt_errno_addr_intlibspace.o(.text)
    _ll_udiv10                               0x08000b21   Thumb Code   138  lludiv10.o(.text)
    isspace                                  0x08000bab   Thumb Code    18  isspace.o(.text)
    _printf_fp_infnan                        0x08000bbd   Thumb Code   112  _printf_fp_infnan.o(.text)
    _sgetc                                   0x08000c3d   Thumb Code    30  _sgetc.o(.text)
    _sbackspace                              0x08000c5b   Thumb Code    34  _sgetc.o(.text)
    _btod_etento                             0x08000c7d   Thumb Code   216  bigflt0.o(.text)
    __user_libspace                          0x08000d59   Thumb Code     8  libspace.o(.text)
    __user_perproc_libspace                  0x08000d59   Thumb Code     0  libspace.o(.text)
    __user_perthread_libspace                0x08000d59   Thumb Code     0  libspace.o(.text)
    __user_setup_stackheap                   0x08000d61   Thumb Code    74  sys_stackheap_outer.o(.text)
    __rt_ctype_table                         0x08000dad   Thumb Code    16  rt_ctype_table.o(.text)
    _scanf_really_real                       0x08000fb9   Thumb Code   668  scanf_fp.o(.text)
    exit                                     0x08001261   Thumb Code    12  exit.o(.text)
    strcmp                                   0x0800126d   Thumb Code   128  strcmpv7m.o(.text)
    _sys_exit                                0x080012ed   Thumb Code     8  sys_exit.o(.text)
    _scanf_really_hex_real                   0x080012f9   Thumb Code   778  scanf_hexfp.o(.text)
    _scanf_really_infnan                     0x08001611   Thumb Code   292  scanf_infnan.o(.text)
    __I$use$semihosting                      0x08001745   Thumb Code     0  use_no_semi.o(.text)
    __use_no_semihosting_swi                 0x08001745   Thumb Code     2  use_no_semi.o(.text)
    __aeabi_llsl                             0x08001747   Thumb Code     0  llshl.o(.text)
    __semihosting_library_function           0x08001747   Thumb Code     0  indicate_semi.o(.text)
    _ll_shift_l                              0x08001747   Thumb Code    38  llshl.o(.text)
    _chval                                   0x0800176d   Thumb Code    28  _chval.o(.text)
    _btod_d2e                                0x08001789   Thumb Code    62  btod.o(CL$$btod_d2e)
    _d2e_denorm_low                          0x080017c7   Thumb Code    70  btod.o(CL$$btod_d2e_denorm_low)
    _d2e_norm_op1                            0x0800180d   Thumb Code    96  btod.o(CL$$btod_d2e_norm_op1)
    __btod_div_common                        0x0800186d   Thumb Code   696  btod.o(CL$$btod_div_common)
    _e2d                                     0x08001ba5   Thumb Code    80  btod.o(CL$$btod_e2d)
    _e2e                                     0x08001bf9   Thumb Code   198  btod.o(CL$$btod_e2e)
    _btod_ediv                               0x08001cbf   Thumb Code    40  btod.o(CL$$btod_ediv)
    _btod_edivd                              0x08001ce7   Thumb Code    40  btod.o(CL$$btod_edivd)
    _btod_emul                               0x08001d0f   Thumb Code    40  btod.o(CL$$btod_emul)
    _btod_emuld                              0x08001d37   Thumb Code    40  btod.o(CL$$btod_emuld)
    __btod_mult_common                       0x08001d5f   Thumb Code   580  btod.o(CL$$btod_mult_common)
    BusFault_Handler                         0x08001fa3   Thumb Code     4  stm32f4xx_it.o(i.BusFault_Handler)
    CAN1_RX0_IRQHandler                      0x08001fa9   Thumb Code    10  stm32f4xx_it.o(i.CAN1_RX0_IRQHandler)
    DMA1_Stream1_IRQHandler                  0x08001fb9   Thumb Code    10  stm32f4xx_it.o(i.DMA1_Stream1_IRQHandler)
    DebugMon_Handler                         0x08001fc9   Thumb Code     2  stm32f4xx_it.o(i.DebugMon_Handler)
    Error_Handler                            0x08001fcb   Thumb Code     6  main.o(i.Error_Handler)
    HAL_ADC_ConfigChannel                    0x08001fd1   Thumb Code   380  stm32f4xx_hal_adc.o(i.HAL_ADC_ConfigChannel)
    HAL_ADC_Init                             0x0800215d   Thumb Code   100  stm32f4xx_hal_adc.o(i.HAL_ADC_Init)
    HAL_ADC_MspInit                          0x080021c5   Thumb Code   110  adc.o(i.HAL_ADC_MspInit)
    HAL_CAN_ActivateNotification             0x08002241   Thumb Code    42  stm32f4xx_hal_can.o(i.HAL_CAN_ActivateNotification)
    HAL_CAN_AddTxMessage                     0x0800226b   Thumb Code   330  stm32f4xx_hal_can.o(i.HAL_CAN_AddTxMessage)
    HAL_CAN_ConfigFilter                     0x080023b5   Thumb Code   284  stm32f4xx_hal_can.o(i.HAL_CAN_ConfigFilter)
    HAL_CAN_ErrorCallback                    0x080024d5   Thumb Code     2  stm32f4xx_hal_can.o(i.HAL_CAN_ErrorCallback)
    HAL_CAN_GetRxMessage                     0x080024d7   Thumb Code   404  stm32f4xx_hal_can.o(i.HAL_CAN_GetRxMessage)
    HAL_CAN_IRQHandler                       0x0800266b   Thumb Code   590  stm32f4xx_hal_can.o(i.HAL_CAN_IRQHandler)
    HAL_CAN_Init                             0x080028b9   Thumb Code   372  stm32f4xx_hal_can.o(i.HAL_CAN_Init)
    HAL_CAN_MspInit                          0x08002a2d   Thumb Code   134  can.o(i.HAL_CAN_MspInit)
    HAL_CAN_RxFifo0FullCallback              0x08002ac1   Thumb Code     2  stm32f4xx_hal_can.o(i.HAL_CAN_RxFifo0FullCallback)
    HAL_CAN_RxFifo0MsgPendingCallback        0x08002ac5   Thumb Code   146  drv_can_3.o(i.HAL_CAN_RxFifo0MsgPendingCallback)
    HAL_CAN_RxFifo1FullCallback              0x08002b69   Thumb Code     2  stm32f4xx_hal_can.o(i.HAL_CAN_RxFifo1FullCallback)
    HAL_CAN_RxFifo1MsgPendingCallback        0x08002b6b   Thumb Code     2  stm32f4xx_hal_can.o(i.HAL_CAN_RxFifo1MsgPendingCallback)
    HAL_CAN_SleepCallback                    0x08002b6d   Thumb Code     2  stm32f4xx_hal_can.o(i.HAL_CAN_SleepCallback)
    HAL_CAN_Start                            0x08002b6f   Thumb Code    94  stm32f4xx_hal_can.o(i.HAL_CAN_Start)
    HAL_CAN_TxMailbox0AbortCallback          0x08002bcd   Thumb Code     2  stm32f4xx_hal_can.o(i.HAL_CAN_TxMailbox0AbortCallback)
    HAL_CAN_TxMailbox0CompleteCallback       0x08002bcf   Thumb Code     2  stm32f4xx_hal_can.o(i.HAL_CAN_TxMailbox0CompleteCallback)
    HAL_CAN_TxMailbox1AbortCallback          0x08002bd1   Thumb Code     2  stm32f4xx_hal_can.o(i.HAL_CAN_TxMailbox1AbortCallback)
    HAL_CAN_TxMailbox1CompleteCallback       0x08002bd3   Thumb Code     2  stm32f4xx_hal_can.o(i.HAL_CAN_TxMailbox1CompleteCallback)
    HAL_CAN_TxMailbox2AbortCallback          0x08002bd5   Thumb Code     2  stm32f4xx_hal_can.o(i.HAL_CAN_TxMailbox2AbortCallback)
    HAL_CAN_TxMailbox2CompleteCallback       0x08002bd7   Thumb Code     2  stm32f4xx_hal_can.o(i.HAL_CAN_TxMailbox2CompleteCallback)
    HAL_CAN_WakeUpFromRxMsgCallback          0x08002bd9   Thumb Code     2  stm32f4xx_hal_can.o(i.HAL_CAN_WakeUpFromRxMsgCallback)
    HAL_DMA_Abort                            0x08002bdb   Thumb Code   172  stm32f4xx_hal_dma.o(i.HAL_DMA_Abort)
    HAL_DMA_Abort_IT                         0x08002c87   Thumb Code    40  stm32f4xx_hal_dma.o(i.HAL_DMA_Abort_IT)
    HAL_DMA_IRQHandler                       0x08002cb1   Thumb Code   570  stm32f4xx_hal_dma.o(i.HAL_DMA_IRQHandler)
    HAL_DMA_Init                             0x08002ef1   Thumb Code   232  stm32f4xx_hal_dma.o(i.HAL_DMA_Init)
    HAL_DMA_Start                            0x08002fdd   Thumb Code   102  stm32f4xx_hal_dma.o(i.HAL_DMA_Start)
    HAL_DMA_Start_IT                         0x08003043   Thumb Code   146  stm32f4xx_hal_dma.o(i.HAL_DMA_Start_IT)
    HAL_Delay                                0x080030d5   Thumb Code    36  stm32f4xx_hal.o(i.HAL_Delay)
    HAL_GPIO_Init                            0x080030fd   Thumb Code   452  stm32f4xx_hal_gpio.o(i.HAL_GPIO_Init)
    HAL_GetTick                              0x080032ed   Thumb Code     6  stm32f4xx_hal.o(i.HAL_GetTick)
    HAL_IncTick                              0x080032f9   Thumb Code    16  stm32f4xx_hal.o(i.HAL_IncTick)
    HAL_Init                                 0x08003311   Thumb Code    54  stm32f4xx_hal.o(i.HAL_Init)
    HAL_InitTick                             0x0800334d   Thumb Code    64  stm32f4xx_hal.o(i.HAL_InitTick)
    HAL_MspInit                              0x08003399   Thumb Code    64  stm32f4xx_hal_msp.o(i.HAL_MspInit)
    HAL_NVIC_EnableIRQ                       0x080033dd   Thumb Code    40  stm32f4xx_hal_cortex.o(i.HAL_NVIC_EnableIRQ)
    HAL_NVIC_SetPriority                     0x08003405   Thumb Code   124  stm32f4xx_hal_cortex.o(i.HAL_NVIC_SetPriority)
    HAL_NVIC_SetPriorityGrouping             0x08003481   Thumb Code    32  stm32f4xx_hal_cortex.o(i.HAL_NVIC_SetPriorityGrouping)
    HAL_RCC_ClockConfig                      0x080034a9   Thumb Code   368  stm32f4xx_hal_rcc.o(i.HAL_RCC_ClockConfig)
    HAL_RCC_GetHCLKFreq                      0x0800362d   Thumb Code     6  stm32f4xx_hal_rcc.o(i.HAL_RCC_GetHCLKFreq)
    HAL_RCC_GetPCLK1Freq                     0x08003639   Thumb Code    22  stm32f4xx_hal_rcc.o(i.HAL_RCC_GetPCLK1Freq)
    HAL_RCC_GetPCLK2Freq                     0x08003659   Thumb Code    22  stm32f4xx_hal_rcc.o(i.HAL_RCC_GetPCLK2Freq)
    HAL_RCC_GetSysClockFreq                  0x08003679   Thumb Code   162  stm32f4xx_hal_rcc.o(i.HAL_RCC_GetSysClockFreq)
    HAL_RCC_OscConfig                        0x08003729   Thumb Code  1172  stm32f4xx_hal_rcc.o(i.HAL_RCC_OscConfig)
    HAL_SYSTICK_Config                       0x08003bc5   Thumb Code    52  stm32f4xx_hal_cortex.o(i.HAL_SYSTICK_Config)
    HAL_TIMEx_BreakCallback                  0x08003bf9   Thumb Code     2  stm32f4xx_hal_tim_ex.o(i.HAL_TIMEx_BreakCallback)
    HAL_TIMEx_CommutCallback                 0x08003bfb   Thumb Code     2  stm32f4xx_hal_tim_ex.o(i.HAL_TIMEx_CommutCallback)
    HAL_TIMEx_MasterConfigSynchronization    0x08003bfd   Thumb Code   150  stm32f4xx_hal_tim_ex.o(i.HAL_TIMEx_MasterConfigSynchronization)
    HAL_TIM_Base_Init                        0x08003cb1   Thumb Code   102  stm32f4xx_hal_tim.o(i.HAL_TIM_Base_Init)
    HAL_TIM_Base_MspInit                     0x08003d19   Thumb Code    60  tim.o(i.HAL_TIM_Base_MspInit)
    HAL_TIM_Base_Start_IT                    0x08003d5d   Thumb Code   138  stm32f4xx_hal_tim.o(i.HAL_TIM_Base_Start_IT)
    HAL_TIM_IC_CaptureCallback               0x08003e05   Thumb Code     2  stm32f4xx_hal_tim.o(i.HAL_TIM_IC_CaptureCallback)
    HAL_TIM_IRQHandler                       0x08003e07   Thumb Code   364  stm32f4xx_hal_tim.o(i.HAL_TIM_IRQHandler)
    HAL_TIM_OC_DelayElapsedCallback          0x08003f73   Thumb Code     2  stm32f4xx_hal_tim.o(i.HAL_TIM_OC_DelayElapsedCallback)
    HAL_TIM_PWM_PulseFinishedCallback        0x08003f75   Thumb Code     2  stm32f4xx_hal_tim.o(i.HAL_TIM_PWM_PulseFinishedCallback)
    HAL_TIM_PeriodElapsedCallback            0x08003f77   Thumb Code     2  stm32f4xx_hal_tim.o(i.HAL_TIM_PeriodElapsedCallback)
    HAL_TIM_TriggerCallback                  0x08003f79   Thumb Code     2  stm32f4xx_hal_tim.o(i.HAL_TIM_TriggerCallback)
    HAL_UARTEx_RxEventCallback               0x08003f7b   Thumb Code     2  stm32f4xx_hal_uart.o(i.HAL_UARTEx_RxEventCallback)
    HAL_UART_DMAStop                         0x08003f7d   Thumb Code   138  stm32f4xx_hal_uart.o(i.HAL_UART_DMAStop)
    HAL_UART_ErrorCallback                   0x08004007   Thumb Code     2  stm32f4xx_hal_uart.o(i.HAL_UART_ErrorCallback)
    HAL_UART_IRQHandler                      0x08004009   Thumb Code   770  stm32f4xx_hal_uart.o(i.HAL_UART_IRQHandler)
    HAL_UART_Init                            0x08004311   Thumb Code   118  stm32f4xx_hal_uart.o(i.HAL_UART_Init)
    HAL_UART_MspInit                         0x08004389   Thumb Code   324  usart.o(i.HAL_UART_MspInit)
    HAL_UART_Receive_DMA                     0x080044e9   Thumb Code    44  stm32f4xx_hal_uart.o(i.HAL_UART_Receive_DMA)
    HAL_UART_Receive_IT                      0x08004515   Thumb Code    44  stm32f4xx_hal_uart.o(i.HAL_UART_Receive_IT)
    HAL_UART_RxCpltCallback                  0x08004541   Thumb Code   268  main.o(i.HAL_UART_RxCpltCallback)
    HAL_UART_RxHalfCpltCallback              0x08004671   Thumb Code     2  stm32f4xx_hal_uart.o(i.HAL_UART_RxHalfCpltCallback)
    HAL_UART_Transmit                        0x08004673   Thumb Code   190  stm32f4xx_hal_uart.o(i.HAL_UART_Transmit)
    HAL_UART_TxCpltCallback                  0x08004731   Thumb Code     2  stm32f4xx_hal_uart.o(i.HAL_UART_TxCpltCallback)
    HardFault_Handler                        0x08004733   Thumb Code     4  stm32f4xx_it.o(i.HardFault_Handler)
    MX_ADC3_Init                             0x08004739   Thumb Code   100  adc.o(i.MX_ADC3_Init)
    MX_CAN1_Init                             0x080047a9   Thumb Code    66  can.o(i.MX_CAN1_Init)
    MX_DMA_Init                              0x080047f5   Thumb Code    50  dma.o(i.MX_DMA_Init)
    MX_GPIO_Init                             0x0800482d   Thumb Code   174  gpio.o(i.MX_GPIO_Init)
    MX_TIM6_Init                             0x080048e1   Thumb Code    66  tim.o(i.MX_TIM6_Init)
    MX_USART3_UART_Init                      0x0800492d   Thumb Code    52  usart.o(i.MX_USART3_UART_Init)
    MX_USART6_UART_Init                      0x0800496d   Thumb Code    46  usart.o(i.MX_USART6_UART_Init)
    MemManage_Handler                        0x080049a5   Thumb Code     4  stm32f4xx_it.o(i.MemManage_Handler)
    NMI_Handler                              0x080049a9   Thumb Code     4  stm32f4xx_it.o(i.NMI_Handler)
    PendSV_Handler                           0x080049ad   Thumb Code     2  stm32f4xx_it.o(i.PendSV_Handler)
    SVC_Handler                              0x080049af   Thumb Code     2  stm32f4xx_it.o(i.SVC_Handler)
    SysTick_Handler                          0x080049b1   Thumb Code     8  stm32f4xx_it.o(i.SysTick_Handler)
    SystemInit                               0x080049b9   Thumb Code    14  system_stm32f4xx.o(i.SystemInit)
    TIM6_DAC_IRQHandler                      0x080049cd   Thumb Code    14  stm32f4xx_it.o(i.TIM6_DAC_IRQHandler)
    TIM_Base_SetConfig                       0x080049e1   Thumb Code   178  stm32f4xx_hal_tim.o(i.TIM_Base_SetConfig)
    UART_Start_Receive_DMA                   0x08004ac1   Thumb Code   200  stm32f4xx_hal_uart.o(i.UART_Start_Receive_DMA)
    UART_Start_Receive_IT                    0x08004b95   Thumb Code    64  stm32f4xx_hal_uart.o(i.UART_Start_Receive_IT)
    USART3_IRQHandler                        0x08004bd5   Thumb Code    68  stm32f4xx_it.o(i.USART3_IRQHandler)
    USART6_IRQHandler                        0x08004c21   Thumb Code    10  stm32f4xx_it.o(i.USART6_IRQHandler)
    UsageFault_Handler                       0x08004c31   Thumb Code     4  stm32f4xx_it.o(i.UsageFault_Handler)
    Chassis_Init()                           0x08004c35   Thumb Code    48  chassis_task_3.o(i._Z12Chassis_Initv)
    CAN_Send_Data(CAN_HandleTypeDef*, unsigned short, unsigned char*, unsigned short) 0x08004c75   Thumb Code    40  drv_can_3.o(i._Z13CAN_Send_DataP17CAN_HandleTypeDeftPht)
    rc_processdata(unsigned char*)           0x08004c9d   Thumb Code   114  remote_3.o(i._Z14rc_processdataPh)
    SystemClock_Config()                     0x08004d15   Thumb Code   166  main.o(i._Z18SystemClock_Configv)
    Chassis_Loop_Handler()                   0x08004dc5   Thumb Code   670  chassis_task_3.o(i._Z20Chassis_Loop_Handlerv)
    CAN_Filter_Mask_Config(CAN_HandleTypeDef*, unsigned char, unsigned, unsigned) 0x080050ad   Thumb Code    86  drv_can_3.o(i._Z22CAN_Filter_Mask_ConfigP17CAN_HandleTypeDefhjj)
    TIM_CAN_PeriodElapsedCallback()          0x08005105   Thumb Code    20  drv_can_3.o(i._Z29TIM_CAN_PeriodElapsedCallbackv)
    offset(short)                            0x08005121   Thumb Code    10  remote_3.o(i._Z6offsets)
    rc_init()                                0x0800512d   Thumb Code   134  remote_3.o(i._Z7rc_initv)
    PID_Calc(PID_TypeDef*, float, float)     0x080051c5   Thumb Code   250  pid_3.o(i._Z8PID_CalcP11PID_TypeDefff)
    PID_Init(PID_TypeDef*, float, float, float, float, float) 0x080052c1   Thumb Code    50  pid_3.o(i._Z8PID_InitP11PID_TypeDeffffff)
    __ARM_fpclassify                         0x08005bad   Thumb Code    48  fpclassify.o(i.__ARM_fpclassify)
    __hardfp_atof                            0x08005be1   Thumb Code    44  atof.o(i.__hardfp_atof)
    __hardfp_ldexp                           0x08005c19   Thumb Code   200  ldexp.o(i.__hardfp_ldexp)
    __mathlib_dbl_overflow                   0x08005ce9   Thumb Code    24  dunder.o(i.__mathlib_dbl_overflow)
    __mathlib_dbl_underflow                  0x08005d09   Thumb Code    24  dunder.o(i.__mathlib_dbl_underflow)
    __mathlib_narrow                         0x08005d29   Thumb Code   166  narrow.o(i.__mathlib_narrow)
    __support_ldexp                          0x08005de1   Thumb Code    20  ldexp.o(i.__support_ldexp)
    _is_digit                                0x08005df5   Thumb Code    14  __printf_wp.o(i._is_digit)
    frexp                                    0x08005e09   Thumb Code   118  frexp.o(i.frexp)
    main                                     0x08005e95   Thumb Code   116  main.o(i.main)
    _get_lc_numeric                          0x08005f1d   Thumb Code    44  lc_numeric_c.o(locale$$code)
    _get_lc_ctype                            0x08005f49   Thumb Code    44  lc_ctype_c.o(locale$$code)
    __aeabi_d2f                              0x08005f75   Thumb Code     0  d2f.o(x$fpl$d2f)
    _d2f                                     0x08005f75   Thumb Code    98  d2f.o(x$fpl$d2f)
    __fpl_dcheck_NaN1                        0x08005fd9   Thumb Code    10  dcheck1.o(x$fpl$dcheck1)
    __fpl_dcmp_Inf                           0x08005fe9   Thumb Code    24  dcmpi.o(x$fpl$dcmpinf)
    __aeabi_cdcmpeq                          0x08006001   Thumb Code     0  deqf.o(x$fpl$deqf)
    _dcmpeq                                  0x08006001   Thumb Code   120  deqf.o(x$fpl$deqf)
    __aeabi_cdcmple                          0x08006079   Thumb Code     0  dleqf.o(x$fpl$dleqf)
    _dcmple                                  0x08006079   Thumb Code   120  dleqf.o(x$fpl$dleqf)
    __fpl_dcmple_InfNaN                      0x080060db   Thumb Code     0  dleqf.o(x$fpl$dleqf)
    __aeabi_dmul                             0x080060f1   Thumb Code     0  dmul.o(x$fpl$dmul)
    _dmul                                    0x080060f1   Thumb Code   332  dmul.o(x$fpl$dmul)
    __fpl_dnaninf                            0x08006245   Thumb Code   156  dnaninf.o(x$fpl$dnaninf)
    __fpl_dretinf                            0x080062e1   Thumb Code    12  dretinf.o(x$fpl$dretinf)
    __aeabi_cdrcmple                         0x080062ed   Thumb Code     0  drleqf.o(x$fpl$drleqf)
    _drcmple                                 0x080062ed   Thumb Code   108  drleqf.o(x$fpl$drleqf)
    __aeabi_f2d                              0x08006359   Thumb Code     0  f2d.o(x$fpl$f2d)
    _f2d                                     0x08006359   Thumb Code    86  f2d.o(x$fpl$f2d)
    __fpl_fnaninf                            0x080063af   Thumb Code   140  fnaninf.o(x$fpl$fnaninf)
    _fp_init                                 0x0800643b   Thumb Code    10  fpinit.o(x$fpl$fpinit)
    __fplib_config_fpu_vfp                   0x08006443   Thumb Code     0  fpinit.o(x$fpl$fpinit)
    __fplib_config_pureend_doubles           0x08006443   Thumb Code     0  fpinit.o(x$fpl$fpinit)
    __fpl_fretinf                            0x08006445   Thumb Code    10  fretinf.o(x$fpl$fretinf)
    _printf_fp_dec                           0x0800644f   Thumb Code     4  printf1.o(x$fpl$printf1)
    __fpl_return_NaN                         0x08006453   Thumb Code   100  retnan.o(x$fpl$retnan)
    __ARM_scalbn                             0x080064b7   Thumb Code    92  scalbn.o(x$fpl$scalbn)
    _scanf_real                              0x08006513   Thumb Code     4  scanf1.o(x$fpl$scanf1)
    _scanf_hex_real                          0x08006517   Thumb Code     4  scanf2.o(x$fpl$scanf2)
    _scanf_infnan                            0x0800651b   Thumb Code     4  scanf2.o(x$fpl$scanf2)
    __fpl_cmpreturn                          0x0800651f   Thumb Code    48  trapv.o(x$fpl$trapveneer)
    __I$use$fp                               0x0800654e   Number         0  usenofp.o(x$fpl$usenofp)
    AHBPrescTable                            0x08006556   Data          16  system_stm32f4xx.o(.constdata)
    APBPrescTable                            0x08006566   Data           8  system_stm32f4xx.o(.constdata)
    Region$$Table$$Base                      0x08006604   Number         0  anon$$obj.o(Region$$Table)
    Region$$Table$$Limit                     0x08006624   Number         0  anon$$obj.o(Region$$Table)
    __aeabi_HUGE_VAL                         0x08006624   Data           0  fpconst.o(c$$dinf)
    __aeabi_HUGE_VALL                        0x08006624   Data           0  fpconst.o(c$$dinf)
    __aeabi_INFINITY                         0x08006624   Data           0  fpconst.o(c$$dinf)
    __dInf                                   0x08006624   Data           0  fpconst.o(c$$dinf)
    __huge_val                               0x08006624   Data           0  fpconst.o(c$$dinf)
    __ctype                                  0x08006655   Data           0  lc_ctype_c.o(locale$$data)
    usart6_rx_buffer                         0x20000000   Data           1  main.o(.data)
    pid_cmd_index                            0x20000001   Data           1  main.o(.data)
    uwTick                                   0x20000004   Data           4  stm32f4xx_hal.o(.data)
    uwTickPrio                               0x20000008   Data           4  stm32f4xx_hal.o(.data)
    uwTickFreq                               0x2000000c   Data           1  stm32f4xx_hal.o(.data)
    SystemCoreClock                          0x20000010   Data           4  system_stm32f4xx.o(.data)
    CAN1_Manage_Object                       0x20000014   Data           8  drv_can_3.o(.data)
    CAN1_0x200_Tx_Data                       0x2000001c   Data           8  drv_can_3.o(.data)
    pData                                    0x20000024   Data           4  remote_3.o(.data)
    pid_cmd_buffer                           0x20000028   Data          50  main.o(.bss)
    hadc3                                    0x2000005c   Data          72  adc.o(.bss)
    hcan1                                    0x200000a4   Data          40  can.o(.bss)
    htim6                                    0x200000cc   Data          72  tim.o(.bss)
    huart3                                   0x20000114   Data          72  usart.o(.bss)
    huart6                                   0x2000015c   Data          72  usart.o(.bss)
    hdma_usart3_rx                           0x200001a4   Data          96  usart.o(.bss)
    pid_chassis                              0x20000204   Data         224  chassis_task_3.o(.bss)
    motor_chassis                            0x20000364   Data          24  drv_can_3.o(.bss)
    rxBuff                                   0x200003a0   Data          54  remote_3.o(.bss)
    rc                                       0x200003d6   Data          10  remote_3.o(.bss)
    __libspace_start                         0x200003e0   Data          96  libspace.o(.bss)
    __temporary_stack_top$libspace           0x20000440   Data           0  libspace.o(.bss)



==============================================================================

Memory Map of the image

  Image Entry point : 0x08000189

  Load Region LR_IROM1 (Base: 0x08000000, Size: 0x00006780, Max: 0x00100000, ABSOLUTE)

    Execution Region ER_IROM1 (Exec base: 0x08000000, Load base: 0x08000000, Size: 0x00006758, Max: 0x00100000, ABSOLUTE)

    Exec Addr    Load Addr    Size         Type   Attr      Idx    E Section Name        Object

    0x08000000   0x08000000   0x00000188   Data   RO            3    RESET               startup_stm32f407xx.o
    0x08000188   0x08000188   0x00000008   Code   RO         4618  * !!!main             c_w.l(__main.o)
    0x08000190   0x08000190   0x00000034   Code   RO         4969    !!!scatter          c_w.l(__scatter.o)
    0x080001c4   0x080001c4   0x0000001a   Code   RO         4971    !!handler_copy      c_w.l(__scatter_copy.o)
    0x080001de   0x080001de   0x00000002   PAD
    0x080001e0   0x080001e0   0x0000001c   Code   RO         4973    !!handler_zi        c_w.l(__scatter_zi.o)
    0x080001fc   0x080001fc   0x00000000   Code   RO         4609    .ARM.Collect$$_printf_percent$$00000000  c_w.l(_printf_percent.o)
    0x080001fc   0x080001fc   0x00000006   Code   RO         4608    .ARM.Collect$$_printf_percent$$00000003  c_w.l(_printf_f.o)
    0x08000202   0x08000202   0x00000004   Code   RO         4645    .ARM.Collect$$_printf_percent$$00000017  c_w.l(_printf_percent_end.o)
    0x08000206   0x08000206   0x00000002   Code   RO         4750    .ARM.Collect$$libinit$$00000000  c_w.l(libinit.o)
    0x08000208   0x08000208   0x00000004   Code   RO         4751    .ARM.Collect$$libinit$$00000001  c_w.l(libinit2.o)
    0x0800020c   0x0800020c   0x00000000   Code   RO         4754    .ARM.Collect$$libinit$$00000004  c_w.l(libinit2.o)
    0x0800020c   0x0800020c   0x00000000   Code   RO         4757    .ARM.Collect$$libinit$$0000000A  c_w.l(libinit2.o)
    0x0800020c   0x0800020c   0x00000000   Code   RO         4759    .ARM.Collect$$libinit$$0000000C  c_w.l(libinit2.o)
    0x0800020c   0x0800020c   0x00000000   Code   RO         4761    .ARM.Collect$$libinit$$0000000E  c_w.l(libinit2.o)
    0x0800020c   0x0800020c   0x00000006   Code   RO         4762    .ARM.Collect$$libinit$$0000000F  c_w.l(libinit2.o)
    0x08000212   0x08000212   0x00000000   Code   RO         4764    .ARM.Collect$$libinit$$00000011  c_w.l(libinit2.o)
    0x08000212   0x08000212   0x0000000c   Code   RO         4765    .ARM.Collect$$libinit$$00000012  c_w.l(libinit2.o)
    0x0800021e   0x0800021e   0x00000000   Code   RO         4766    .ARM.Collect$$libinit$$00000013  c_w.l(libinit2.o)
    0x0800021e   0x0800021e   0x00000000   Code   RO         4768    .ARM.Collect$$libinit$$00000015  c_w.l(libinit2.o)
    0x0800021e   0x0800021e   0x0000000a   Code   RO         4769    .ARM.Collect$$libinit$$00000016  c_w.l(libinit2.o)
    0x08000228   0x08000228   0x00000000   Code   RO         4770    .ARM.Collect$$libinit$$00000017  c_w.l(libinit2.o)
    0x08000228   0x08000228   0x00000000   Code   RO         4772    .ARM.Collect$$libinit$$00000019  c_w.l(libinit2.o)
    0x08000228   0x08000228   0x00000000   Code   RO         4774    .ARM.Collect$$libinit$$0000001B  c_w.l(libinit2.o)
    0x08000228   0x08000228   0x00000000   Code   RO         4776    .ARM.Collect$$libinit$$0000001D  c_w.l(libinit2.o)
    0x08000228   0x08000228   0x00000000   Code   RO         4778    .ARM.Collect$$libinit$$0000001F  c_w.l(libinit2.o)
    0x08000228   0x08000228   0x00000000   Code   RO         4780    .ARM.Collect$$libinit$$00000021  c_w.l(libinit2.o)
    0x08000228   0x08000228   0x00000000   Code   RO         4782    .ARM.Collect$$libinit$$00000023  c_w.l(libinit2.o)
    0x08000228   0x08000228   0x00000000   Code   RO         4784    .ARM.Collect$$libinit$$00000025  c_w.l(libinit2.o)
    0x08000228   0x08000228   0x00000000   Code   RO         4788    .ARM.Collect$$libinit$$0000002C  c_w.l(libinit2.o)
    0x08000228   0x08000228   0x00000000   Code   RO         4790    .ARM.Collect$$libinit$$0000002E  c_w.l(libinit2.o)
    0x08000228   0x08000228   0x00000000   Code   RO         4792    .ARM.Collect$$libinit$$00000030  c_w.l(libinit2.o)
    0x08000228   0x08000228   0x00000000   Code   RO         4794    .ARM.Collect$$libinit$$00000032  c_w.l(libinit2.o)
    0x08000228   0x08000228   0x00000002   Code   RO         4795    .ARM.Collect$$libinit$$00000033  c_w.l(libinit2.o)
    0x0800022a   0x0800022a   0x00000002   Code   RO         4880    .ARM.Collect$$libshutdown$$00000000  c_w.l(libshutdown.o)
    0x0800022c   0x0800022c   0x00000000   Code   RO         4921    .ARM.Collect$$libshutdown$$00000003  c_w.l(libshutdown2.o)
    0x0800022c   0x0800022c   0x00000000   Code   RO         4924    .ARM.Collect$$libshutdown$$00000006  c_w.l(libshutdown2.o)
    0x0800022c   0x0800022c   0x00000000   Code   RO         4927    .ARM.Collect$$libshutdown$$00000009  c_w.l(libshutdown2.o)
    0x0800022c   0x0800022c   0x00000000   Code   RO         4929    .ARM.Collect$$libshutdown$$0000000B  c_w.l(libshutdown2.o)
    0x0800022c   0x0800022c   0x00000000   Code   RO         4932    .ARM.Collect$$libshutdown$$0000000E  c_w.l(libshutdown2.o)
    0x0800022c   0x0800022c   0x00000002   Code   RO         4933    .ARM.Collect$$libshutdown$$0000000F  c_w.l(libshutdown2.o)
    0x0800022e   0x0800022e   0x00000000   Code   RO         4632    .ARM.Collect$$rtentry$$00000000  c_w.l(__rtentry.o)
    0x0800022e   0x0800022e   0x00000000   Code   RO         4658    .ARM.Collect$$rtentry$$00000002  c_w.l(__rtentry2.o)
    0x0800022e   0x0800022e   0x00000006   Code   RO         4670    .ARM.Collect$$rtentry$$00000004  c_w.l(__rtentry4.o)
    0x08000234   0x08000234   0x00000000   Code   RO         4660    .ARM.Collect$$rtentry$$00000009  c_w.l(__rtentry2.o)
    0x08000234   0x08000234   0x00000004   Code   RO         4661    .ARM.Collect$$rtentry$$0000000A  c_w.l(__rtentry2.o)
    0x08000238   0x08000238   0x00000000   Code   RO         4663    .ARM.Collect$$rtentry$$0000000C  c_w.l(__rtentry2.o)
    0x08000238   0x08000238   0x00000008   Code   RO         4664    .ARM.Collect$$rtentry$$0000000D  c_w.l(__rtentry2.o)
    0x08000240   0x08000240   0x00000002   Code   RO         4796    .ARM.Collect$$rtexit$$00000000  c_w.l(rtexit.o)
    0x08000242   0x08000242   0x00000000   Code   RO         4831    .ARM.Collect$$rtexit$$00000002  c_w.l(rtexit2.o)
    0x08000242   0x08000242   0x00000004   Code   RO         4832    .ARM.Collect$$rtexit$$00000003  c_w.l(rtexit2.o)
    0x08000246   0x08000246   0x00000006   Code   RO         4833    .ARM.Collect$$rtexit$$00000004  c_w.l(rtexit2.o)
    0x0800024c   0x0800024c   0x00000040   Code   RO            4    .text               startup_stm32f407xx.o
    0x0800028c   0x0800028c   0x000000ee   Code   RO         4580    .text               c_w.l(lludivv7m.o)
    0x0800037a   0x0800037a   0x00000002   PAD
    0x0800037c   0x0800037c   0x0000002c   Code   RO         4582    .text               c_w.l(__2sprintf.o)
    0x080003a8   0x080003a8   0x0000010e   Code   RO         4596    .text               c_w.l(__printf_wp.o)
    0x080004b6   0x080004b6   0x00000096   Code   RO         4610    .text               c_w.l(strncmp.o)
    0x0800054c   0x0800054c   0x00000064   Code   RO         4612    .text               c_w.l(rt_memcpy_w.o)
    0x080005b0   0x080005b0   0x0000004e   Code   RO         4614    .text               c_w.l(rt_memclr_w.o)
    0x080005fe   0x080005fe   0x00000006   Code   RO         4616    .text               c_w.l(heapauxi.o)
    0x08000604   0x08000604   0x00000016   Code   RO         4637    .text               c_w.l(_rserrno.o)
    0x0800061a   0x0800061a   0x0000041a   Code   RO         4639    .text               c_w.l(_printf_fp_dec.o)
    0x08000a34   0x08000a34   0x00000030   Code   RO         4641    .text               c_w.l(_printf_char_common.o)
    0x08000a64   0x08000a64   0x0000000a   Code   RO         4643    .text               c_w.l(_sputc.o)
    0x08000a6e   0x08000a6e   0x00000002   PAD
    0x08000a70   0x08000a70   0x000000a0   Code   RO         4646    .text               c_w.l(strtod.o)
    0x08000b10   0x08000b10   0x00000008   Code   RO         4677    .text               c_w.l(rt_locale_intlibspace.o)
    0x08000b18   0x08000b18   0x00000008   Code   RO         4682    .text               c_w.l(rt_errno_addr_intlibspace.o)
    0x08000b20   0x08000b20   0x0000008a   Code   RO         4684    .text               c_w.l(lludiv10.o)
    0x08000baa   0x08000baa   0x00000012   Code   RO         4686    .text               c_w.l(isspace.o)
    0x08000bbc   0x08000bbc   0x00000080   Code   RO         4688    .text               c_w.l(_printf_fp_infnan.o)
    0x08000c3c   0x08000c3c   0x00000040   Code   RO         4692    .text               c_w.l(_sgetc.o)
    0x08000c7c   0x08000c7c   0x000000dc   Code   RO         4694    .text               c_w.l(bigflt0.o)
    0x08000d58   0x08000d58   0x00000008   Code   RO         4728    .text               c_w.l(libspace.o)
    0x08000d60   0x08000d60   0x0000004a   Code   RO         4731    .text               c_w.l(sys_stackheap_outer.o)
    0x08000daa   0x08000daa   0x00000002   PAD
    0x08000dac   0x08000dac   0x00000010   Code   RO         4733    .text               c_w.l(rt_ctype_table.o)
    0x08000dbc   0x08000dbc   0x000004a4   Code   RO         4735    .text               c_w.l(scanf_fp.o)
    0x08001260   0x08001260   0x0000000c   Code   RO         4737    .text               c_w.l(exit.o)
    0x0800126c   0x0800126c   0x00000080   Code   RO         4743    .text               c_w.l(strcmpv7m.o)
    0x080012ec   0x080012ec   0x0000000c   Code   RO         4828    .text               c_w.l(sys_exit.o)
    0x080012f8   0x080012f8   0x00000318   Code   RO         4837    .text               c_w.l(scanf_hexfp.o)
    0x08001610   0x08001610   0x00000134   Code   RO         4839    .text               c_w.l(scanf_infnan.o)
    0x08001744   0x08001744   0x00000002   Code   RO         4863    .text               c_w.l(use_no_semi.o)
    0x08001746   0x08001746   0x00000000   Code   RO         4865    .text               c_w.l(indicate_semi.o)
    0x08001746   0x08001746   0x00000026   Code   RO         4868    .text               c_w.l(llshl.o)
    0x0800176c   0x0800176c   0x0000001c   Code   RO         4870    .text               c_w.l(_chval.o)
    0x08001788   0x08001788   0x0000003e   Code   RO         4697    CL$$btod_d2e        c_w.l(btod.o)
    0x080017c6   0x080017c6   0x00000046   Code   RO         4699    CL$$btod_d2e_denorm_low  c_w.l(btod.o)
    0x0800180c   0x0800180c   0x00000060   Code   RO         4698    CL$$btod_d2e_norm_op1  c_w.l(btod.o)
    0x0800186c   0x0800186c   0x00000338   Code   RO         4707    CL$$btod_div_common  c_w.l(btod.o)
    0x08001ba4   0x08001ba4   0x00000054   Code   RO         4705    CL$$btod_e2d        c_w.l(btod.o)
    0x08001bf8   0x08001bf8   0x000000c6   Code   RO         4704    CL$$btod_e2e        c_w.l(btod.o)
    0x08001cbe   0x08001cbe   0x00000028   Code   RO         4701    CL$$btod_ediv       c_w.l(btod.o)
    0x08001ce6   0x08001ce6   0x00000028   Code   RO         4703    CL$$btod_edivd      c_w.l(btod.o)
    0x08001d0e   0x08001d0e   0x00000028   Code   RO         4700    CL$$btod_emul       c_w.l(btod.o)
    0x08001d36   0x08001d36   0x00000028   Code   RO         4702    CL$$btod_emuld      c_w.l(btod.o)
    0x08001d5e   0x08001d5e   0x00000244   Code   RO         4706    CL$$btod_mult_common  c_w.l(btod.o)
    0x08001fa2   0x08001fa2   0x00000004   Code   RO          539    i.BusFault_Handler  stm32f4xx_it.o
    0x08001fa6   0x08001fa6   0x00000002   PAD
    0x08001fa8   0x08001fa8   0x00000010   Code   RO          540    i.CAN1_RX0_IRQHandler  stm32f4xx_it.o
    0x08001fb8   0x08001fb8   0x00000010   Code   RO          541    i.DMA1_Stream1_IRQHandler  stm32f4xx_it.o
    0x08001fc8   0x08001fc8   0x00000002   Code   RO          542    i.DebugMon_Handler  stm32f4xx_it.o
    0x08001fca   0x08001fca   0x00000006   Code   RO           13    i.Error_Handler     main.o
    0x08001fd0   0x08001fd0   0x0000018c   Code   RO          689    i.HAL_ADC_ConfigChannel  stm32f4xx_hal_adc.o
    0x0800215c   0x0800215c   0x00000068   Code   RO          698    i.HAL_ADC_Init      stm32f4xx_hal_adc.o
    0x080021c4   0x080021c4   0x0000007c   Code   RO          328    i.HAL_ADC_MspInit   adc.o
    0x08002240   0x08002240   0x0000002a   Code   RO         2372    i.HAL_CAN_ActivateNotification  stm32f4xx_hal_can.o
    0x0800226a   0x0800226a   0x0000014a   Code   RO         2373    i.HAL_CAN_AddTxMessage  stm32f4xx_hal_can.o
    0x080023b4   0x080023b4   0x00000120   Code   RO         2374    i.HAL_CAN_ConfigFilter  stm32f4xx_hal_can.o
    0x080024d4   0x080024d4   0x00000002   Code   RO         2377    i.HAL_CAN_ErrorCallback  stm32f4xx_hal_can.o
    0x080024d6   0x080024d6   0x00000194   Code   RO         2380    i.HAL_CAN_GetRxMessage  stm32f4xx_hal_can.o
    0x0800266a   0x0800266a   0x0000024e   Code   RO         2384    i.HAL_CAN_IRQHandler  stm32f4xx_hal_can.o
    0x080028b8   0x080028b8   0x00000174   Code   RO         2385    i.HAL_CAN_Init      stm32f4xx_hal_can.o
    0x08002a2c   0x08002a2c   0x00000094   Code   RO          373    i.HAL_CAN_MspInit   can.o
    0x08002ac0   0x08002ac0   0x00000002   Code   RO         2392    i.HAL_CAN_RxFifo0FullCallback  stm32f4xx_hal_can.o
    0x08002ac2   0x08002ac2   0x00000002   PAD
    0x08002ac4   0x08002ac4   0x000000a4   Code   RO         4319    i.HAL_CAN_RxFifo0MsgPendingCallback  drv_can_3.o
    0x08002b68   0x08002b68   0x00000002   Code   RO         2394    i.HAL_CAN_RxFifo1FullCallback  stm32f4xx_hal_can.o
    0x08002b6a   0x08002b6a   0x00000002   Code   RO         2395    i.HAL_CAN_RxFifo1MsgPendingCallback  stm32f4xx_hal_can.o
    0x08002b6c   0x08002b6c   0x00000002   Code   RO         2396    i.HAL_CAN_SleepCallback  stm32f4xx_hal_can.o
    0x08002b6e   0x08002b6e   0x0000005e   Code   RO         2397    i.HAL_CAN_Start     stm32f4xx_hal_can.o
    0x08002bcc   0x08002bcc   0x00000002   Code   RO         2399    i.HAL_CAN_TxMailbox0AbortCallback  stm32f4xx_hal_can.o
    0x08002bce   0x08002bce   0x00000002   Code   RO         2400    i.HAL_CAN_TxMailbox0CompleteCallback  stm32f4xx_hal_can.o
    0x08002bd0   0x08002bd0   0x00000002   Code   RO         2401    i.HAL_CAN_TxMailbox1AbortCallback  stm32f4xx_hal_can.o
    0x08002bd2   0x08002bd2   0x00000002   Code   RO         2402    i.HAL_CAN_TxMailbox1CompleteCallback  stm32f4xx_hal_can.o
    0x08002bd4   0x08002bd4   0x00000002   Code   RO         2403    i.HAL_CAN_TxMailbox2AbortCallback  stm32f4xx_hal_can.o
    0x08002bd6   0x08002bd6   0x00000002   Code   RO         2404    i.HAL_CAN_TxMailbox2CompleteCallback  stm32f4xx_hal_can.o
    0x08002bd8   0x08002bd8   0x00000002   Code   RO         2406    i.HAL_CAN_WakeUpFromRxMsgCallback  stm32f4xx_hal_can.o
    0x08002bda   0x08002bda   0x000000ac   Code   RO         1578    i.HAL_DMA_Abort     stm32f4xx_hal_dma.o
    0x08002c86   0x08002c86   0x00000028   Code   RO         1579    i.HAL_DMA_Abort_IT  stm32f4xx_hal_dma.o
    0x08002cae   0x08002cae   0x00000002   PAD
    0x08002cb0   0x08002cb0   0x00000240   Code   RO         1583    i.HAL_DMA_IRQHandler  stm32f4xx_hal_dma.o
    0x08002ef0   0x08002ef0   0x000000ec   Code   RO         1584    i.HAL_DMA_Init      stm32f4xx_hal_dma.o
    0x08002fdc   0x08002fdc   0x00000066   Code   RO         1587    i.HAL_DMA_Start     stm32f4xx_hal_dma.o
    0x08003042   0x08003042   0x00000092   Code   RO         1588    i.HAL_DMA_Start_IT  stm32f4xx_hal_dma.o
    0x080030d4   0x080030d4   0x00000028   Code   RO         2084    i.HAL_Delay         stm32f4xx_hal.o
    0x080030fc   0x080030fc   0x000001f0   Code   RO         1462    i.HAL_GPIO_Init     stm32f4xx_hal_gpio.o
    0x080032ec   0x080032ec   0x0000000c   Code   RO         2090    i.HAL_GetTick       stm32f4xx_hal.o
    0x080032f8   0x080032f8   0x00000018   Code   RO         2096    i.HAL_IncTick       stm32f4xx_hal.o
    0x08003310   0x08003310   0x0000003c   Code   RO         2097    i.HAL_Init          stm32f4xx_hal.o
    0x0800334c   0x0800334c   0x0000004c   Code   RO         2098    i.HAL_InitTick      stm32f4xx_hal.o
    0x08003398   0x08003398   0x00000044   Code   RO          663    i.HAL_MspInit       stm32f4xx_hal_msp.o
    0x080033dc   0x080033dc   0x00000028   Code   RO         1904    i.HAL_NVIC_EnableIRQ  stm32f4xx_hal_cortex.o
    0x08003404   0x08003404   0x0000007c   Code   RO         1910    i.HAL_NVIC_SetPriority  stm32f4xx_hal_cortex.o
    0x08003480   0x08003480   0x00000028   Code   RO         1911    i.HAL_NVIC_SetPriorityGrouping  stm32f4xx_hal_cortex.o
    0x080034a8   0x080034a8   0x00000184   Code   RO         1010    i.HAL_RCC_ClockConfig  stm32f4xx_hal_rcc.o
    0x0800362c   0x0800362c   0x0000000c   Code   RO         1015    i.HAL_RCC_GetHCLKFreq  stm32f4xx_hal_rcc.o
    0x08003638   0x08003638   0x00000020   Code   RO         1017    i.HAL_RCC_GetPCLK1Freq  stm32f4xx_hal_rcc.o
    0x08003658   0x08003658   0x00000020   Code   RO         1018    i.HAL_RCC_GetPCLK2Freq  stm32f4xx_hal_rcc.o
    0x08003678   0x08003678   0x000000b0   Code   RO         1019    i.HAL_RCC_GetSysClockFreq  stm32f4xx_hal_rcc.o
    0x08003728   0x08003728   0x0000049c   Code   RO         1022    i.HAL_RCC_OscConfig  stm32f4xx_hal_rcc.o
    0x08003bc4   0x08003bc4   0x00000034   Code   RO         1915    i.HAL_SYSTICK_Config  stm32f4xx_hal_cortex.o
    0x08003bf8   0x08003bf8   0x00000002   Code   RO         3477    i.HAL_TIMEx_BreakCallback  stm32f4xx_hal_tim_ex.o
    0x08003bfa   0x08003bfa   0x00000002   Code   RO         3478    i.HAL_TIMEx_CommutCallback  stm32f4xx_hal_tim_ex.o
    0x08003bfc   0x08003bfc   0x000000b4   Code   RO         3496    i.HAL_TIMEx_MasterConfigSynchronization  stm32f4xx_hal_tim_ex.o
    0x08003cb0   0x08003cb0   0x00000066   Code   RO         2643    i.HAL_TIM_Base_Init  stm32f4xx_hal_tim.o
    0x08003d16   0x08003d16   0x00000002   PAD
    0x08003d18   0x08003d18   0x00000044   Code   RO          443    i.HAL_TIM_Base_MspInit  tim.o
    0x08003d5c   0x08003d5c   0x000000a8   Code   RO         2648    i.HAL_TIM_Base_Start_IT  stm32f4xx_hal_tim.o
    0x08003e04   0x08003e04   0x00000002   Code   RO         2677    i.HAL_TIM_IC_CaptureCallback  stm32f4xx_hal_tim.o
    0x08003e06   0x08003e06   0x0000016c   Code   RO         2691    i.HAL_TIM_IRQHandler  stm32f4xx_hal_tim.o
    0x08003f72   0x08003f72   0x00000002   Code   RO         2694    i.HAL_TIM_OC_DelayElapsedCallback  stm32f4xx_hal_tim.o
    0x08003f74   0x08003f74   0x00000002   Code   RO         2721    i.HAL_TIM_PWM_PulseFinishedCallback  stm32f4xx_hal_tim.o
    0x08003f76   0x08003f76   0x00000002   Code   RO         2729    i.HAL_TIM_PeriodElapsedCallback  stm32f4xx_hal_tim.o
    0x08003f78   0x08003f78   0x00000002   Code   RO         2734    i.HAL_TIM_TriggerCallback  stm32f4xx_hal_tim.o
    0x08003f7a   0x08003f7a   0x00000002   Code   RO         3798    i.HAL_UARTEx_RxEventCallback  stm32f4xx_hal_uart.o
    0x08003f7c   0x08003f7c   0x0000008a   Code   RO         3810    i.HAL_UART_DMAStop  stm32f4xx_hal_uart.o
    0x08004006   0x08004006   0x00000002   Code   RO         3812    i.HAL_UART_ErrorCallback  stm32f4xx_hal_uart.o
    0x08004008   0x08004008   0x00000308   Code   RO         3815    i.HAL_UART_IRQHandler  stm32f4xx_hal_uart.o
    0x08004310   0x08004310   0x00000076   Code   RO         3816    i.HAL_UART_Init     stm32f4xx_hal_uart.o
    0x08004386   0x08004386   0x00000002   PAD
    0x08004388   0x08004388   0x00000160   Code   RO          488    i.HAL_UART_MspInit  usart.o
    0x080044e8   0x080044e8   0x0000002c   Code   RO         3820    i.HAL_UART_Receive_DMA  stm32f4xx_hal_uart.o
    0x08004514   0x08004514   0x0000002c   Code   RO         3821    i.HAL_UART_Receive_IT  stm32f4xx_hal_uart.o
    0x08004540   0x08004540   0x00000130   Code   RO           14    i.HAL_UART_RxCpltCallback  main.o
    0x08004670   0x08004670   0x00000002   Code   RO         3823    i.HAL_UART_RxHalfCpltCallback  stm32f4xx_hal_uart.o
    0x08004672   0x08004672   0x000000be   Code   RO         3824    i.HAL_UART_Transmit  stm32f4xx_hal_uart.o
    0x08004730   0x08004730   0x00000002   Code   RO         3827    i.HAL_UART_TxCpltCallback  stm32f4xx_hal_uart.o
    0x08004732   0x08004732   0x00000004   Code   RO          543    i.HardFault_Handler  stm32f4xx_it.o
    0x08004736   0x08004736   0x00000002   PAD
    0x08004738   0x08004738   0x00000070   Code   RO          329    i.MX_ADC3_Init      adc.o
    0x080047a8   0x080047a8   0x0000004c   Code   RO          374    i.MX_CAN1_Init      can.o
    0x080047f4   0x080047f4   0x00000038   Code   RO          417    i.MX_DMA_Init       dma.o
    0x0800482c   0x0800482c   0x000000b4   Code   RO          230    i.MX_GPIO_Init      gpio.o
    0x080048e0   0x080048e0   0x0000004c   Code   RO          444    i.MX_TIM6_Init      tim.o
    0x0800492c   0x0800492c   0x00000040   Code   RO          489    i.MX_USART3_UART_Init  usart.o
    0x0800496c   0x0800496c   0x00000038   Code   RO          490    i.MX_USART6_UART_Init  usart.o
    0x080049a4   0x080049a4   0x00000004   Code   RO          544    i.MemManage_Handler  stm32f4xx_it.o
    0x080049a8   0x080049a8   0x00000004   Code   RO          545    i.NMI_Handler       stm32f4xx_it.o
    0x080049ac   0x080049ac   0x00000002   Code   RO          546    i.PendSV_Handler    stm32f4xx_it.o
    0x080049ae   0x080049ae   0x00000002   Code   RO          547    i.SVC_Handler       stm32f4xx_it.o
    0x080049b0   0x080049b0   0x00000008   Code   RO          548    i.SysTick_Handler   stm32f4xx_it.o
    0x080049b8   0x080049b8   0x00000014   Code   RO         4222    i.SystemInit        system_stm32f4xx.o
    0x080049cc   0x080049cc   0x00000014   Code   RO          549    i.TIM6_DAC_IRQHandler  stm32f4xx_it.o
    0x080049e0   0x080049e0   0x000000e0   Code   RO         2736    i.TIM_Base_SetConfig  stm32f4xx_hal_tim.o
    0x08004ac0   0x08004ac0   0x000000d4   Code   RO         3829    i.UART_Start_Receive_DMA  stm32f4xx_hal_uart.o
    0x08004b94   0x08004b94   0x00000040   Code   RO         3830    i.UART_Start_Receive_IT  stm32f4xx_hal_uart.o
    0x08004bd4   0x08004bd4   0x0000004c   Code   RO          550    i.USART3_IRQHandler  stm32f4xx_it.o
    0x08004c20   0x08004c20   0x00000010   Code   RO          551    i.USART6_IRQHandler  stm32f4xx_it.o
    0x08004c30   0x08004c30   0x00000004   Code   RO          552    i.UsageFault_Handler  stm32f4xx_it.o
    0x08004c34   0x08004c34   0x00000040   Code   RO         4260    i._Z12Chassis_Initv  chassis_task_3.o
    0x08004c74   0x08004c74   0x00000028   Code   RO         4320    i._Z13CAN_Send_DataP17CAN_HandleTypeDeftPht  drv_can_3.o
    0x08004c9c   0x08004c9c   0x00000078   Code   RO         4531    i._Z14rc_processdataPh  remote_3.o
    0x08004d14   0x08004d14   0x000000b0   Code   RO           15    i._Z18SystemClock_Configv  main.o
    0x08004dc4   0x08004dc4   0x000002e8   Code   RO         4261    i._Z20Chassis_Loop_Handlerv  chassis_task_3.o
    0x080050ac   0x080050ac   0x00000056   Code   RO         4322    i._Z22CAN_Filter_Mask_ConfigP17CAN_HandleTypeDefhjj  drv_can_3.o
    0x08005102   0x08005102   0x00000002   PAD
    0x08005104   0x08005104   0x0000001c   Code   RO         4323    i._Z29TIM_CAN_PeriodElapsedCallbackv  drv_can_3.o
    0x08005120   0x08005120   0x0000000a   Code   RO         4532    i._Z6offsets        remote_3.o
    0x0800512a   0x0800512a   0x00000002   PAD
    0x0800512c   0x0800512c   0x00000098   Code   RO         4533    i._Z7rc_initv       remote_3.o
    0x080051c4   0x080051c4   0x000000fa   Code   RO         4499    i._Z8PID_CalcP11PID_TypeDefff  pid_3.o
    0x080052be   0x080052be   0x00000002   PAD
    0x080052c0   0x080052c0   0x00000038   Code   RO         4500    i._Z8PID_InitP11PID_TypeDeffffff  pid_3.o
    0x080052f8   0x080052f8   0x00000014   Code   RO         4262    i._ZN36_INTERNAL_14_chassis_task_c_f9b2303117Set_Motor_Tx_DataEPhhs  chassis_task_3.o
    0x0800530c   0x0800530c   0x00000160   Code   RO          713    i._ZN41_INTERNAL_19_stm32f4xx_hal_adc_c_52ef8f508ADC_InitEP17ADC_HandleTypeDef  stm32f4xx_hal_adc.o
    0x0800546c   0x0800546c   0x0000002c   Code   RO         1590    i._ZN41_INTERNAL_19_stm32f4xx_hal_dma_c_c25f65ec13DMA_SetConfigEP19__DMA_HandleTypeDefjjj  stm32f4xx_hal_dma.o
    0x08005498   0x08005498   0x000000aa   Code   RO         1591    i._ZN41_INTERNAL_19_stm32f4xx_hal_dma_c_c25f65ec18DMA_CheckFifoParamEP19__DMA_HandleTypeDef  stm32f4xx_hal_dma.o
    0x08005542   0x08005542   0x00000002   PAD
    0x08005544   0x08005544   0x00000034   Code   RO         1592    i._ZN41_INTERNAL_19_stm32f4xx_hal_dma_c_c25f65ec23DMA_CalcBaseAndBitshiftEP19__DMA_HandleTypeDef  stm32f4xx_hal_dma.o
    0x08005578   0x08005578   0x00000050   Code   RO         3831    i._ZN42_INTERNAL_20_stm32f4xx_hal_uart_c_d497114f13UART_DMAErrorEP19__DMA_HandleTypeDef  stm32f4xx_hal_uart.o
    0x080055c8   0x080055c8   0x0000022c   Code   RO         3832    i._ZN42_INTERNAL_20_stm32f4xx_hal_uart_c_d497114f14UART_SetConfigEP20__UART_HandleTypeDef  stm32f4xx_hal_uart.o
    0x080057f4   0x080057f4   0x000000fa   Code   RO         3833    i._ZN42_INTERNAL_20_stm32f4xx_hal_uart_c_d497114f15UART_Receive_ITEP20__UART_HandleTypeDef  stm32f4xx_hal_uart.o
    0x080058ee   0x080058ee   0x00000060   Code   RO         3834    i._ZN42_INTERNAL_20_stm32f4xx_hal_uart_c_d497114f16UART_Transmit_ITEP20__UART_HandleTypeDef  stm32f4xx_hal_uart.o
    0x0800594e   0x0800594e   0x00000024   Code   RO         3835    i._ZN42_INTERNAL_20_stm32f4xx_hal_uart_c_d497114f18UART_DMARxHalfCpltEP19__DMA_HandleTypeDef  stm32f4xx_hal_uart.o
    0x08005972   0x08005972   0x0000006c   Code   RO         3837    i._ZN42_INTERNAL_20_stm32f4xx_hal_uart_c_d497114f18UART_EndRxTransferEP20__UART_HandleTypeDef  stm32f4xx_hal_uart.o
    0x080059de   0x080059de   0x00000026   Code   RO         3838    i._ZN42_INTERNAL_20_stm32f4xx_hal_uart_c_d497114f18UART_EndTxTransferEP20__UART_HandleTypeDef  stm32f4xx_hal_uart.o
    0x08005a04   0x08005a04   0x000000b4   Code   RO         3839    i._ZN42_INTERNAL_20_stm32f4xx_hal_uart_c_d497114f19UART_DMAReceiveCpltEP19__DMA_HandleTypeDef  stm32f4xx_hal_uart.o
    0x08005ab8   0x08005ab8   0x00000020   Code   RO         3840    i._ZN42_INTERNAL_20_stm32f4xx_hal_uart_c_d497114f19UART_EndTransmit_ITEP20__UART_HandleTypeDef  stm32f4xx_hal_uart.o
    0x08005ad8   0x08005ad8   0x00000012   Code   RO         3841    i._ZN42_INTERNAL_20_stm32f4xx_hal_uart_c_d497114f20UART_DMAAbortOnErrorEP19__DMA_HandleTypeDef  stm32f4xx_hal_uart.o
    0x08005aea   0x08005aea   0x00000088   Code   RO         3847    i._ZN42_INTERNAL_20_stm32f4xx_hal_uart_c_d497114f27UART_WaitOnFlagUntilTimeoutEP20__UART_HandleTypeDefj10FlagStatusjj  stm32f4xx_hal_uart.o
    0x08005b72   0x08005b72   0x00000002   PAD
    0x08005b74   0x08005b74   0x00000028   Code   RO         1917    i._ZN44_INTERNAL_22_stm32f4xx_hal_cortex_c_2992dbc018__NVIC_SetPriorityE9IRQn_Typej  stm32f4xx_hal_cortex.o
    0x08005b9c   0x08005b9c   0x00000010   Code   RO         1918    i._ZN44_INTERNAL_22_stm32f4xx_hal_cortex_c_2992dbc026__NVIC_GetPriorityGroupingEv  stm32f4xx_hal_cortex.o
    0x08005bac   0x08005bac   0x00000030   Code   RO         4726    i.__ARM_fpclassify  m_wm.l(fpclassify.o)
    0x08005bdc   0x08005bdc   0x00000004   PAD
    0x08005be0   0x08005be0   0x00000038   Code   RO         4626    i.__hardfp_atof     m_wm.l(atof.o)
    0x08005c18   0x08005c18   0x000000d0   Code   RO         4887    i.__hardfp_ldexp    m_wm.l(ldexp.o)
    0x08005ce8   0x08005ce8   0x00000020   Code   RO         4940    i.__mathlib_dbl_overflow  m_wm.l(dunder.o)
    0x08005d08   0x08005d08   0x00000020   Code   RO         4942    i.__mathlib_dbl_underflow  m_wm.l(dunder.o)
    0x08005d28   0x08005d28   0x000000b8   Code   RO         4821    i.__mathlib_narrow  m_wm.l(narrow.o)
    0x08005de0   0x08005de0   0x00000014   Code   RO         4889    i.__support_ldexp   m_wm.l(ldexp.o)
    0x08005df4   0x08005df4   0x0000000e   Code   RO         4598    i._is_digit         c_w.l(__printf_wp.o)
    0x08005e02   0x08005e02   0x00000006   PAD
    0x08005e08   0x08005e08   0x0000008c   Code   RO         4855    i.frexp             m_wm.l(frexp.o)
    0x08005e94   0x08005e94   0x00000088   Code   RO           17    i.main              main.o
    0x08005f1c   0x08005f1c   0x0000002c   Code   RO         4720    locale$$code        c_w.l(lc_numeric_c.o)
    0x08005f48   0x08005f48   0x0000002c   Code   RO         4801    locale$$code        c_w.l(lc_ctype_c.o)
    0x08005f74   0x08005f74   0x00000062   Code   RO         4620    x$fpl$d2f           fz_wm.l(d2f.o)
    0x08005fd6   0x08005fd6   0x00000002   PAD
    0x08005fd8   0x08005fd8   0x00000010   Code   RO         4957    x$fpl$dcheck1       fz_wm.l(dcheck1.o)
    0x08005fe8   0x08005fe8   0x00000018   Code   RO         4881    x$fpl$dcmpinf       fz_wm.l(dcmpi.o)
    0x08006000   0x08006000   0x00000078   Code   RO         4849    x$fpl$deqf          fz_wm.l(deqf.o)
    0x08006078   0x08006078   0x00000078   Code   RO         4883    x$fpl$dleqf         fz_wm.l(dleqf.o)
    0x080060f0   0x080060f0   0x00000154   Code   RO         4885    x$fpl$dmul          fz_wm.l(dmul.o)
    0x08006244   0x08006244   0x0000009c   Code   RO         4648    x$fpl$dnaninf       fz_wm.l(dnaninf.o)
    0x080062e0   0x080062e0   0x0000000c   Code   RO         4650    x$fpl$dretinf       fz_wm.l(dretinf.o)
    0x080062ec   0x080062ec   0x0000006c   Code   RO         4851    x$fpl$drleqf        fz_wm.l(drleqf.o)
    0x08006358   0x08006358   0x00000056   Code   RO         4622    x$fpl$f2d           fz_wm.l(f2d.o)
    0x080063ae   0x080063ae   0x0000008c   Code   RO         4652    x$fpl$fnaninf       fz_wm.l(fnaninf.o)
    0x0800643a   0x0800643a   0x0000000a   Code   RO         4812    x$fpl$fpinit        fz_wm.l(fpinit.o)
    0x08006444   0x08006444   0x0000000a   Code   RO         4654    x$fpl$fretinf       fz_wm.l(fretinf.o)
    0x0800644e   0x0800644e   0x00000004   Code   RO         4624    x$fpl$printf1       fz_wm.l(printf1.o)
    0x08006452   0x08006452   0x00000064   Code   RO         4963    x$fpl$retnan        fz_wm.l(retnan.o)
    0x080064b6   0x080064b6   0x0000005c   Code   RO         4934    x$fpl$scalbn        fz_wm.l(scalbn.o)
    0x08006512   0x08006512   0x00000004   Code   RO         4724    x$fpl$scanf1        fz_wm.l(scanf1.o)
    0x08006516   0x08006516   0x00000008   Code   RO         4814    x$fpl$scanf2        fz_wm.l(scanf2.o)
    0x0800651e   0x0800651e   0x00000030   Code   RO         4965    x$fpl$trapveneer    fz_wm.l(trapv.o)
    0x0800654e   0x0800654e   0x00000000   Code   RO         4656    x$fpl$usenofp       fz_wm.l(usenofp.o)
    0x0800654e   0x0800654e   0x00000008   Data   RO         1608    .constdata          stm32f4xx_hal_dma.o
    0x08006556   0x08006556   0x00000018   Data   RO         4225    .constdata          system_stm32f4xx.o
    0x0800656e   0x0800656e   0x00000002   PAD
    0x08006570   0x08006570   0x00000094   Data   RO         4695    .constdata          c_w.l(bigflt0.o)
    0x08006604   0x08006604   0x00000020   Data   RO         4967    Region$$Table       anon$$obj.o
    0x08006624   0x08006624   0x00000008   Data   RO         4809    c$$dinf             fz_wm.l(fpconst.o)
    0x0800662c   0x0800662c   0x0000001c   Data   RO         4719    locale$$data        c_w.l(lc_numeric_c.o)
    0x08006648   0x08006648   0x00000110   Data   RO         4800    locale$$data        c_w.l(lc_ctype_c.o)


    Execution Region RW_IRAM1 (Exec base: 0x20000000, Load base: 0x08006758, Size: 0x00000a40, Max: 0x0001c000, ABSOLUTE)

    Exec Addr    Load Addr    Size         Type   Attr      Idx    E Section Name        Object

    0x20000000   0x08006758   0x00000002   Data   RW           24    .data               main.o
    0x20000002   0x0800675a   0x00000002   PAD
    0x20000004   0x0800675c   0x00000009   Data   RW         2131    .data               stm32f4xx_hal.o
    0x2000000d   0x08006765   0x00000003   PAD
    0x20000010   0x08006768   0x00000004   Data   RW         4226    .data               system_stm32f4xx.o
    0x20000014   0x0800676c   0x00000010   Data   RW         4332    .data               drv_can_3.o
    0x20000024   0x0800677c   0x00000004   Data   RW         4538    .data               remote_3.o
    0x20000028        -       0x00000032   Zero   RW           23    .bss                main.o
    0x2000005a   0x08006780   0x00000002   PAD
    0x2000005c        -       0x00000048   Zero   RW          333    .bss                adc.o
    0x200000a4        -       0x00000028   Zero   RW          378    .bss                can.o
    0x200000cc        -       0x00000048   Zero   RW          448    .bss                tim.o
    0x20000114        -       0x000000f0   Zero   RW          495    .bss                usart.o
    0x20000204        -       0x00000160   Zero   RW         4266    .bss                chassis_task_3.o
    0x20000364        -       0x0000003c   Zero   RW         4331    .bss                drv_can_3.o
    0x200003a0        -       0x00000040   Zero   RW         4537    .bss                remote_3.o
    0x200003e0        -       0x00000060   Zero   RW         4729    .bss                c_w.l(libspace.o)
    0x20000440        -       0x00000200   Zero   RW            2    HEAP                startup_stm32f407xx.o
    0x20000640        -       0x00000400   Zero   RW            1    STACK               startup_stm32f407xx.o


    Execution Region RW_IRAM2 (Exec base: 0x2001c000, Load base: 0x08006780, Size: 0x00000000, Max: 0x00004000, ABSOLUTE)

    **** No section assigned to this execution region ****


==============================================================================

Image component sizes


      Code (inc. data)   RO Data    RW Data    ZI Data      Debug   Object Name

       236         26          0          0         72       1913   adc.o
       224         24          0          0         40       1881   can.o
       828         90          0          0        352       4254   chassis_task_3.o
        56          6          0          0          0        950   dma.o
       318         26          0         16         60     577191   drv_can_3.o
       180          6          0          0          0     709995   gpio.o
       622         66          0          2         50     689488   main.o
       306          6          0          0          0       1806   pid_3.o
       282         24          0          4         64       2834   remote_3.o
        64         26        392          0       1536        852   startup_stm32f407xx.o
       212         36          0          9          0       9621   stm32f4xx_hal.o
       852         28          0          0          0       2935   stm32f4xx_hal_adc.o
      2144          4          0          0          0      14659   stm32f4xx_hal_can.o
       312         22          0          0          0      34355   stm32f4xx_hal_cortex.o
      1538         16          8          0          0       8042   stm32f4xx_hal_dma.o
       496         44          0          0          0       1624   stm32f4xx_hal_gpio.o
        68          4          0          0          0       1046   stm32f4xx_hal_msp.o
      1820         86          0          0          0       5832   stm32f4xx_hal_rcc.o
       868         76          0          0          0       6859   stm32f4xx_hal_tim.o
       184         30          0          0          0       2713   stm32f4xx_hal_tim_ex.o
      3124         28          0          0          0      18625   stm32f4xx_hal_uart.o
       178         32          0          0          0       7577   stm32f4xx_it.o
        20          6         24          4          0       1327   system_stm32f4xx.o
       144         18          0          0         72       1794   tim.o
       472         50          0          0        240       2686   usart.o

    ----------------------------------------------------------------------
     15570        780        458         40       2488    2110859   Object Totals
         0          0         32          0          0          0   (incl. Generated)
        22          0          2          5          2          0   (incl. Padding)

    ----------------------------------------------------------------------

      Code (inc. data)   RO Data    RW Data    ZI Data      Debug   Library Member Name

        44          6          0          0          0         84   __2sprintf.o
         8          0          0          0          0         68   __main.o
       284          0          0          0          0        156   __printf_wp.o
         0          0          0          0          0          0   __rtentry.o
        12          0          0          0          0          0   __rtentry2.o
         6          0          0          0          0          0   __rtentry4.o
        52          8          0          0          0          0   __scatter.o
        26          0          0          0          0          0   __scatter_copy.o
        28          0          0          0          0          0   __scatter_zi.o
        28          0          0          0          0         68   _chval.o
        48          6          0          0          0         96   _printf_char_common.o
         6          0          0          0          0          0   _printf_f.o
      1050          0          0          0          0        216   _printf_fp_dec.o
       128         16          0          0          0         84   _printf_fp_infnan.o
         0          0          0          0          0          0   _printf_percent.o
         4          0          0          0          0          0   _printf_percent_end.o
        22          0          0          0          0        100   _rserrno.o
        64          0          0          0          0         84   _sgetc.o
        10          0          0          0          0         68   _sputc.o
       220          4        148          0          0         96   bigflt0.o
      2074        132          0          0          0        940   btod.o
        12          0          0          0          0         72   exit.o
         6          0          0          0          0        152   heapauxi.o
         0          0          0          0          0          0   indicate_semi.o
        18          0          0          0          0         76   isspace.o
        44         10        272          0          0         76   lc_ctype_c.o
        44         10         28          0          0         76   lc_numeric_c.o
         2          0          0          0          0          0   libinit.o
        34          0          0          0          0          0   libinit2.o
         2          0          0          0          0          0   libshutdown.o
         2          0          0          0          0          0   libshutdown2.o
         8          4          0          0         96         68   libspace.o
        38          0          0          0          0         68   llshl.o
       138          0          0          0          0         80   lludiv10.o
       238          0          0          0          0        100   lludivv7m.o
        16          4          0          0          0         76   rt_ctype_table.o
         8          4          0          0          0         68   rt_errno_addr_intlibspace.o
         8          4          0          0          0         68   rt_locale_intlibspace.o
        78          0          0          0          0         80   rt_memclr_w.o
       100          0          0          0          0         80   rt_memcpy_w.o
         2          0          0          0          0          0   rtexit.o
        10          0          0          0          0          0   rtexit2.o
      1188         12          0          0          0        148   scanf_fp.o
       792         14          0          0          0        100   scanf_hexfp.o
       308         16          0          0          0        100   scanf_infnan.o
       128          0          0          0          0         68   strcmpv7m.o
       150          0          0          0          0         80   strncmp.o
       160         12          0          0          0        120   strtod.o
        12          4          0          0          0         68   sys_exit.o
        74          0          0          0          0         80   sys_stackheap_outer.o
         2          0          0          0          0         68   use_no_semi.o
        98          4          0          0          0        140   d2f.o
        16          4          0          0          0        116   dcheck1.o
        24          0          0          0          0        116   dcmpi.o
       120          4          0          0          0        140   deqf.o
       120          4          0          0          0        140   dleqf.o
       340         12          0          0          0        152   dmul.o
       156          4          0          0          0        140   dnaninf.o
        12          0          0          0          0        116   dretinf.o
       108          0          0          0          0        128   drleqf.o
        86          4          0          0          0        132   f2d.o
       140          4          0          0          0        132   fnaninf.o
         0          0          8          0          0          0   fpconst.o
        10          0          0          0          0        116   fpinit.o
        10          0          0          0          0        116   fretinf.o
         4          0          0          0          0        116   printf1.o
       100          0          0          0          0        116   retnan.o
        92          0          0          0          0        116   scalbn.o
         4          0          0          0          0        116   scanf1.o
         8          0          0          0          0        132   scanf2.o
        48          0          0          0          0        116   trapv.o
         0          0          0          0          0          0   usenofp.o
        56         12          0          0          0        132   atof.o
        64         16          0          0          0        248   dunder.o
        48          0          0          0          0        124   fpclassify.o
       140         22          0          0          0        132   frexp.o
       228          8          0          0          0        308   ldexp.o
       184         18          0          0          0        152   narrow.o

    ----------------------------------------------------------------------
      9972        382        456          0         96       7524   Library Totals
        20          0          0          0          0          0   (incl. Padding)

    ----------------------------------------------------------------------

      Code (inc. data)   RO Data    RW Data    ZI Data      Debug   Library Name

      7736        266        448          0         96       4032   c_w.l
      1496         40          8          0          0       2396   fz_wm.l
       720         76          0          0          0       1096   m_wm.l

    ----------------------------------------------------------------------
      9972        382        456          0         96       7524   Library Totals

    ----------------------------------------------------------------------

==============================================================================


      Code (inc. data)   RO Data    RW Data    ZI Data      Debug   

     25542       1162        914         40       2584    2101647   Grand Totals
     25542       1162        914         40       2584    2101647   ELF Image Totals
     25542       1162        914         40          0          0   ROM Totals

==============================================================================

    Total RO  Size (Code + RO Data)                26456 (  25.84kB)
    Total RW  Size (RW Data + ZI Data)              2624 (   2.56kB)
    Total ROM Size (Code + RO Data + RW Data)      26496 (  25.88kB)

==============================================================================

